CLI:      ./esm (esm 0.2.0)
built at: 3aa046d6568bc27e555e03c9e3d4408f791557ae (Merge remote-tracking branch 'origin/main')

[1mcomparator self-test[0m
  [32mok[0m   compare-output.py

[1mvalidate (62 documents)[0m
  [32mok[0m   ./components/activity_temporal.esm
  [32mok[0m   ./components/age_distribution.esm
  [32mok[0m   ./components/deteriorated_emission_rate.esm
  [32mok[0m   ./components/equipment_population.esm
  [32mok[0m   ./components/evap_operating_mode_distribution.esm
  [32mok[0m   ./components/evap_weighted_base_rate.esm
  [32mok[0m   ./components/exhaust_adjustment.esm
  [32mok[0m   ./components/exhaust_emission_factors.esm
  [32mok[0m   ./components/exhaust_rollup.esm
  [32mok[0m   ./components/fuel_effects.esm
  [32mok[0m   ./components/fuel_properties.esm
  [32mok[0m   ./components/geographic_allocation.esm
  [32mok[0m   ./components/growth_index.esm
  [32mok[0m   ./components/liquid_leaking_emissions.esm
  [32mok[0m   ./components/meteorology.esm
  [32mok[0m   ./components/movesoutput_aggregation.esm
  [32mok[0m   ./components/nr_air_toxics.esm
  [32mok[0m   ./components/nr_hc_speciation.esm
  [32mok[0m   ./components/onroad_energy_output.esm
  [32mok[0m   ./components/onroad_source_bin_distribution.esm
  [32mok[0m   ./components/onroad_source_hours.esm
  [32mok[0m   ./components/onroad_travel_fraction.esm
  [32mok[0m   ./components/rates_operating_mode_distribution.esm
  [32mok[0m   ./components/refueling_loss_rate.esm
  [32mok[0m   ./components/start_operating_mode_distribution.esm
  [32mok[0m   ./components/tank_fuel_venting.esm
  [32mok[0m   ./components/tank_temperature.esm
  [32mok[0m   ./fixtures/chain-so2-co2e-mechanism.esm
  [32mok[0m   ./fixtures/mixed-onroad.esm
  [32mok[0m   ./fixtures/nr-airtoxics-lawn-garden-county.esm
  [32mok[0m   ./fixtures/nr-logging-county.esm
  [32mok[0m   ./fixtures/process-airtoxics.esm
  [32mok[0m   ./fixtures/process-brakewear.esm
  [32mok[0m   ./fixtures/process-crankcase-running.esm
  [32mok[0m   ./fixtures/process-evap-fvv.esm
  [32mok[0m   ./fixtures/process-evap-leaks.esm
  [32mok[0m   ./fixtures/process-evap-permeation.esm
  [32mok[0m   ./fixtures/process-nox-speciation.esm
  [32mok[0m   ./fixtures/process-pm-exhaust.esm
  [32mok[0m   ./fixtures/process-refueling.esm
  [32mok[0m   ./fixtures/process-tirewear.esm
  [32mok[0m   ./gates/equijoin_driven.esm
  [32mok[0m   ./gates/equijoin_undriven_control.esm
  [32mok[0m   ./lib/adjustments.esm
  [32mok[0m   ./lib/co2_equivalent.esm
  [32mok[0m   ./lib/conversion.esm
  [32mok[0m   ./lib/drive_cycle.esm
  [32mok[0m   ./lib/emission_factors.esm
  [32mok[0m   ./lib/evaporative.esm
  [32mok[0m   ./lib/fuel_effects.esm
  [32mok[0m   ./lib/identifiers.esm
  [32mok[0m   ./lib/keys.esm
  [32mok[0m   ./lib/meteorology.esm
  [32mok[0m   ./lib/nonroad_speciation.esm
  [32mok[0m   ./lib/onroad_activity.esm
  [32mok[0m   ./lib/operating_mode.esm
  [32mok[0m   ./lib/population.esm
  [32mok[0m   ./lib/refueling.esm
  [32mok[0m   ./runs/evap_leaks_run.esm
  [32mok[0m   ./runs/micro_exhaust_run.esm
  [32mok[0m   ./runs/mixed_onroad_run.esm
  [32mok[0m   ./runs/nr_logging_county_run.esm

[1mconventions[0m
  62 documents, 5 rules, no violations

[1mdata sources[0m
  note: docs/findings/F18_control_float32_key_override.esm: S: 26 unprojected decimal-text column(s) not in float_columns — harmless while unread (medianLifeFullLoad, hoursUsedPerYear, hpAvg, tankSize, …)
  note: fixtures/chain-so2-co2e-mechanism.esm: at_sourcetypeyear: 2 unprojected decimal-text column(s) not in float_columns — harmless while unread (salesGrowthFactor, migrationrate)
  note: fixtures/chain-so2-co2e-mechanism.esm: at_sourcetypeage: 2 unprojected decimal-text column(s) not in float_columns — harmless while unread (survivalRate, functioningACFractionCV)
  note: fixtures/chain-so2-co2e-mechanism.esm: at_hpmsvtypeyear: 1 unprojected decimal-text column(s) not in float_columns — harmless while unread (VMTGrowthFactor)
  note: fixtures/chain-so2-co2e-mechanism.esm: at_samplevehiclepopulation: 1 unprojected decimal-text column(s) not in float_columns — harmless while unread (stmyFuelEngFraction)
  note: fixtures/chain-so2-co2e-mechanism.esm: at_county: 1 unprojected decimal-text column(s) not in float_columns — harmless while unread (barometricPressure)
  note: fixtures/chain-so2-co2e-mechanism.esm: at_fuelsupply: 1 unprojected decimal-text column(s) not in float_columns — harmless while unread (marketShareCV)
  note: fixtures/chain-so2-co2e-mechanism.esm: at_fuelformulation: 11 unprojected decimal-text column(s) not in float_columns — harmless while unread (RVP, aromaticContent, olefinContent, benzeneContent, …)
  note: fixtures/chain-so2-co2e-mechanism.esm: at_criteriaratio: 1 unprojected decimal-text column(s) not in float_columns — harmless while unread (ratioNoSulfur)
  note: fixtures/chain-so2-co2e-mechanism.esm: at_emissionratebyage: 3 unprojected decimal-text column(s) not in float_columns — harmless while unread (meanBaseRateCV, meanBaseRateIM, meanBaseRateIMCV)
  note: fixtures/chain-so2-co2e-mechanism.esm: at_fullacadjustment: 1 unprojected decimal-text column(s) not in float_columns — harmless while unread (fullACAdjustmentCV)
  note: fixtures/chain-so2-co2e-mechanism.esm: at_zonemonthhour: 3 unprojected decimal-text column(s) not in float_columns — harmless while unread (heatIndex, specificHumidity, molWaterFraction)
  note: fixtures/chain-so2-co2e-mechanism.esm: at_altcriteriaratio: 1 unprojected decimal-text column(s) not in float_columns — harmless while unread (ratioNoSulfur)
  note: fixtures/chain-so2-co2e-mechanism.esm: at_atrationongas: 1 unprojected decimal-text column(s) not in float_columns — harmless while unread (ATRatioCV)
  note: fixtures/chain-so2-co2e-mechanism.esm: at_emissionrate: 3 unprojected decimal-text column(s) not in float_columns — harmless while unread (meanBaseRateCV, meanBaseRateIM, meanBaseRateIMCV)
  note: fixtures/chain-so2-co2e-mechanism.esm: at_minorhapratio: 1 unprojected decimal-text column(s) not in float_columns — harmless while unread (atRatioCV)
  note: fixtures/chain-so2-co2e-mechanism.esm: at_pahgasratio: 1 unprojected decimal-text column(s) not in float_columns — harmless while unread (atRatioCV)
  note: fixtures/chain-so2-co2e-mechanism.esm: at_sulfateemissionrate: 1 unprojected decimal-text column(s) not in float_columns — harmless while unread (meanBaseRateCV)
  note: fixtures/mixed-onroad.esm: mo_sourcetypeyear: 2 unprojected decimal-text column(s) not in float_columns — harmless while unread (salesGrowthFactor, migrationrate)
  note: fixtures/mixed-onroad.esm: mo_sourcetypeage: 2 unprojected decimal-text column(s) not in float_columns — harmless while unread (survivalRate, functioningACFractionCV)
  note: fixtures/mixed-onroad.esm: mo_hpmsvtypeyear: 1 unprojected decimal-text column(s) not in float_columns — harmless while unread (VMTGrowthFactor)
  note: fixtures/mixed-onroad.esm: mo_samplevehiclepopulation: 1 unprojected decimal-text column(s) not in float_columns — harmless while unread (stmyFuelEngFraction)
  note: fixtures/mixed-onroad.esm: mo_emissionrate: 3 unprojected decimal-text column(s) not in float_columns — harmless while unread (meanBaseRateCV, meanBaseRateIM, meanBaseRateIMCV)
  note: fixtures/mixed-onroad.esm: mo_fullacadjustment: 1 unprojected decimal-text column(s) not in float_columns — harmless while unread (fullACAdjustmentCV)
  note: fixtures/mixed-onroad.esm: mo_zonemonthhour: 3 unprojected decimal-text column(s) not in float_columns — harmless while unread (heatIndex, specificHumidity, molWaterFraction)
  note: fixtures/nr-airtoxics-lawn-garden-county.esm: nr_airtoxics_lawn_garden_county_nrsourceusetype: 23 unprojected decimal-text column(s) not in float_columns — harmless while unread (tankSize, tankFillFrac, tankMetalFrac, hoseLength, …)
  note: fixtures/nr-airtoxics-lawn-garden-county.esm: nr_airtoxics_lawn_garden_county_nrmethanethcratio: 1 unprojected decimal-text column(s) not in float_columns — harmless while unread (CH4THCRatioCV)
  note: fixtures/nr-airtoxics-lawn-garden-county.esm: nr_airtoxics_lawn_garden_county_nrhcspeciation: 1 unprojected decimal-text column(s) not in float_columns — harmless while unread (speciationConstantCV)
  note: fixtures/nr-airtoxics-lawn-garden-county.esm: nr_airtoxics_lawn_garden_county_nratratio: 1 unprojected decimal-text column(s) not in float_columns — harmless while unread (atRatioCV)
  note: fixtures/nr-airtoxics-lawn-garden-county.esm: nr_airtoxics_lawn_garden_county_nrpahgasratio: 1 unprojected decimal-text column(s) not in float_columns — harmless while unread (atratioCV)
  note: fixtures/nr-airtoxics-lawn-garden-county.esm: nr_airtoxics_lawn_garden_county_nrpahparticleratio: 1 unprojected decimal-text column(s) not in float_columns — harmless while unread (atratioCV)
  note: fixtures/nr-airtoxics-lawn-garden-county.esm: nr_airtoxics_lawn_garden_county_nrdioxinemissionrate: 1 unprojected decimal-text column(s) not in float_columns — harmless while unread (meanBaseRateCV)
  note: fixtures/nr-airtoxics-lawn-garden-county.esm: nr_airtoxics_lawn_garden_county_nrmetalemissionrate: 1 unprojected decimal-text column(s) not in float_columns — harmless while unread (meanBaseRateCV)
  note: fixtures/nr-logging-county.esm: nr_logging_county_nrsourceusetype: 23 unprojected decimal-text column(s) not in float_columns — harmless while unread (tankSize, tankFillFrac, tankMetalFrac, hoseLength, …)
  note: fixtures/process-airtoxics.esm: at_sourcetypeyear: 2 unprojected decimal-text column(s) not in float_columns — harmless while unread (salesGrowthFactor, migrationrate)
  note: fixtures/process-airtoxics.esm: at_sourcetypeage: 2 unprojected decimal-text column(s) not in float_columns — harmless while unread (survivalRate, functioningACFractionCV)
  note: fixtures/process-airtoxics.esm: at_hpmsvtypeyear: 1 unprojected decimal-text column(s) not in float_columns — harmless while unread (VMTGrowthFactor)
  note: fixtures/process-airtoxics.esm: at_samplevehiclepopulation: 1 unprojected decimal-text column(s) not in float_columns — harmless while unread (stmyFuelEngFraction)
  note: fixtures/process-airtoxics.esm: at_county: 1 unprojected decimal-text column(s) not in float_columns — harmless while unread (barometricPressure)
  note: fixtures/process-airtoxics.esm: at_fuelsupply: 1 unprojected decimal-text column(s) not in float_columns — harmless while unread (marketShareCV)
  note: fixtures/process-airtoxics.esm: at_fuelformulation: 12 unprojected decimal-text column(s) not in float_columns — harmless while unread (RVP, sulfurLevel, aromaticContent, olefinContent, …)
  note: fixtures/process-airtoxics.esm: at_fuelsubtype: 3 unprojected decimal-text column(s) not in float_columns — harmless while unread (carbonContent, oxidationFraction, energyContent)
  note: fixtures/process-airtoxics.esm: at_criteriaratio: 1 unprojected decimal-text column(s) not in float_columns — harmless while unread (ratioNoSulfur)
  note: fixtures/process-airtoxics.esm: at_emissionratebyage: 3 unprojected decimal-text column(s) not in float_columns — harmless while unread (meanBaseRateCV, meanBaseRateIM, meanBaseRateIMCV)
  note: fixtures/process-airtoxics.esm: at_fullacadjustment: 1 unprojected decimal-text column(s) not in float_columns — harmless while unread (fullACAdjustmentCV)
  note: fixtures/process-airtoxics.esm: at_zonemonthhour: 3 unprojected decimal-text column(s) not in float_columns — harmless while unread (heatIndex, specificHumidity, molWaterFraction)
  note: fixtures/process-airtoxics.esm: at_altcriteriaratio: 1 unprojected decimal-text column(s) not in float_columns — harmless while unread (ratioNoSulfur)
  note: fixtures/process-airtoxics.esm: at_atrationongas: 1 unprojected decimal-text column(s) not in float_columns — harmless while unread (ATRatioCV)
  note: fixtures/process-brakewear.esm: bw_sourcetypeyear: 2 unprojected decimal-text column(s) not in float_columns — harmless while unread (salesGrowthFactor, migrationrate)
  note: fixtures/process-brakewear.esm: bw_sourcetypeage: 2 unprojected decimal-text column(s) not in float_columns — harmless while unread (survivalRate, functioningACFractionCV)
  note: fixtures/process-brakewear.esm: bw_hpmsvtypeyear: 1 unprojected decimal-text column(s) not in float_columns — harmless while unread (VMTGrowthFactor)
  note: fixtures/process-brakewear.esm: bw_samplevehiclepopulation: 1 unprojected decimal-text column(s) not in float_columns — harmless while unread (stmyFuelEngFraction)
  note: fixtures/process-brakewear.esm: bw_emissionrate: 3 unprojected decimal-text column(s) not in float_columns — harmless while unread (meanBaseRateCV, meanBaseRateIM, meanBaseRateIMCV)
  note: fixtures/process-brakewear.esm: bw_fullacadjustment: 1 unprojected decimal-text column(s) not in float_columns — harmless while unread (fullACAdjustmentCV)
  note: fixtures/process-brakewear.esm: bw_zonemonthhour: 3 unprojected decimal-text column(s) not in float_columns — harmless while unread (heatIndex, specificHumidity, molWaterFraction)
  note: fixtures/process-crankcase-running.esm: cc_sourcetypeyear: 2 unprojected decimal-text column(s) not in float_columns — harmless while unread (salesGrowthFactor, migrationrate)
  note: fixtures/process-crankcase-running.esm: cc_sourcetypeage: 2 unprojected decimal-text column(s) not in float_columns — harmless while unread (survivalRate, functioningACFractionCV)
  note: fixtures/process-crankcase-running.esm: cc_hpmsvtypeyear: 1 unprojected decimal-text column(s) not in float_columns — harmless while unread (VMTGrowthFactor)
  note: fixtures/process-crankcase-running.esm: cc_samplevehiclepopulation: 1 unprojected decimal-text column(s) not in float_columns — harmless while unread (stmyFuelEngFraction)
  note: fixtures/process-crankcase-running.esm: cc_fuelsupply: 1 unprojected decimal-text column(s) not in float_columns — harmless while unread (marketShareCV)
  note: fixtures/process-crankcase-running.esm: cc_fuelformulation: 17 unprojected decimal-text column(s) not in float_columns — harmless while unread (RVP, sulfurLevel, ETOHVolume, MTBEVolume, …)
  note: fixtures/process-crankcase-running.esm: cc_fuelsubtype: 3 unprojected decimal-text column(s) not in float_columns — harmless while unread (carbonContent, oxidationFraction, energyContent)
  note: fixtures/process-crankcase-running.esm: cc_criteriaratio: 1 unprojected decimal-text column(s) not in float_columns — harmless while unread (ratioNoSulfur)
  note: fixtures/process-crankcase-running.esm: cc_emissionratebyage: 3 unprojected decimal-text column(s) not in float_columns — harmless while unread (meanBaseRateCV, meanBaseRateIM, meanBaseRateIMCV)
  note: fixtures/process-crankcase-running.esm: cc_fullacadjustment: 1 unprojected decimal-text column(s) not in float_columns — harmless while unread (fullACAdjustmentCV)
  note: fixtures/process-crankcase-running.esm: cc_zonemonthhour: 3 unprojected decimal-text column(s) not in float_columns — harmless while unread (heatIndex, specificHumidity, molWaterFraction)
  note: fixtures/process-crankcase-running.esm: cc_crankcaseemissionratio: 1 unprojected decimal-text column(s) not in float_columns — harmless while unread (crankcaseRatioCV)
  note: fixtures/process-evap-fvv.esm: efv_sourcetypeyear: 2 unprojected decimal-text column(s) not in float_columns — harmless while unread (salesGrowthFactor, migrationrate)
  note: fixtures/process-evap-fvv.esm: efv_sourcetypeage: 3 unprojected decimal-text column(s) not in float_columns — harmless while unread (survivalRate, functioningACFraction, functioningACFractionCV)
  note: fixtures/process-evap-fvv.esm: efv_hpmsvtypeyear: 1 unprojected decimal-text column(s) not in float_columns — harmless while unread (VMTGrowthFactor)
  note: fixtures/process-evap-fvv.esm: efv_samplevehiclepopulation: 1 unprojected decimal-text column(s) not in float_columns — harmless while unread (stmyFuelEngFraction)
  note: fixtures/process-evap-fvv.esm: efv_emissionratebyage: 2 unprojected decimal-text column(s) not in float_columns — harmless while unread (meanBaseRateCV, meanBaseRateIMCV)
  note: fixtures/process-evap-fvv.esm: efv_fueltype: 1 unprojected decimal-text column(s) not in float_columns — harmless while unread (fuelDensity)
  note: fixtures/process-evap-fvv.esm: efv_fuelsupply: 1 unprojected decimal-text column(s) not in float_columns — harmless while unread (marketShareCV)
  note: fixtures/process-evap-fvv.esm: efv_fuelformulation: 15 unprojected decimal-text column(s) not in float_columns — harmless while unread (sulfurLevel, MTBEVolume, ETBEVolume, TAMEVolume, …)
  note: fixtures/process-evap-fvv.esm: efv_fuelsubtype: 3 unprojected decimal-text column(s) not in float_columns — harmless while unread (carbonContent, oxidationFraction, energyContent)
  note: fixtures/process-evap-fvv.esm: efv_zonemonthhour: 1 unprojected decimal-text column(s) not in float_columns — harmless while unread (relHumidity)
  note: fixtures/process-evap-leaks.esm: evl_sourcetypeyear: 2 unprojected decimal-text column(s) not in float_columns — harmless while unread (salesGrowthFactor, migrationrate)
  note: fixtures/process-evap-leaks.esm: evl_sourcetypeage: 3 unprojected decimal-text column(s) not in float_columns — harmless while unread (survivalRate, functioningACFraction, functioningACFractionCV)
  note: fixtures/process-evap-leaks.esm: evl_hpmsvtypeyear: 1 unprojected decimal-text column(s) not in float_columns — harmless while unread (VMTGrowthFactor)
  note: fixtures/process-evap-leaks.esm: evl_samplevehiclepopulation: 1 unprojected decimal-text column(s) not in float_columns — harmless while unread (stmyFuelEngFraction)
  note: fixtures/process-evap-leaks.esm: evl_emissionratebyage: 2 unprojected decimal-text column(s) not in float_columns — harmless while unread (meanBaseRateCV, meanBaseRateIMCV)
  note: fixtures/process-evap-leaks.esm: evl_fueltype: 1 unprojected decimal-text column(s) not in float_columns — harmless while unread (fuelDensity)
  note: fixtures/process-evap-permeation.esm: evp_sourcetypeyear: 2 unprojected decimal-text column(s) not in float_columns — harmless while unread (salesGrowthFactor, migrationrate)
  note: fixtures/process-evap-permeation.esm: evp_sourcetypeage: 3 unprojected decimal-text column(s) not in float_columns — harmless while unread (survivalRate, functioningACFraction, functioningACFractionCV)
  note: fixtures/process-evap-permeation.esm: evp_hpmsvtypeyear: 1 unprojected decimal-text column(s) not in float_columns — harmless while unread (VMTGrowthFactor)
  note: fixtures/process-evap-permeation.esm: evp_samplevehiclepopulation: 1 unprojected decimal-text column(s) not in float_columns — harmless while unread (stmyFuelEngFraction)
  note: fixtures/process-evap-permeation.esm: evp_emissionratebyage: 3 unprojected decimal-text column(s) not in float_columns — harmless while unread (meanBaseRateCV, meanBaseRateIM, meanBaseRateIMCV)
  note: fixtures/process-evap-permeation.esm: evp_fueltype: 1 unprojected decimal-text column(s) not in float_columns — harmless while unread (fuelDensity)
  note: fixtures/process-evap-permeation.esm: evp_county: 1 unprojected decimal-text column(s) not in float_columns — harmless while unread (barometricPressure)
  note: fixtures/process-evap-permeation.esm: evp_temperatureadjustment: 1 unprojected decimal-text column(s) not in float_columns — harmless while unread (tempAdjustTermC)
  note: fixtures/process-evap-permeation.esm: evp_etohbin: 1 unprojected decimal-text column(s) not in float_columns — harmless while unread (etohNominalValue)
  note: fixtures/process-evap-permeation.esm: evp_fuelsupply: 1 unprojected decimal-text column(s) not in float_columns — harmless while unread (marketShareCV)
  note: fixtures/process-evap-permeation.esm: evp_fuelformulation: 16 unprojected decimal-text column(s) not in float_columns — harmless while unread (RVP, sulfurLevel, MTBEVolume, ETBEVolume, …)
  note: fixtures/process-evap-permeation.esm: evp_fuelsubtype: 3 unprojected decimal-text column(s) not in float_columns — harmless while unread (carbonContent, oxidationFraction, energyContent)
  note: fixtures/process-evap-permeation.esm: evp_movesoutput: 1 unprojected decimal-text column(s) not in float_columns — harmless while unread (emissionQuant)
  note: fixtures/process-nox-speciation.esm: nox_sourcetypeyear: 2 unprojected decimal-text column(s) not in float_columns — harmless while unread (salesGrowthFactor, migrationrate)
  note: fixtures/process-nox-speciation.esm: nox_sourcetypeage: 2 unprojected decimal-text column(s) not in float_columns — harmless while unread (survivalRate, functioningACFractionCV)
  note: fixtures/process-nox-speciation.esm: nox_hpmsvtypeyear: 1 unprojected decimal-text column(s) not in float_columns — harmless while unread (VMTGrowthFactor)
  note: fixtures/process-nox-speciation.esm: nox_samplevehiclepopulation: 1 unprojected decimal-text column(s) not in float_columns — harmless while unread (stmyFuelEngFraction)
  note: fixtures/process-nox-speciation.esm: nox_emissionratebyage: 3 unprojected decimal-text column(s) not in float_columns — harmless while unread (meanBaseRateCV, meanBaseRateIM, meanBaseRateIMCV)
  note: fixtures/process-nox-speciation.esm: nox_fullacadjustment: 1 unprojected decimal-text column(s) not in float_columns — harmless while unread (fullACAdjustmentCV)
  note: fixtures/process-nox-speciation.esm: nox_zonemonthhour: 3 unprojected decimal-text column(s) not in float_columns — harmless while unread (heatIndex, specificHumidity, molWaterFraction)
  note: fixtures/process-nox-speciation.esm: nox_nono2ratio: 1 unprojected decimal-text column(s) not in float_columns — harmless while unread (NOxRatioCV)
  note: fixtures/process-nox-speciation.esm: nox_criteriaratio: 1 unprojected decimal-text column(s) not in float_columns — harmless while unread (ratioNoSulfur)
  note: fixtures/process-nox-speciation.esm: nox_fuelsupply: 1 unprojected decimal-text column(s) not in float_columns — harmless while unread (marketShareCV)
  note: fixtures/process-nox-speciation.esm: nox_fuelformulation: 17 unprojected decimal-text column(s) not in float_columns — harmless while unread (RVP, sulfurLevel, ETOHVolume, MTBEVolume, …)
  note: fixtures/process-nox-speciation.esm: nox_fuelsubtype: 3 unprojected decimal-text column(s) not in float_columns — harmless while unread (carbonContent, oxidationFraction, energyContent)
  note: fixtures/process-pm-exhaust.esm: pm_sourcetypeyear: 2 unprojected decimal-text column(s) not in float_columns — harmless while unread (salesGrowthFactor, migrationrate)
  note: fixtures/process-pm-exhaust.esm: pm_sourcetypeage: 2 unprojected decimal-text column(s) not in float_columns — harmless while unread (survivalRate, functioningACFractionCV)
  note: fixtures/process-pm-exhaust.esm: pm_hpmsvtypeyear: 1 unprojected decimal-text column(s) not in float_columns — harmless while unread (VMTGrowthFactor)
  note: fixtures/process-pm-exhaust.esm: pm_samplevehiclepopulation: 1 unprojected decimal-text column(s) not in float_columns — harmless while unread (stmyFuelEngFraction)
  note: fixtures/process-pm-exhaust.esm: pm_county: 1 unprojected decimal-text column(s) not in float_columns — harmless while unread (barometricPressure)
  note: fixtures/process-pm-exhaust.esm: pm_fuelsupply: 1 unprojected decimal-text column(s) not in float_columns — harmless while unread (marketShareCV)
  note: fixtures/process-pm-exhaust.esm: pm_fuelformulation: 16 unprojected decimal-text column(s) not in float_columns — harmless while unread (RVP, ETOHVolume, MTBEVolume, ETBEVolume, …)
  note: fixtures/process-pm-exhaust.esm: pm_fuelsubtype: 3 unprojected decimal-text column(s) not in float_columns — harmless while unread (carbonContent, oxidationFraction, energyContent)
  note: fixtures/process-pm-exhaust.esm: pm_emissionratebyage: 3 unprojected decimal-text column(s) not in float_columns — harmless while unread (meanBaseRateCV, meanBaseRateIM, meanBaseRateIMCV)
  note: fixtures/process-pm-exhaust.esm: pm_zonemonthhour: 3 unprojected decimal-text column(s) not in float_columns — harmless while unread (heatIndex, specificHumidity, molWaterFraction)
  note: fixtures/process-pm-exhaust.esm: pm_crankcaseemissionratio: 1 unprojected decimal-text column(s) not in float_columns — harmless while unread (crankcaseRatioCV)
  note: fixtures/process-pm-exhaust.esm: pm_pm10emissionratio: 1 unprojected decimal-text column(s) not in float_columns — harmless while unread (PM10PM25RatioCV)
  note: fixtures/process-refueling.esm: rf_sourcetypeyear: 2 unprojected decimal-text column(s) not in float_columns — harmless while unread (salesGrowthFactor, migrationrate)
  note: fixtures/process-refueling.esm: rf_sourcetypeage: 2 unprojected decimal-text column(s) not in float_columns — harmless while unread (survivalRate, functioningACFractionCV)
  note: fixtures/process-refueling.esm: rf_hpmsvtypeyear: 1 unprojected decimal-text column(s) not in float_columns — harmless while unread (VMTGrowthFactor)
  note: fixtures/process-refueling.esm: rf_samplevehiclepopulation: 1 unprojected decimal-text column(s) not in float_columns — harmless while unread (stmyFuelEngFraction)
  note: fixtures/process-refueling.esm: rf_emissionrate: 3 unprojected decimal-text column(s) not in float_columns — harmless while unread (meanBaseRateCV, meanBaseRateIM, meanBaseRateIMCV)
  note: fixtures/process-refueling.esm: rf_fullacadjustment: 1 unprojected decimal-text column(s) not in float_columns — harmless while unread (fullACAdjustmentCV)
  note: fixtures/process-refueling.esm: rf_zonemonthhour: 3 unprojected decimal-text column(s) not in float_columns — harmless while unread (heatIndex, specificHumidity, molWaterFraction)
  note: fixtures/process-refueling.esm: rf_refuelingfactors: 2 unprojected decimal-text column(s) not in float_columns — harmless while unread (refuelingSpillRateCV, displacedVaporRateCV)
  note: fixtures/process-refueling.esm: rf_fuelsupply: 1 unprojected decimal-text column(s) not in float_columns — harmless while unread (marketShareCV)
  note: fixtures/process-refueling.esm: rf_fuelformulation: 16 unprojected decimal-text column(s) not in float_columns — harmless while unread (sulfurLevel, ETOHVolume, MTBEVolume, ETBEVolume, …)
  note: fixtures/process-refueling.esm: rf_fuelsubtype: 2 unprojected decimal-text column(s) not in float_columns — harmless while unread (carbonContent, oxidationFraction)
  note: fixtures/process-tirewear.esm: tw_sourcetypeyear: 2 unprojected decimal-text column(s) not in float_columns — harmless while unread (salesGrowthFactor, migrationrate)
  note: fixtures/process-tirewear.esm: tw_sourcetypeage: 2 unprojected decimal-text column(s) not in float_columns — harmless while unread (survivalRate, functioningACFractionCV)
  note: fixtures/process-tirewear.esm: tw_hpmsvtypeyear: 1 unprojected decimal-text column(s) not in float_columns — harmless while unread (VMTGrowthFactor)
  note: fixtures/process-tirewear.esm: tw_samplevehiclepopulation: 1 unprojected decimal-text column(s) not in float_columns — harmless while unread (stmyFuelEngFraction)
  note: fixtures/process-tirewear.esm: tw_emissionrate: 3 unprojected decimal-text column(s) not in float_columns — harmless while unread (meanBaseRateCV, meanBaseRateIM, meanBaseRateIMCV)
  note: fixtures/process-tirewear.esm: tw_fullacadjustment: 1 unprojected decimal-text column(s) not in float_columns — harmless while unread (fullACAdjustmentCV)
  note: fixtures/process-tirewear.esm: tw_zonemonthhour: 3 unprojected decimal-text column(s) not in float_columns — harmless while unread (heatIndex, specificHumidity, molWaterFraction)
  17 catalog(s), 691 source(s), all files and columns present

[1mcalculator coverage[0m
checked 17 specifications against 65 MOVES modules (35 live)

[1mtest (./components ./lib ./runs)[0m
  
  ================ ESM inline-test summary ================
  Files discovered: 46
  Assertions:       913
  Mounted:          19 (esm-spec §6.6 — a mounted component's inline tests are not run here; they run when its own file is a test target)
    - ./runs/evap_leaks_run.esm :: OpModes ← ../components/evap_operating_mode_distribution.esm
    - ./runs/evap_leaks_run.esm :: Rates ← ../components/evap_weighted_base_rate.esm
    - ./runs/evap_leaks_run.esm :: Emissions ← ../components/liquid_leaking_emissions.esm
    - ./runs/micro_exhaust_run.esm :: Rates ← ../components/deteriorated_emission_rate.esm
    - ./runs/micro_exhaust_run.esm :: Adjust ← ../components/exhaust_adjustment.esm
    - ./runs/mixed_onroad_run.esm :: Travel ← ../components/onroad_travel_fraction.esm
    - ./runs/mixed_onroad_run.esm :: Activity ← ../components/onroad_source_hours.esm
    - ./runs/mixed_onroad_run.esm :: Cohorts ← ../components/onroad_source_bin_distribution.esm
    - ./runs/mixed_onroad_run.esm :: Output ← ../components/onroad_energy_output.esm
    - ./runs/nr_logging_county_run.esm :: Geography ← ../components/geographic_allocation.esm
    - ./runs/nr_logging_county_run.esm :: Population ← ../components/equipment_population.esm
    - ./runs/nr_logging_county_run.esm :: Growth ← ../components/growth_index.esm
    - ./runs/nr_logging_county_run.esm :: Age ← ../components/age_distribution.esm
    - ./runs/nr_logging_county_run.esm :: Activity ← ../components/activity_temporal.esm
    - ./runs/nr_logging_county_run.esm :: Factors ← ../components/exhaust_emission_factors.esm
    - ./runs/nr_logging_county_run.esm :: Adjust ← ../components/exhaust_adjustment.esm
    - ./runs/nr_logging_county_run.esm :: Fuel ← ../components/fuel_properties.esm
    - ./runs/nr_logging_county_run.esm :: Rollup ← ../components/exhaust_rollup.esm
    - ./runs/nr_logging_county_run.esm :: Output ← ../components/movesoutput_aggregation.esm
    file                                                 pass   fail    err
    ---------------------------------------------------------------------------
    ./components/activity_temporal.esm                     21      0      0
    ./components/age_distribution.esm                      55      0      0
    ./components/deteriorated_emission_rate.esm            10      0      0
    ./components/equipment_population.esm                  10      0      0
    ./components/evap_operating_mode_distribution.esm      17      0      0
    ./components/evap_weighted_base_rate.esm               27      0      0
    ./components/exhaust_adjustment.esm                    20      0      0
    ./components/exhaust_emission_factors.esm              34      0      0
    ./components/exhaust_rollup.esm                        25      0      0
    ./components/fuel_effects.esm                          43      0      0
    ./components/fuel_properties.esm                       18      0      0
    ./components/geographic_allocation.esm                 20      0      0
    ./components/growth_index.esm                          25      0      0
    ./components/liquid_leaking_emissions.esm              37      0      0
    ./components/meteorology.esm                           42      0      0
    ./components/movesoutput_aggregation.esm               59      0      0
    ./components/nr_air_toxics.esm                         36      0      0
    ./components/nr_hc_speciation.esm                      33      0      0
    ./components/onroad_energy_output.esm                  55      0      0
    ./components/onroad_source_bin_distribution.esm        36      0      0
    ./components/onroad_source_hours.esm                   23      0      0
    ./components/onroad_travel_fraction.esm                19      0      0
    ./components/rates_operating_mode_distribution.esm     21      0      0
    ./components/refueling_loss_rate.esm                   27      0      0
    ./components/start_operating_mode_distribution.esm     27      0      0
    ./components/tank_fuel_venting.esm                     35      0      0
    ./components/tank_temperature.esm                      64      0      0
    ./runs/evap_leaks_run.esm                              26      0      0
    ./runs/micro_exhaust_run.esm                            9      0      0
    ./runs/mixed_onroad_run.esm                            30      0      0
    ./runs/nr_logging_county_run.esm                        9      0      0
    ---------------------------------------------------------------------------
    TOTAL                                                 913      0      0
  =========================================================

[1mround-trip[0m
  [32mok[0m   components/activity_temporal.esm
  [32mok[0m   components/age_distribution.esm
  [32mok[0m   components/deteriorated_emission_rate.esm
  [32mok[0m   components/equipment_population.esm
  [32mok[0m   components/evap_operating_mode_distribution.esm
  [32mok[0m   components/evap_weighted_base_rate.esm
  [32mok[0m   components/exhaust_adjustment.esm
  [32mok[0m   components/exhaust_emission_factors.esm
  [32mok[0m   components/exhaust_rollup.esm
  [32mok[0m   components/fuel_effects.esm
  [32mok[0m   components/fuel_properties.esm
  [32mok[0m   components/geographic_allocation.esm
  [32mok[0m   components/growth_index.esm
  [32mok[0m   components/liquid_leaking_emissions.esm
  [32mok[0m   components/meteorology.esm
  [32mok[0m   components/movesoutput_aggregation.esm
  [32mok[0m   components/nr_air_toxics.esm
  [32mok[0m   components/nr_hc_speciation.esm
  [32mok[0m   components/onroad_energy_output.esm
  [32mok[0m   components/onroad_source_bin_distribution.esm
  [32mok[0m   components/onroad_source_hours.esm
  [32mok[0m   components/onroad_travel_fraction.esm
  [32mok[0m   components/rates_operating_mode_distribution.esm
  [32mok[0m   components/refueling_loss_rate.esm
  [32mok[0m   components/start_operating_mode_distribution.esm
  [32mok[0m   components/tank_fuel_venting.esm
  [32mok[0m   components/tank_temperature.esm
  [32mok[0m   fixtures/chain-so2-co2e-mechanism.esm
  [32mok[0m   fixtures/mixed-onroad.esm
  [32mok[0m   fixtures/nr-airtoxics-lawn-garden-county.esm
  [32mok[0m   fixtures/nr-logging-county.esm
  [32mok[0m   fixtures/process-airtoxics.esm
  [32mok[0m   fixtures/process-brakewear.esm
  [32mok[0m   fixtures/process-crankcase-running.esm
  [32mok[0m   fixtures/process-evap-fvv.esm
  [32mok[0m   fixtures/process-evap-leaks.esm
  [32mok[0m   fixtures/process-evap-permeation.esm
  [32mok[0m   fixtures/process-nox-speciation.esm
  [32mok[0m   fixtures/process-pm-exhaust.esm
  [32mok[0m   fixtures/process-refueling.esm
  [32mok[0m   fixtures/process-tirewear.esm
  [32mok[0m   gates/equijoin_driven.esm
  [32mok[0m   gates/equijoin_undriven_control.esm
  [32mok[0m   lib/adjustments.esm
  [32mok[0m   lib/co2_equivalent.esm
  [32mok[0m   lib/conversion.esm
  [32mok[0m   lib/drive_cycle.esm
  [32mok[0m   lib/emission_factors.esm
  [32mok[0m   lib/evaporative.esm
  [32mok[0m   lib/fuel_effects.esm
  [32mok[0m   lib/identifiers.esm
  [32mok[0m   lib/meteorology.esm
  [32mok[0m   lib/nonroad_speciation.esm
  [32mok[0m   lib/onroad_activity.esm
  [32mok[0m   lib/operating_mode.esm
  [32mok[0m   lib/population.esm
  [32mok[0m   lib/refueling.esm
  [32mok[0m   runs/evap_leaks_run.esm
  [32mok[0m   runs/micro_exhaust_run.esm
  [32mok[0m   runs/mixed_onroad_run.esm
  [32mok[0m   runs/nr_logging_county_run.esm

[1mjoin.on scaling gate[0m
  driven   (1.0e10 candidate pairs, join.on): 202 ms
  ungated  (4.0e6 candidate pairs, filter)  : 3617 ms
  [32mok[0m   driven join is >4x faster on 2500x the pairs

[1mknown limitations (expected to fail)[0m
  [32mok[0m   join_leaf (control) passes standalone, so F21 is about the mount
  [32mok[0m   F13 enum leaves (control) pass standalone, so F13 is about the mount
  [32mok[0m   F24b control passes: a recurrence still evaluates in a document that INGESTS
  [32mok[0m   F18 key-override control passes: an overridden key stays exact, and Float32 is still live
  [32mok[0m   F28 contracted-lag control passes: a data-named predecessor is reachable, at O(max lag) per cell
  [32mok[0m   F2 control: a restatement that disagrees with the leaf is refused as subsystem_index_set_conflict
  [32mok[0m   F13_enums_collide_across_a_mount still fails, as recorded
  [32mok[0m   F14_ragged_index_set_ignores_its_member_factor still fails, as recorded
  [32mok[0m   F20_constant_folded_rhs_loses_the_array_shape still fails, as recorded
  [32mok[0m   F21_a_scoped_name_is_not_assertable still fails, as recorded
  [32mok[0m   F22a_a_discrete_event_on_the_array_path still fails, as recorded
  [32mok[0m   F22b_an_implicit_equation_on_the_array_path still fails, as recorded
  [32mok[0m   F28_a_data_named_predecessor_is_not_a_recurrence still fails, as recorded
  [32mok[0m   F3_enums_do_not_cross_a_template_import still fails, as recorded
  [32mok[0m   F41_an_assertion_cannot_say_why still fails, as recorded
  [32mok[0m   F5_skolem_distinct_does_not_materialize still fails, as recorded
  [32mok[0m   unbound-name control: refused, naming it — ingesting a real snapshot table
  [32mok[0m   unbound-name control: refused, naming it — a free index symbol on the array path
  [32mok[0m   F8_layered_library_round_trip still fails, as recorded

[1mfixtures[0m
  [32mok[0m   chain-so2-co2e-mechanism — inline assertions against the snapshot parquet
       assertions: 333      0      0
  [32mok[0m   chain-so2-co2e-mechanism — compared against the snapshot MOVESOutput, complete
       ok chain-so2-co2e-mechanism
         rows: 5534 actual / 5534 expected
         identity: 19 columns, 5 varying (dayID, pollutantID, fuelTypeID, modelYearID, SCC); 14 constant, not shown below
         key set: 5534 shared, 0 missing, 0 extra
         worst cell: rel=8.331e-06 over 5534 cells (tolerance 2e-05)
         worst per-pollutant emissionQuant sum: rel=5.684e-07 (onroad tolerance 0.001)
  [32mok[0m   mixed-onroad — inline assertions against the snapshot parquet
       assertions: 68      0      0
  [32mok[0m   mixed-onroad — compared against the snapshot MOVESOutput, complete
       ok mixed-onroad
         rows: 250 actual / 250 expected
         identity: 19 columns, 4 varying (dayID, fuelTypeID, modelYearID, SCC); 15 constant, not shown below
         key set: 250 shared, 0 missing, 0 extra
         worst cell: rel=8.320e-06 over 250 cells (tolerance 2e-05)
         worst per-pollutant emissionQuant sum: rel=9.675e-08 (onroad tolerance 0.001)
  [32mok[0m   nr-airtoxics-lawn-garden-county — inline assertions against the snapshot parquet
       assertions: 17      0      0
  [32mok[0m   nr-airtoxics-lawn-garden-county — compared against the snapshot MOVESOutput, complete
       ok nr-airtoxics-lawn-garden-county
         scope: pollutant(s) 131, 142 are NOT compared -- 968 of 14036 snapshot rows and 968 of 14036 emitted rows held out
                why: the two dioxin congeners are computed from nrDioxinEmissionRate.meanBaseRate, which every table in this corpus stores at float_decimals = 12 (moves.rs/crates/moves-snapshot/src/format.rs:17) -- so the 1.105e-09 of pollutant 131 keeps four significant figures and the 1.9e-11 of pollutant 142 keeps TWO, against the double MOVES itself read. Fitting the rate the reference must have used from its own output gives 1.1045021e-09 and 1.9434497e-11, both inside HALF A STORED QUANTUM of the captured value, which is the whole of the difference: no implementation reading this capture can be closer, and the uniform bias it leaves is 4.5e-04 and 2.24e-02 on the two blocks. run-nr-airtoxics-oracle.sh fits and asserts both rates every run, so the claim is checked rather than asserted once; docs/nr-airtoxics-lawn-garden-county.md 7.2 has the derivation. The fix is upstream, in the capture.
                storage: comparing at the capture's own resolution, float_decimals = 12, so 5e-13 absolute is allowed beneath the relative gate
         rows: 13068 actual / 13068 expected
         identity: 19 columns, 3 varying (pollutantID, modelYearID, SCC); 16 constant, not shown below
         key set: 13068 shared, 0 missing, 0 extra
         worst cell: rel=4.479e-01 over 13068 cells (tolerance 2e-05)
         worst cell, excess over the 5e-13 storage quantum: rel=9.417e-06 (this is the number the 2e-05 gate was applied to)
         worst per-pollutant emissionQuant sum: rel=1.442e-06 (nonroad tolerance 0.01)
  [32mok[0m   nr-logging-county — inline assertions against the snapshot parquet
       assertions: 343      0      0
  [32mok[0m   nr-logging-county — compared against the snapshot MOVESOutput, complete
       ok nr-logging-county
         rows: 144 actual / 144 expected
         identity: 19 columns, 3 varying (pollutantID, modelYearID, SCC); 16 constant, not shown below
         key set: 144 shared, 0 missing, 0 extra
         worst cell: rel=4.561e-06 over 144 cells (tolerance 2e-05)
         worst per-pollutant emissionQuant sum: rel=2.079e-06 (nonroad tolerance 0.01)
  [32mok[0m   process-airtoxics — inline assertions against the snapshot parquet
       assertions: 288      0      0
  [32mok[0m   process-airtoxics — compared against the snapshot MOVESOutput, complete
       ok process-airtoxics
         rows: 1288 actual / 1288 expected
         identity: 19 columns, 5 varying (dayID, pollutantID, fuelTypeID, modelYearID, SCC); 14 constant, not shown below
         key set: 1288 shared, 0 missing, 0 extra
         worst cell: rel=8.100e-06 over 1288 cells (tolerance 2e-05)
         worst per-pollutant emissionQuant sum: rel=1.846e-07 (onroad tolerance 0.001)
  [32mok[0m   process-brakewear — inline assertions against the snapshot parquet
       assertions: 130      0      0
  [32mok[0m   process-brakewear — compared against the snapshot MOVESOutput, complete
       ok process-brakewear
         rows: 750 actual / 750 expected
         identity: 19 columns, 6 varying (dayID, pollutantID, processID, fuelTypeID, modelYearID, SCC); 13 constant, not shown below
         key set: 750 shared, 0 missing, 0 extra
         worst cell: rel=8.250e-06 over 750 cells (tolerance 2e-05)
         worst per-pollutant emissionQuant sum: rel=4.348e-07 (onroad tolerance 0.001)
  [32mok[0m   process-crankcase-running — inline assertions against the snapshot parquet
       assertions: 169      0      0
  [32mok[0m   process-crankcase-running — compared against the snapshot MOVESOutput, complete
       ok process-crankcase-running
         rows: 1368 actual / 1368 expected
         identity: 19 columns, 6 varying (dayID, pollutantID, processID, fuelTypeID, modelYearID, SCC); 13 constant, not shown below
         key set: 1368 shared, 0 missing, 0 extra
         worst cell: rel=8.702e-06 over 1368 cells (tolerance 2e-05)
         worst per-pollutant emissionQuant sum: rel=3.466e-07 (onroad tolerance 0.001)
  [32mok[0m   process-evap-fvv — inline assertions against the snapshot parquet
       assertions: 124      0      0
  [32mok[0m   process-evap-fvv — compared against the snapshot MOVESOutput, complete
       ok process-evap-fvv
         rows: 128 actual / 128 expected
         identity: 19 columns, 4 varying (dayID, fuelTypeID, modelYearID, SCC); 15 constant, not shown below
         key set: 128 shared, 0 missing, 0 extra
         worst cell: rel=7.495e-06 over 128 cells (tolerance 2e-05)
         worst per-pollutant emissionQuant sum: rel=6.407e-08 (onroad tolerance 0.001)
  [32mok[0m   process-evap-leaks — inline assertions against the snapshot parquet
       assertions: 73      0      0
  [32mok[0m   process-evap-leaks — compared against the snapshot MOVESOutput, complete
       ok process-evap-leaks
         rows: 128 actual / 128 expected
         identity: 19 columns, 4 varying (dayID, fuelTypeID, modelYearID, SCC); 15 constant, not shown below
         key set: 128 shared, 0 missing, 0 extra
         worst cell: rel=7.294e-06 over 128 cells (tolerance 2e-05)
         worst per-pollutant emissionQuant sum: rel=5.161e-07 (onroad tolerance 0.001)
  [32mok[0m   process-evap-permeation — inline assertions against the snapshot parquet
       assertions: 117      0      0
  [32mok[0m   process-evap-permeation — compared against the snapshot MOVESOutput, complete
       ok process-evap-permeation
         rows: 128 actual / 128 expected
         identity: 19 columns, 4 varying (dayID, fuelTypeID, modelYearID, SCC); 15 constant, not shown below
         key set: 128 shared, 0 missing, 0 extra
         worst cell: rel=6.174e-06 over 128 cells (tolerance 2e-05)
         worst per-pollutant emissionQuant sum: rel=7.571e-08 (onroad tolerance 0.001)
  [32mok[0m   process-nox-speciation — inline assertions against the snapshot parquet
       assertions: 165      0      0
  [32mok[0m   process-nox-speciation — compared against the snapshot MOVESOutput, complete
       ok process-nox-speciation
         rows: 872 actual / 872 expected
         identity: 19 columns, 5 varying (dayID, pollutantID, fuelTypeID, modelYearID, SCC); 14 constant, not shown below
         key set: 872 shared, 0 missing, 0 extra
         worst cell: rel=9.485e-06 over 872 cells (tolerance 2e-05)
         worst per-pollutant emissionQuant sum: rel=4.883e-07 (onroad tolerance 0.001)
  [32mok[0m   process-pm-exhaust — inline assertions against the snapshot parquet
       assertions: 376      0      0
  [32mok[0m   process-pm-exhaust — compared against the snapshot MOVESOutput, complete
       ok process-pm-exhaust
         rows: 1456 actual / 1456 expected
         identity: 19 columns, 5 varying (dayID, pollutantID, fuelTypeID, modelYearID, SCC); 14 constant, not shown below
         key set: 1456 shared, 0 missing, 0 extra
         worst cell: rel=9.910e-06 over 1456 cells (tolerance 2e-05)
         worst per-pollutant emissionQuant sum: rel=4.577e-07 (onroad tolerance 0.001)
  [32mok[0m   process-refueling — inline assertions against the snapshot parquet
       assertions: 220      0      0
  [32mok[0m   process-refueling — compared against the snapshot MOVESOutput, complete
       ok process-refueling
         rows: 336 actual / 336 expected
         identity: 19 columns, 5 varying (dayID, processID, fuelTypeID, modelYearID, SCC); 14 constant, not shown below
         key set: 336 shared, 0 missing, 0 extra
         worst cell: rel=7.434e-06 over 336 cells (tolerance 2e-05)
         worst per-pollutant emissionQuant sum: rel=2.769e-07 (onroad tolerance 0.001)
  [32mok[0m   process-tirewear — inline assertions against the snapshot parquet
       assertions: 141      0      0
  [32mok[0m   process-tirewear — compared against the snapshot MOVESOutput, complete
       ok process-tirewear
         rows: 750 actual / 750 expected
         identity: 19 columns, 6 varying (dayID, pollutantID, processID, fuelTypeID, modelYearID, SCC); 13 constant, not shown below
         key set: 750 shared, 0 missing, 0 extra
         worst cell: rel=8.151e-06 over 750 cells (tolerance 2e-05)
         worst per-pollutant emissionQuant sum: rel=2.651e-07 (onroad tolerance 0.001)

[1mthe two chains agree[0m
  [32mok[0m   runs/ assembly and fixtures/ agree within 1 ulp of binary32
       modfrc[2020]: assembly (binary64 fold) 3.707270451304289
                     fixture  (binary32 fold)  3.707268476486206
                     differ by 5.327e-07 relative = 8.28 ulps of binary32
     
       each row divided by its own route's modfrc[2020]:
         assembly / 3.7072705    fixture / 3.7072685    ulps
           1.8675178289413452     1.8675178289413452    0.00
           11.911834716796875     11.911834716796875    0.00
            72.59779357910156       72.5978012084961    1.00
            325.0747985839844     325.07476806640625    1.00
       all 4 normalised rows agree within 1.0 ulp of binary32

[1mindependent oracles[0m
  [32mok[0m   ./run-oracle.sh
       144 rows compared, 0 missing, 0 extra, max |relative error| = 4.897e-06
  [32mok[0m   ./run-oracle.sh --float64
         running in binary64 (expect 140 rows, not 144)
       140 rows compared, 4 missing, 0 extra, max |relative error| = 6.879e-06
  [32mok[0m   ./run-onroad-oracle.sh
         sho:            82 rows, worst relative error 4.138e-06
         emissionQuant: 250 rows, worst relative error 8.320e-06 at (day 5, MY 2015, fuel 5)
         key set:       125 cohorts x 2 day types = 250 rows, exact
  [32mok[0m   ./run-leaks-oracle.sh
         SHO:                         82 rows, 0 missing, 0 extra, worst relative error 3.610e-06
         SourceHours:                 82 rows, 0 missing, 0 extra, worst relative error 3.610e-06
         sourceBinDistribution:      125 rows, 0 missing, 0 extra, worst relative error 3.449e-06
         fractionOfOperating:          2 rows, 0 missing, 0 extra, worst ABSOLUTE error 0.000e+00
         OpModeDistribution:           6 rows, 0 missing, 0 extra, worst ABSOLUTE error 0.000e+00
         emissionQuant:              128 rows, 0 missing, 0 extra, worst relative error 7.294e-06
         key set:                   64 cohorts x 2 day types = 128 rows, exact; SCCs ['2201210413', '2205210413']
         NOTE: nothing above is read from the reference; see docs/evap-leaks.md §6.5.
  [32mok[0m   ./run-permeation-oracle.sh
         SHO:                           82 rows, 0 missing, 0 extra, worst relative error 3.610e-06
         SourceHours:                   82 rows, 0 missing, 0 extra, worst relative error 3.610e-06
         sourceBinDistribution:        125 rows, 0 missing, 0 extra, worst relative error 3.449e-06
         OpModeDistribution:             6 rows, 0 missing, 0 extra, worst ABSOLUTE error 0.000e+00
         ColdSoakTankTemperature:       24 rows, 0 missing, 0 extra, worst relative error 7.550e-07
         QuarterHourTemperature:        96 rows, 0 missing, 0 extra, worst relative error 1.175e-14
         emissionQuant:                128 rows, 0 missing, 0 extra, worst relative error 6.174e-06
         key set:                     64 cohorts x 2 day types = 128 rows, exact; SCCs ['2201210411', '2205210411']
         NOTE: 192 of 288 AverageTankTemperature cells ARE read from the reference
  [32mok[0m   ./run-fvv-oracle.sh
         venting chain:               peak cold-soak hour 17; 34048 TankVaporGenerated, 85120 soak-day TVG rows,
                                      2688 HourlyTVV rows, of which 1792 are non-zero
         SHO:                            82 cells, worst relative error 3.610e-06 (tolerance 1e-05)
         SourceHours:                    82 cells, worst relative error 3.610e-06 (tolerance 1e-05)
         sourceBinDistribution:         125 cells, worst relative error 3.449e-06 (tolerance 1e-05)
         ColdSoakTankTemperature:        24 cells, worst relative error 7.550e-07 (tolerance 1e-06)
         QuarterHourTemperature:         96 cells, worst relative error 1.175e-14 (tolerance 1e-12)
         emissionQuant:                 128 cells, worst relative error 7.495e-06 (tolerance 2e-05)
         key set:                     64 cohorts x 2 day types = 128 rows, exact; SCCs ['2201210412', '2205210412']
         NOTE: nothing above is read from the reference. Every table opened is an
  [32mok[0m   ./run-brakewear-oracle.sh
         sho:            82 rows, worst relative error 3.610e-06
         emissionQuant: 750 rows, worst relative error 8.250e-06 at (pollutant 106, process 9, day 5, MY 2016, fuel 9)
         key set:         3 pollutant-processes x 125 cohorts x 2 day types = 750 rows, exact
  [32mok[0m   ./run-tirewear-oracle.sh
         sho:            82 rows, worst relative error 3.610e-06
         emissionQuant: 750 rows, worst relative error 8.151e-06 at (pollutant 107, process 10, day 5, MY 2004, fuel 9)
         key set:         3 pollutant-processes x 125 cohorts x 2 day types = 750 rows, exact
  [32mok[0m   ./run-refueling-oracle.sh
         sho:            82 rows, worst relative error 3.610e-06
         emissionQuant: 336 rows, worst relative error 7.434e-06 at (pollutant 1, process 19, day 2, MY 2002, fuel 2)
         key set:       128 displacement + 208 spillage = 336 rows, exact
         NOTE:          both Stage II program reductions are 0.0, so this fixture cannot distinguish (1 - P) from 1; components/refueling_loss_rate.esm carries them at 0.2 and 0.3
  [32mok[0m   ./run-nox-speciation-oracle.sh
         sho:             82 rows, worst relative error 3.610e-06
         baseRateByAge:  208 non-zero rows, worst relative error 5.945e-06
         emissionQuant:  872 rows, 0 missing, 0 extra, worst relative error 9.482e-06 at (pollutant 33, process 1, day 5, MY 1990, fuel 2)
         key set:       124 NOx + 3 x 104 species cohorts x 2 day types = 872 rows, exact;
         NOTE:          NO + NO2 + HONO is exactly 1.0 in all 37 model-year groups of each of the three fuel types, so the
         NOTE:          the A/C activity term is -0.296982 and clamps to 0, so the 23 live fullacadjustment rows
  [32mok[0m   ./run-crankcase-running-oracle.sh
         sho:            82 rows, worst relative error 3.610e-06
         emissionQuant: 1368 rows, worst relative error 8.702e-06 at (pollutant 2, process 15, day 2, MY 2014, fuel 5)
         key set:       process  1 -- 3 pollutants x 124 cohorts x 2 day types = 744 rows
         key set:       process 15 -- 3 pollutants x 104 cohorts x 2 day types = 624 rows
         key set:       1368 rows, exact, and process 15 is a STRICT SUBSET of process 1: the 20 electricity cohorts carry no crankcaseEmissionRatio row and are dropped by its inner join
         NOTE:          the A/C activity term is -0.2970 before setup.rs:411's clamp(0,1), so the A/C increment is inert -- by a clamp, not by absence
  [32mok[0m   ./run-airtoxics-oracle.sh
         sho:             82 rows, worst relative error 3.610e-06
         baseRateByAge:  208 non-zero rows of 248, worst relative error 4.468e-06
         emissionQuant: 1288 rows, 0 missing, 0 extra, worst relative error 8.100e-06 at (pollutant 20, process 1, day 2, MY 1991, fuel 2)
         key set:       124 THC + 5 x 104 species cohorts x 2 day types = 1288 rows, exact;
                        1040 of the 1288 rows are SPECIATED -- computed from the 101 rows, from no rate of their own
         NOTE:          the E85 altTHC branch multiplies the ordinary VOC by 3.8528 on every ethanol 2001+ cohort,
         NOTE:          no (formulation, model year, output) reaches BOTH ATRatioGas1 and ATRatioNonGas, so the
         NOTE:          atRatioNonGas is identical on fuel subtypes 20/21 and on 51/52, so reading the SUPPLIED subtype
         NOTE:          oxySpeciation is 0 on all 136 hcspeciation rows, so the volToWtPercentOxy x totalOxygenate term
         NOTE:          the A/C activity term is -0.296982 and clamps to 0, so the 23 live fullacadjustment rows
         NOTE:          each of the four fuel types is supplied by exactly one formulation at market share 1.0, so the
  [32mok[0m   ./run-pm-exhaust-oracle.sh
         sho:             82 rows, worst relative error 3.610e-06
         sbWeightedRate: 4784 non-zero rows of 5704, worst relative error 4.795e-06
         baseRateByAge 11201: 208 non-zero rows of 248, worst relative error 4.397e-06
         baseRateByAge 11801: 208 non-zero rows of 248, worst relative error 4.900e-06
         emissionQuant: 1456 rows, 0 missing, 0 extra, worst relative error 9.910e-06 at (pollutant 100, process 1, day 2, MY 1991, fuel 1)
         key set:        7 blocks x 104 cohorts x 2 day types = 1456 rows, exact, and ALL SEVEN BLOCKS CARRY THE SAME 104 COHORTS
         NOTE:           every crankcaseRatio this run reaches is exactly 1.0, so the crankcase MULTIPLY is inert while
         NOTE:           H2OnonECPMFraction is 0 on all 6 sulfatefractions rows, so pollutant 119 is 208 rows of EXACTLY
         NOTE:           the split does NOT conserve mass -- 115 uses the sulfur-ADJUSTED fraction and 120 the UNADJUSTED one,
         NOTE:           the greatest(1 - H - S, 0) clamp never binds -- the raw residue runs 0.26 to 0.95 -- so a document
         NOTE:           the PM temperature arm exp(A x (72 - T)) is the LIVE branch at 59.5 F, and it is 1 only because
         NOTE:           the A/C activity term is -0.296982 and clamps to 0, and `fullacadjustment` has 0 rows for 11201 and
         NOTE:           `criteriaratio` has 0 rows, so `generalfuelratio` is the ONLY live fuel effect -- and its two
         NOTE:           each fuel type is supplied by exactly one formulation at market share 1.0, so the share-weighted
         NOTE:           `pm10emissionratio` carries a fuel-type-9 row at 1.13043 that no surviving 110 row can reach, and
         NOTE:           `runspecchainedto` contains the 2-CYCLE 11801 <-> 11501 (and 11801 <-> 11901), because MOVES
         NOTE:           the ONE rate miss over both parents and all 125 candidates is (MY 2000, electricity), and it is a
         NOTE:           `pmspeciation` has 4 rows, all 120 -> 111, so NCOM (122), Total Organic Matter (123) and
  [32mok[0m   ./run-meteorology-oracle.sh
                        580 rows compared, 1740 cells, 0 missing / 0 extra keys
                        worst relative error 2.391e-08 at expand-month zone 261610 month 2 hour 0
         subscription:  42 of them checked against ONROAD x processes {1,2,9,10,90,91}; 0 disagree
         NOTE: the county default-fill branches are NOT checked here. No county in
  [32mok[0m   ./run-nr-airtoxics-oracle.sh
         14036 rows compared, 0 missing, 0 extra
           fully stored cells   10439  worst relative error 9.425e-06  at (88, '2265004010', 1981)
           storage-limited       2629  worst relative error 8.655e-06 in excess of the
           pollutant 131 rate stored 1.105e-09, implied 1.1045021e-09 (0.996 half-quanta); rescaled worst 4.239e-05
           pollutant 142 rate stored 1.9e-11, implied 1.9434497e-11 (0.869 half-quanta); rescaled worst 3.300e-04
  [32mok[0m   ./run-fuel-effects-oracle.sh
                        97 rows compared, 194 cells, 0 missing / 1015 extra keys, 0 extras unaccounted for
                        worst relative error 1.608e-14 at process-pm-exhaust fuel 5 formulation 27002 polProcess 11201 sourceType 32
         subscription:  42 snapshots checked against ONROAD x processes {1,2,9,10,11,12,13,90}; 0 disagree
         FLOAT columns: promoting binary32 gives 1.608e-14, reading the capture's decimal straight gives 7.059e-08
         int/int:       0 integer-literal divisions in the corpus's expressions; DECIMAL rounding gives 1.608e-14 against IEEE's 1.608e-14
         NOTE: forms C, D, E and F are NOT checked against MOVES anywhere. Every
  [32mok[0m   ./run-omd-oracle.sh
           StartOpMode           262442 rows, 0 missing / 0 extra
           StartOpModeDistribution  124 rows, key set: 0 missing / 0 extra
           RatesOpModeDistribution  300 rows compared, 0 missing / 0 extra
           worst relative error  4.388e-06   (RatesOpModeDistribution, FLOAT storage)
           scheduling predicate  42 snapshots, 0 disagreeing; 9 run StartOMDG, 5 run RatesOMDG
         NOTE: the inventory branch of step 400 and the existingStartOMD
  [32mok[0m   ./run-so2-co2e-oracle.sh
         sho:             82 rows, worst relative error 3.610e-06
         baseRateByAge:  208 non-zero rows of 248, worst relative error 4.468e-06
         baseRate:       458 non-zero rows of 498 over polProcessIDs [601, 9101], worst relative error 4.827e-06
         emissionQuant: 5534 rows, 0 missing, 0 extra, worst relative error 8.331e-06 at (pollutant 43, process 1, day 2, MY 1991, fuel 2)
         key set:       124 THC + 124 N2O + 3 x 125 energy/CO2/CO2e + 64 ethanol + 18 x 104
                        = 2,767 cohorts x 2 day types = 5534 rows, exact.
         NOTE:          the 44/12 mass ratio -- exact 5.743e-06, MariaDB decimal 3.6667 1.483e-05 over
         NOTE:          `greatest(sum(...), 0)` never fires: 0 of 208 cells are negative, the
         NOTE:          `integratedspeciesset` is 14 rows, all mechanism 5 / set 4, and its
         NOTE:          electricity is dropped from SO2 for TWO independent reasons -- no fuelTypeID 9
         NOTE:          the control snapshot emits 4618 rows over 22 pairs against this one's 5534 over 26;

[1msummary[0m
  all green
