ok   chain-so2-co2e-mechanism 2768 lines
ok   mixed-onroad 126 lines
ok   nr-airtoxics-lawn-garden-county 14037 lines
ok   nr-logging-county 145 lines
ok   process-airtoxics 645 lines
ok   process-brakewear 376 lines
ok   process-crankcase-running 685 lines
ok   process-evap-fvv 65 lines
ok   process-evap-leaks 65 lines
ok   process-evap-permeation 65 lines
ok   process-nox-speciation 437 lines
ok   process-pm-exhaust 729 lines
ok   process-refueling 169 lines
ok   process-tirewear 376 lines
tested chain-so2-co2e-mechanism
tested mixed-onroad
tested nr-airtoxics-lawn-garden-county
tested nr-logging-county
tested process-airtoxics
tested process-brakewear
tested process-crankcase-running
tested process-evap-fvv
tested process-evap-leaks
tested process-evap-permeation
tested process-nox-speciation
tested process-pm-exhaust
tested process-refueling
tested process-tirewear
