Running simulation for: fixtures/mixed-onroad.esm
Simulation time: 0 → 0
✓ Static evaluation complete: 26 field(s). The document declares no differential equations, so it was evaluated once rather than integrated.
Final state at t = 0:
  out_modelYearID[1] = 2020
  out_modelYearID[2] = 2019
  out_modelYearID[3] = 2018
  out_modelYearID[4] = 2017
  out_modelYearID[5] = 2016
  out_modelYearID[6] = 2015
  out_modelYearID[7] = 2014
  out_modelYearID[8] = 2013
  out_modelYearID[9] = 2012
  out_modelYearID[10] = 2011
  out_modelYearID[11] = 2010
  out_modelYearID[12] = 2009
  out_modelYearID[13] = 2008
  out_modelYearID[14] = 2007
  out_modelYearID[15] = 2006
  out_modelYearID[16] = 2005
  out_modelYearID[17] = 2004
  out_modelYearID[18] = 2003
  out_modelYearID[19] = 2002
  out_modelYearID[20] = 2001
  out_modelYearID[21] = 2000
  out_modelYearID[22] = 1999
  out_modelYearID[23] = 1998
  out_modelYearID[24] = 1997
  out_modelYearID[25] = 1996
  out_modelYearID[26] = 1995
  out_modelYearID[27] = 1994
  out_modelYearID[28] = 1993
  out_modelYearID[29] = 1992
  out_modelYearID[30] = 1991
  out_modelYearID[31] = 1990
  out_modelYearID[32] = 1989
  out_modelYearID[33] = 1988
  out_modelYearID[34] = 1987
  out_modelYearID[35] = 1986
  out_modelYearID[36] = 1985
  out_modelYearID[37] = 1984
  out_modelYearID[38] = 1983
  out_modelYearID[39] = 1982
  out_modelYearID[40] = 1981
  out_modelYearID[41] = 1980
  out_modelYearID[42] = 2019
  out_modelYearID[43] = 2018
  out_modelYearID[44] = 2017
  out_modelYearID[45] = 2016
  out_modelYearID[46] = 2015
  out_modelYearID[47] = 2014
  out_modelYearID[48] = 2013
  out_modelYearID[49] = 2012
  out_modelYearID[50] = 2011
  out_modelYearID[51] = 2010
  out_modelYearID[52] = 2009
  out_modelYearID[53] = 2008
  out_modelYearID[54] = 2007
  out_modelYearID[55] = 2006
  out_modelYearID[56] = 2005
  out_modelYearID[57] = 2004
  out_modelYearID[58] = 2003
  out_modelYearID[59] = 2002
  out_modelYearID[60] = 2001
  out_modelYearID[61] = 2000
  out_modelYearID[62] = 1999
  out_modelYearID[63] = 1998
  out_modelYearID[64] = 1997
  out_modelYearID[65] = 1996
  out_modelYearID[66] = 1995
  out_modelYearID[67] = 1994
  out_modelYearID[68] = 1993
  out_modelYearID[69] = 1992
  out_modelYearID[70] = 1991
  out_modelYearID[71] = 1990
  out_modelYearID[72] = 1989
  out_modelYearID[73] = 1988
  out_modelYearID[74] = 1987
  out_modelYearID[75] = 1986
  out_modelYearID[76] = 1985
  out_modelYearID[77] = 1984
  out_modelYearID[78] = 1983
  out_modelYearID[79] = 1982
  out_modelYearID[80] = 1981
  out_modelYearID[81] = 1980
  out_modelYearID[82] = 2020
  out_modelYearID[83] = 2019
  out_modelYearID[84] = 2018
  out_modelYearID[85] = 2017
  out_modelYearID[86] = 2016
  out_modelYearID[87] = 2015
  out_modelYearID[88] = 2014
  out_modelYearID[89] = 2013
  out_modelYearID[90] = 2012
  out_modelYearID[91] = 2011
  out_modelYearID[92] = 2010
  out_modelYearID[93] = 2009
  out_modelYearID[94] = 2008
  out_modelYearID[95] = 2007
  out_modelYearID[96] = 2006
  out_modelYearID[97] = 2005
  out_modelYearID[98] = 2004
  out_modelYearID[99] = 2003
  out_modelYearID[100] = 2002
  out_modelYearID[101] = 2001
  out_modelYearID[102] = 2000
  out_modelYearID[103] = 1999
  out_modelYearID[104] = 1998
  out_modelYearID[105] = 2020
  out_modelYearID[106] = 2019
  out_modelYearID[107] = 2018
  out_modelYearID[108] = 2017
  out_modelYearID[109] = 2016
  out_modelYearID[110] = 2015
  out_modelYearID[111] = 2014
  out_modelYearID[112] = 2013
  out_modelYearID[113] = 2012
  out_modelYearID[114] = 2011
  out_modelYearID[115] = 2010
  out_modelYearID[116] = 2009
  out_modelYearID[117] = 2008
  out_modelYearID[118] = 2007
  out_modelYearID[119] = 2006
  out_modelYearID[120] = 2005
  out_modelYearID[121] = 2004
  out_modelYearID[122] = 2003
  out_modelYearID[123] = 2002
  out_modelYearID[124] = 2001
  out_modelYearID[125] = 2000
  out_fuelTypeID[1] = 1
  out_fuelTypeID[2] = 1
  out_fuelTypeID[3] = 1
  out_fuelTypeID[4] = 1
  out_fuelTypeID[5] = 1
  out_fuelTypeID[6] = 1
  out_fuelTypeID[7] = 1
  out_fuelTypeID[8] = 1
  out_fuelTypeID[9] = 1
  out_fuelTypeID[10] = 1
  out_fuelTypeID[11] = 1
  out_fuelTypeID[12] = 1
  out_fuelTypeID[13] = 1
  out_fuelTypeID[14] = 1
  out_fuelTypeID[15] = 1
  out_fuelTypeID[16] = 1
  out_fuelTypeID[17] = 1
  out_fuelTypeID[18] = 1
  out_fuelTypeID[19] = 1
  out_fuelTypeID[20] = 1
  out_fuelTypeID[21] = 1
  out_fuelTypeID[22] = 1
  out_fuelTypeID[23] = 1
  out_fuelTypeID[24] = 1
  out_fuelTypeID[25] = 1
  out_fuelTypeID[26] = 1
  out_fuelTypeID[27] = 1
  out_fuelTypeID[28] = 1
  out_fuelTypeID[29] = 1
  out_fuelTypeID[30] = 1
  out_fuelTypeID[31] = 1
  out_fuelTypeID[32] = 1
  out_fuelTypeID[33] = 1
  out_fuelTypeID[34] = 1
  out_fuelTypeID[35] = 1
  out_fuelTypeID[36] = 1
  out_fuelTypeID[37] = 1
  out_fuelTypeID[38] = 1
  out_fuelTypeID[39] = 1
  out_fuelTypeID[40] = 1
  out_fuelTypeID[41] = 1
  out_fuelTypeID[42] = 2
  out_fuelTypeID[43] = 2
  out_fuelTypeID[44] = 2
  out_fuelTypeID[45] = 2
  out_fuelTypeID[46] = 2
  out_fuelTypeID[47] = 2
  out_fuelTypeID[48] = 2
  out_fuelTypeID[49] = 2
  out_fuelTypeID[50] = 2
  out_fuelTypeID[51] = 2
  out_fuelTypeID[52] = 2
  out_fuelTypeID[53] = 2
  out_fuelTypeID[54] = 2
  out_fuelTypeID[55] = 2
  out_fuelTypeID[56] = 2
  out_fuelTypeID[57] = 2
  out_fuelTypeID[58] = 2
  out_fuelTypeID[59] = 2
  out_fuelTypeID[60] = 2
  out_fuelTypeID[61] = 2
  out_fuelTypeID[62] = 2
  out_fuelTypeID[63] = 2
  out_fuelTypeID[64] = 2
  out_fuelTypeID[65] = 2
  out_fuelTypeID[66] = 2
  out_fuelTypeID[67] = 2
  out_fuelTypeID[68] = 2
  out_fuelTypeID[69] = 2
  out_fuelTypeID[70] = 2
  out_fuelTypeID[71] = 2
  out_fuelTypeID[72] = 2
  out_fuelTypeID[73] = 2
  out_fuelTypeID[74] = 2
  out_fuelTypeID[75] = 2
  out_fuelTypeID[76] = 2
  out_fuelTypeID[77] = 2
  out_fuelTypeID[78] = 2
  out_fuelTypeID[79] = 2
  out_fuelTypeID[80] = 2
  out_fuelTypeID[81] = 2
  out_fuelTypeID[82] = 5
  out_fuelTypeID[83] = 5
  out_fuelTypeID[84] = 5
  out_fuelTypeID[85] = 5
  out_fuelTypeID[86] = 5
  out_fuelTypeID[87] = 5
  out_fuelTypeID[88] = 5
  out_fuelTypeID[89] = 5
  out_fuelTypeID[90] = 5
  out_fuelTypeID[91] = 5
  out_fuelTypeID[92] = 5
  out_fuelTypeID[93] = 5
  out_fuelTypeID[94] = 5
  out_fuelTypeID[95] = 5
  out_fuelTypeID[96] = 5
  out_fuelTypeID[97] = 5
  out_fuelTypeID[98] = 5
  out_fuelTypeID[99] = 5
  out_fuelTypeID[100] = 5
  out_fuelTypeID[101] = 5
  out_fuelTypeID[102] = 5
  out_fuelTypeID[103] = 5
  out_fuelTypeID[104] = 5
  out_fuelTypeID[105] = 9
  out_fuelTypeID[106] = 9
  out_fuelTypeID[107] = 9
  out_fuelTypeID[108] = 9
  out_fuelTypeID[109] = 9
  out_fuelTypeID[110] = 9
  out_fuelTypeID[111] = 9
  out_fuelTypeID[112] = 9
  out_fuelTypeID[113] = 9
  out_fuelTypeID[114] = 9
  out_fuelTypeID[115] = 9
  out_fuelTypeID[116] = 9
  out_fuelTypeID[117] = 9
  out_fuelTypeID[118] = 9
  out_fuelTypeID[119] = 9
  out_fuelTypeID[120] = 9
  out_fuelTypeID[121] = 9
  out_fuelTypeID[122] = 9
  out_fuelTypeID[123] = 9
  out_fuelTypeID[124] = 9
  out_fuelTypeID[125] = 9
  out_dayID[1] = 5
  out_dayID[2] = 5
  out_dayID[3] = 5
  out_dayID[4] = 5
  out_dayID[5] = 5
  out_dayID[6] = 5
  out_dayID[7] = 5
  out_dayID[8] = 5
  out_dayID[9] = 5
  out_dayID[10] = 5
  out_dayID[11] = 5
  out_dayID[12] = 5
  out_dayID[13] = 5
  out_dayID[14] = 5
  out_dayID[15] = 5
  out_dayID[16] = 5
  out_dayID[17] = 5
  out_dayID[18] = 5
  out_dayID[19] = 5
  out_dayID[20] = 5
  out_dayID[21] = 5
  out_dayID[22] = 5
  out_dayID[23] = 5
  out_dayID[24] = 5
  out_dayID[25] = 5
  out_dayID[26] = 5
  out_dayID[27] = 5
  out_dayID[28] = 5
  out_dayID[29] = 5
  out_dayID[30] = 5
  out_dayID[31] = 5
  out_dayID[32] = 5
  out_dayID[33] = 5
  out_dayID[34] = 5
  out_dayID[35] = 5
  out_dayID[36] = 5
  out_dayID[37] = 5
  out_dayID[38] = 5
  out_dayID[39] = 5
  out_dayID[40] = 5
  out_dayID[41] = 5
  out_dayID[42] = 5
  out_dayID[43] = 5
  out_dayID[44] = 5
  out_dayID[45] = 5
  out_dayID[46] = 5
  out_dayID[47] = 5
  out_dayID[48] = 5
  out_dayID[49] = 5
  out_dayID[50] = 5
  out_dayID[51] = 5
  out_dayID[52] = 5
  out_dayID[53] = 5
  out_dayID[54] = 5
  out_dayID[55] = 5
  out_dayID[56] = 5
  out_dayID[57] = 5
  out_dayID[58] = 5
  out_dayID[59] = 5
  out_dayID[60] = 5
  out_dayID[61] = 5
  out_dayID[62] = 5
  out_dayID[63] = 5
  out_dayID[64] = 5
  out_dayID[65] = 5
  out_dayID[66] = 5
  out_dayID[67] = 5
  out_dayID[68] = 5
  out_dayID[69] = 5
  out_dayID[70] = 5
  out_dayID[71] = 5
  out_dayID[72] = 5
  out_dayID[73] = 5
  out_dayID[74] = 5
  out_dayID[75] = 5
  out_dayID[76] = 5
  out_dayID[77] = 5
  out_dayID[78] = 5
  out_dayID[79] = 5
  out_dayID[80] = 5
  out_dayID[81] = 5
  out_dayID[82] = 5
  out_dayID[83] = 5
  out_dayID[84] = 5
  out_dayID[85] = 5
  out_dayID[86] = 5
  out_dayID[87] = 5
  out_dayID[88] = 5
  out_dayID[89] = 5
  out_dayID[90] = 5
  out_dayID[91] = 5
  out_dayID[92] = 5
  out_dayID[93] = 5
  out_dayID[94] = 5
  out_dayID[95] = 5
  out_dayID[96] = 5
  out_dayID[97] = 5
  out_dayID[98] = 5
  out_dayID[99] = 5
  out_dayID[100] = 5
  out_dayID[101] = 5
  out_dayID[102] = 5
  out_dayID[103] = 5
  out_dayID[104] = 5
  out_dayID[105] = 5
  out_dayID[106] = 5
  out_dayID[107] = 5
  out_dayID[108] = 5
  out_dayID[109] = 5
  out_dayID[110] = 5
  out_dayID[111] = 5
  out_dayID[112] = 5
  out_dayID[113] = 5
  out_dayID[114] = 5
  out_dayID[115] = 5
  out_dayID[116] = 5
  out_dayID[117] = 5
  out_dayID[118] = 5
  out_dayID[119] = 5
  out_dayID[120] = 5
  out_dayID[121] = 5
  out_dayID[122] = 5
  out_dayID[123] = 5
  out_dayID[124] = 5
  out_dayID[125] = 5
  out_SHO[1] = 402.6176603769177
  out_SHO[2] = 480.62938079334634
  out_SHO[3] = 507.5180304883093
  out_SHO[4] = 570.2352611038926
  out_SHO[5] = 568.6493121343977
  out_SHO[6] = 607.7619621269895
  out_SHO[7] = 563.6951306860644
  out_SHO[8] = 573.4426434643063
  out_SHO[9] = 489.89728344000207
  out_SHO[10] = 359.05664640956604
  out_SHO[11] = 356.2443525194939
  out_SHO[12] = 318.16097829341277
  out_SHO[13] = 393.14510879899035
  out_SHO[14] = 415.19776535938905
  out_SHO[15] = 355.79950014830104
  out_SHO[16] = 314.89007101540653
  out_SHO[17] = 255.0202039901817
  out_SHO[18] = 230.2885652303022
  out_SHO[19] = 183.49998676876976
  out_SHO[20] = 146.32179760023757
  out_SHO[21] = 129.46798835129627
  out_SHO[22] = 94.2445360321913
  out_SHO[23] = 72.501436851349
  out_SHO[24] = 56.89248149254871
  out_SHO[25] = 41.59229376636794
  out_SHO[26] = 38.77685925137017
  out_SHO[27] = 28.505496422381704
  out_SHO[28] = 23.44953018216591
  out_SHO[29] = 19.793724042698255
  out_SHO[30] = 19.512226723933956
  out_SHO[31] = 16.25789295528262
  out_SHO[32] = 15.819037448675724
  out_SHO[33] = 14.1729541412639
  out_SHO[34] = 13.943281426910733
  out_SHO[35] = 12.046049843255599
  out_SHO[36] = 9.277922277084855
  out_SHO[37] = 7.400140714219595
  out_SHO[38] = 5.516188343372941
  out_SHO[39] = 4.034809855148089
  out_SHO[40] = 2.836822752954373
  out_SHO[41] = 35.90528309920591
  out_SHO[42] = 480.62938079334634
  out_SHO[43] = 507.5180304883093
  out_SHO[44] = 570.2352611038926
  out_SHO[45] = 568.6493121343977
  out_SHO[46] = 607.7619621269895
  out_SHO[47] = 563.6951306860644
  out_SHO[48] = 573.4426434643063
  out_SHO[49] = 489.89728344000207
  out_SHO[50] = 359.05664640956604
  out_SHO[51] = 356.2443525194939
  out_SHO[52] = 318.16097829341277
  out_SHO[53] = 393.14510879899035
  out_SHO[54] = 415.19776535938905
  out_SHO[55] = 355.79950014830104
  out_SHO[56] = 314.89007101540653
  out_SHO[57] = 255.0202039901817
  out_SHO[58] = 230.2885652303022
  out_SHO[59] = 183.49998676876976
  out_SHO[60] = 146.32179760023757
  out_SHO[61] = 129.46798835129627
  out_SHO[62] = 94.2445360321913
  out_SHO[63] = 72.501436851349
  out_SHO[64] = 56.89248149254871
  out_SHO[65] = 41.59229376636794
  out_SHO[66] = 38.77685925137017
  out_SHO[67] = 28.505496422381704
  out_SHO[68] = 23.44953018216591
  out_SHO[69] = 19.793724042698255
  out_SHO[70] = 19.512226723933956
  out_SHO[71] = 16.25789295528262
  out_SHO[72] = 15.819037448675724
  out_SHO[73] = 14.1729541412639
  out_SHO[74] = 13.943281426910733
  out_SHO[75] = 12.046049843255599
  out_SHO[76] = 9.277922277084855
  out_SHO[77] = 7.400140714219595
  out_SHO[78] = 5.516188343372941
  out_SHO[79] = 4.034809855148089
  out_SHO[80] = 2.836822752954373
  out_SHO[81] = 35.90528309920591
  out_SHO[82] = 402.6176603769177
  out_SHO[83] = 480.62938079334634
  out_SHO[84] = 507.5180304883093
  out_SHO[85] = 570.2352611038926
  out_SHO[86] = 568.6493121343977
  out_SHO[87] = 607.7619621269895
  out_SHO[88] = 563.6951306860644
  out_SHO[89] = 573.4426434643063
  out_SHO[90] = 489.89728344000207
  out_SHO[91] = 359.05664640956604
  out_SHO[92] = 356.2443525194939
  out_SHO[93] = 318.16097829341277
  out_SHO[94] = 393.14510879899035
  out_SHO[95] = 415.19776535938905
  out_SHO[96] = 355.79950014830104
  out_SHO[97] = 314.89007101540653
  out_SHO[98] = 255.0202039901817
  out_SHO[99] = 230.2885652303022
  out_SHO[100] = 183.49998676876976
  out_SHO[101] = 146.32179760023757
  out_SHO[102] = 129.46798835129627
  out_SHO[103] = 94.2445360321913
  out_SHO[104] = 72.501436851349
  out_SHO[105] = 402.6176603769177
  out_SHO[106] = 480.62938079334634
  out_SHO[107] = 507.5180304883093
  out_SHO[108] = 570.2352611038926
  out_SHO[109] = 568.6493121343977
  out_SHO[110] = 607.7619621269895
  out_SHO[111] = 563.6951306860644
  out_SHO[112] = 573.4426434643063
  out_SHO[113] = 489.89728344000207
  out_SHO[114] = 359.05664640956604
  out_SHO[115] = 356.2443525194939
  out_SHO[116] = 318.16097829341277
  out_SHO[117] = 393.14510879899035
  out_SHO[118] = 415.19776535938905
  out_SHO[119] = 355.79950014830104
  out_SHO[120] = 314.89007101540653
  out_SHO[121] = 255.0202039901817
  out_SHO[122] = 230.2885652303022
  out_SHO[123] = 183.49998676876976
  out_SHO[124] = 146.32179760023757
  out_SHO[125] = 129.46798835129627
  out_activity[1] = 80.52353207538354
  out_activity[2] = 96.12587615866927
  out_activity[3] = 101.50360609766186
  out_activity[4] = 114.04705222077853
  out_activity[5] = 113.72986242687955
  out_activity[6] = 121.5523924253979
  out_activity[7] = 112.73902613721289
  out_activity[8] = 114.68852869286127
  out_activity[9] = 97.97945668800041
  out_activity[10] = 71.8113292819132
  out_activity[11] = 71.24887050389877
  out_activity[12] = 63.632195658682555
  out_activity[13] = 78.62902175979806
  out_activity[14] = 83.0395530718778
  out_activity[15] = 71.15990002966021
  out_activity[16] = 62.97801420308131
  out_activity[17] = 51.00404079803634
  out_activity[18] = 46.05771304606044
  out_activity[19] = 36.69999735375395
  out_activity[20] = 29.264359520047513
  out_activity[21] = 25.893597670259254
  out_activity[22] = 18.848907206438263
  out_activity[23] = 14.500287370269799
  out_activity[24] = 11.378496298509742
  out_activity[25] = 8.318458753273587
  out_activity[26] = 7.755371850274034
  out_activity[27] = 5.70109928447634
  out_activity[28] = 4.6899060364331815
  out_activity[29] = 3.958744808539651
  out_activity[30] = 3.9024453447867913
  out_activity[31] = 3.251578591056524
  out_activity[32] = 3.1638074897351447
  out_activity[33] = 2.83459082825278
  out_activity[34] = 2.788656285382147
  out_activity[35] = 2.40920996865112
  out_activity[36] = 1.855584455416971
  out_activity[37] = 1.480028142843919
  out_activity[38] = 1.1032376686745882
  out_activity[39] = 0.8069619710296179
  out_activity[40] = 0.5673645505908745
  out_activity[41] = 7.181056619841182
  out_activity[42] = 96.12587615866927
  out_activity[43] = 101.50360609766186
  out_activity[44] = 114.04705222077853
  out_activity[45] = 113.72986242687955
  out_activity[46] = 121.5523924253979
  out_activity[47] = 112.73902613721289
  out_activity[48] = 114.68852869286127
  out_activity[49] = 97.97945668800041
  out_activity[50] = 71.8113292819132
  out_activity[51] = 71.24887050389877
  out_activity[52] = 63.632195658682555
  out_activity[53] = 78.62902175979806
  out_activity[54] = 83.0395530718778
  out_activity[55] = 71.15990002966021
  out_activity[56] = 62.97801420308131
  out_activity[57] = 51.00404079803634
  out_activity[58] = 46.05771304606044
  out_activity[59] = 36.69999735375395
  out_activity[60] = 29.264359520047513
  out_activity[61] = 25.893597670259254
  out_activity[62] = 18.848907206438263
  out_activity[63] = 14.500287370269799
  out_activity[64] = 11.378496298509742
  out_activity[65] = 8.318458753273587
  out_activity[66] = 7.755371850274034
  out_activity[67] = 5.70109928447634
  out_activity[68] = 4.6899060364331815
  out_activity[69] = 3.958744808539651
  out_activity[70] = 3.9024453447867913
  out_activity[71] = 3.251578591056524
  out_activity[72] = 3.1638074897351447
  out_activity[73] = 2.83459082825278
  out_activity[74] = 2.788656285382147
  out_activity[75] = 2.40920996865112
  out_activity[76] = 1.855584455416971
  out_activity[77] = 1.480028142843919
  out_activity[78] = 1.1032376686745882
  out_activity[79] = 0.8069619710296179
  out_activity[80] = 0.5673645505908745
  out_activity[81] = 7.181056619841182
  out_activity[82] = 80.52353207538354
  out_activity[83] = 96.12587615866927
  out_activity[84] = 101.50360609766186
  out_activity[85] = 114.04705222077853
  out_activity[86] = 113.72986242687955
  out_activity[87] = 121.5523924253979
  out_activity[88] = 112.73902613721289
  out_activity[89] = 114.68852869286127
  out_activity[90] = 97.97945668800041
  out_activity[91] = 71.8113292819132
  out_activity[92] = 71.24887050389877
  out_activity[93] = 63.632195658682555
  out_activity[94] = 78.62902175979806
  out_activity[95] = 83.0395530718778
  out_activity[96] = 71.15990002966021
  out_activity[97] = 62.97801420308131
  out_activity[98] = 51.00404079803634
  out_activity[99] = 46.05771304606044
  out_activity[100] = 36.69999735375395
  out_activity[101] = 29.264359520047513
  out_activity[102] = 25.893597670259254
  out_activity[103] = 18.848907206438263
  out_activity[104] = 14.500287370269799
  out_activity[105] = 80.52353207538354
  out_activity[106] = 96.12587615866927
  out_activity[107] = 101.50360609766186
  out_activity[108] = 114.04705222077853
  out_activity[109] = 113.72986242687955
  out_activity[110] = 121.5523924253979
  out_activity[111] = 112.73902613721289
  out_activity[112] = 114.68852869286127
  out_activity[113] = 97.97945668800041
  out_activity[114] = 71.8113292819132
  out_activity[115] = 71.24887050389877
  out_activity[116] = 63.632195658682555
  out_activity[117] = 78.62902175979806
  out_activity[118] = 83.0395530718778
  out_activity[119] = 71.15990002966021
  out_activity[120] = 62.97801420308131
  out_activity[121] = 51.00404079803634
  out_activity[122] = 46.05771304606044
  out_activity[123] = 36.69999735375395
  out_activity[124] = 29.264359520047513
  out_activity[125] = 25.893597670259254
  out_meanBaseRate[1] = 155268.1668888951
  out_meanBaseRate[2] = 158877.4143222005
  out_meanBaseRate[3] = 159198.65228605949
  out_meanBaseRate[4] = 167458.69395928804
  out_meanBaseRate[5] = 170601.7579492007
  out_meanBaseRate[6] = 179374.31009297198
  out_meanBaseRate[7] = 187590.1330785611
  out_meanBaseRate[8] = 192755.05644548053
  out_meanBaseRate[9] = 199312.78052592586
  out_meanBaseRate[10] = 217444.09042707426
  out_meanBaseRate[11] = 216655.82037598206
  out_meanBaseRate[12] = 213779.9514214912
  out_meanBaseRate[13] = 217922.57236687376
  out_meanBaseRate[14] = 222311.09793760497
  out_meanBaseRate[15] = 220862.1321532406
  out_meanBaseRate[16] = 221377.5944380755
  out_meanBaseRate[17] = 221780.9234494446
  out_meanBaseRate[18] = 221578.07970463994
  out_meanBaseRate[19] = 221035.40910588342
  out_meanBaseRate[20] = 221702.43857278768
  out_meanBaseRate[21] = 215739.59782024485
  out_meanBaseRate[22] = 216052.80164615245
  out_meanBaseRate[23] = 214189.61342299508
  out_meanBaseRate[24] = 213534.9720884513
  out_meanBaseRate[25] = 216665.81661714258
  out_meanBaseRate[26] = 214058.8263221652
  out_meanBaseRate[27] = 215822.72957639626
  out_meanBaseRate[28] = 212810.14827724156
  out_meanBaseRate[29] = 216001.15844490973
  out_meanBaseRate[30] = 210019.00526252252
  out_meanBaseRate[31] = 221139.8640680926
  out_meanBaseRate[32] = 220356.54538392313
  out_meanBaseRate[33] = 218467.03122937863
  out_meanBaseRate[34] = 216139.49194662343
  out_meanBaseRate[35] = 219406.76280355387
  out_meanBaseRate[36] = 242014.0251818517
  out_meanBaseRate[37] = 241554.22117698807
  out_meanBaseRate[38] = 238602.72782709583
  out_meanBaseRate[39] = 226035.7011559064
  out_meanBaseRate[40] = 276458.3589875284
  out_meanBaseRate[41] = 293130.80776024837
  out_meanBaseRate[42] = 12.54158935555342
  out_meanBaseRate[43] = 139.72159086316998
  out_meanBaseRate[44] = 152.7825726584394
  out_meanBaseRate[45] = 146.09629074564896
  out_meanBaseRate[46] = 1817.1445620691422
  out_meanBaseRate[47] = 2476.774529083662
  out_meanBaseRate[48] = 2570.3449858664258
  out_meanBaseRate[49] = 2472.2663832881804
  out_meanBaseRate[50] = 2904.462915294802
  out_meanBaseRate[51] = 2605.7608280871623
  out_meanBaseRate[52] = 1883.9223583586872
  out_meanBaseRate[53] = 168.95355463908777
  out_meanBaseRate[54] = 113.86588471824572
  out_meanBaseRate[55] = 1687.284728995185
  out_meanBaseRate[56] = 1192.4399606074003
  out_meanBaseRate[57] = 821.2195668699877
  out_meanBaseRate[58] = 1010.2151870322086
  out_meanBaseRate[59] = 1125.8161536246646
  out_meanBaseRate[60] = 814.3166205912988
  out_meanBaseRate[61] = 750.6542399627539
  out_meanBaseRate[62] = 456.4258253705138
  out_meanBaseRate[63] = 536.2947647863872
  out_meanBaseRate[64] = 220.45158589359653
  out_meanBaseRate[65] = 302.0437168011456
  out_meanBaseRate[66] = 229.01639549600515
  out_meanBaseRate[67] = 36.4683444267602
  out_meanBaseRate[68] = 168.05571104115506
  out_meanBaseRate[69] = 283.1112802553258
  out_meanBaseRate[70] = 685.9327823907233
  out_meanBaseRate[71] = 258.50981187552424
  out_meanBaseRate[72] = 221.24151691509493
  out_meanBaseRate[73] = 63.165335570822364
  out_meanBaseRate[74] = 3101.753160661612
  out_meanBaseRate[75] = 2157.975661150733
  out_meanBaseRate[76] = 4227.179447260349
  out_meanBaseRate[77] = 5910.323207035081
  out_meanBaseRate[78] = 11540.279874556094
  out_meanBaseRate[79] = 17817.137565565896
  out_meanBaseRate[80] = 14725.949509813781
  out_meanBaseRate[81] = 10017.075965779566
  out_meanBaseRate[82] = 51.777989429872584
  out_meanBaseRate[83] = 83.44749824904869
  out_meanBaseRate[84] = 70.6992450908905
  out_meanBaseRate[85] = 47.652222638985975
  out_meanBaseRate[86] = 93.9208676493322
  out_meanBaseRate[87] = 104.17636382995514
  out_meanBaseRate[88] = 140.0685085536938
  out_meanBaseRate[89] = 161.63838652040639
  out_meanBaseRate[90] = 172.32144994275654
  out_meanBaseRate[91] = 335.3197545868539
  out_meanBaseRate[92] = 210.2381378583526
  out_meanBaseRate[93] = 175.50974711210384
  out_meanBaseRate[94] = 200.71980369210922
  out_meanBaseRate[95] = 120.43841445199301
  out_meanBaseRate[96] = 141.29870702670334
  out_meanBaseRate[97] = 55.17228303626356
  out_meanBaseRate[98] = 37.85028903297345
  out_meanBaseRate[99] = 56.50009060703764
  out_meanBaseRate[100] = 31.473662886137234
  out_meanBaseRate[101] = 37.37591242186944
  out_meanBaseRate[102] = 48.25584801920952
  out_meanBaseRate[103] = 65.54696642773037
  out_meanBaseRate[104] = 34.59335757098726
  out_meanBaseRate[105] = 2065.3444268357857
  out_meanBaseRate[106] = 1602.69713253978
  out_meanBaseRate[107] = 1823.1061457569767
  out_meanBaseRate[108] = 646.9736164569039
  out_meanBaseRate[109] = 425.51538077731686
  out_meanBaseRate[110] = 420.6860118109805
  out_meanBaseRate[111] = 256.54558231875086
  out_meanBaseRate[112] = 306.76155913722033
  out_meanBaseRate[113] = 115.8708250958161
  out_meanBaseRate[114] = 94.51527073919685
  out_meanBaseRate[115] = 10.309148355788823
  out_meanBaseRate[116] = 9.17768434289912
  out_meanBaseRate[117] = 16.6690341800141
  out_meanBaseRate[118] = 8.95958374865947
  out_meanBaseRate[119] = 5.96258307218869
  out_meanBaseRate[120] = 11.35133008501367
  out_meanBaseRate[121] = 1.043495165568365
  out_meanBaseRate[122] = 3.5237346086030614
  out_meanBaseRate[123] = 107.18220068776986
  out_meanBaseRate[124] = 20.187052191285044
  out_meanBaseRate[125] = 15.753050789080202
  out_adjustedMeanBaseRate[1] = 155268.1668888951
  out_adjustedMeanBaseRate[2] = 158877.4143222005
  out_adjustedMeanBaseRate[3] = 159198.65228605949
  out_adjustedMeanBaseRate[4] = 167458.69395928804
  out_adjustedMeanBaseRate[5] = 170601.7579492007
  out_adjustedMeanBaseRate[6] = 179374.31009297198
  out_adjustedMeanBaseRate[7] = 187590.1330785611
  out_adjustedMeanBaseRate[8] = 192755.05644548053
  out_adjustedMeanBaseRate[9] = 199312.78052592586
  out_adjustedMeanBaseRate[10] = 217444.09042707426
  out_adjustedMeanBaseRate[11] = 216655.82037598206
  out_adjustedMeanBaseRate[12] = 213779.9514214912
  out_adjustedMeanBaseRate[13] = 217922.57236687376
  out_adjustedMeanBaseRate[14] = 222311.09793760497
  out_adjustedMeanBaseRate[15] = 220862.1321532406
  out_adjustedMeanBaseRate[16] = 221377.5944380755
  out_adjustedMeanBaseRate[17] = 221780.9234494446
  out_adjustedMeanBaseRate[18] = 221578.07970463994
  out_adjustedMeanBaseRate[19] = 221035.40910588342
  out_adjustedMeanBaseRate[20] = 221702.43857278768
  out_adjustedMeanBaseRate[21] = 215739.59782024485
  out_adjustedMeanBaseRate[22] = 216052.80164615245
  out_adjustedMeanBaseRate[23] = 214189.61342299508
  out_adjustedMeanBaseRate[24] = 213534.9720884513
  out_adjustedMeanBaseRate[25] = 216665.81661714258
  out_adjustedMeanBaseRate[26] = 214058.8263221652
  out_adjustedMeanBaseRate[27] = 215822.72957639626
  out_adjustedMeanBaseRate[28] = 212810.14827724156
  out_adjustedMeanBaseRate[29] = 216001.15844490973
  out_adjustedMeanBaseRate[30] = 210019.00526252252
  out_adjustedMeanBaseRate[31] = 221139.8640680926
  out_adjustedMeanBaseRate[32] = 220356.54538392313
  out_adjustedMeanBaseRate[33] = 218467.03122937863
  out_adjustedMeanBaseRate[34] = 216139.49194662343
  out_adjustedMeanBaseRate[35] = 219406.76280355387
  out_adjustedMeanBaseRate[36] = 242014.0251818517
  out_adjustedMeanBaseRate[37] = 241554.22117698807
  out_adjustedMeanBaseRate[38] = 238602.72782709583
  out_adjustedMeanBaseRate[39] = 226035.7011559064
  out_adjustedMeanBaseRate[40] = 276458.3589875284
  out_adjustedMeanBaseRate[41] = 293130.80776024837
  out_adjustedMeanBaseRate[42] = 12.54158935555342
  out_adjustedMeanBaseRate[43] = 139.72159086316998
  out_adjustedMeanBaseRate[44] = 152.7825726584394
  out_adjustedMeanBaseRate[45] = 146.09629074564896
  out_adjustedMeanBaseRate[46] = 1817.1445620691422
  out_adjustedMeanBaseRate[47] = 2476.774529083662
  out_adjustedMeanBaseRate[48] = 2570.3449858664258
  out_adjustedMeanBaseRate[49] = 2472.2663832881804
  out_adjustedMeanBaseRate[50] = 2904.462915294802
  out_adjustedMeanBaseRate[51] = 2605.7608280871623
  out_adjustedMeanBaseRate[52] = 1883.9223583586872
  out_adjustedMeanBaseRate[53] = 168.95355463908777
  out_adjustedMeanBaseRate[54] = 113.86588471824572
  out_adjustedMeanBaseRate[55] = 1687.284728995185
  out_adjustedMeanBaseRate[56] = 1192.4399606074003
  out_adjustedMeanBaseRate[57] = 821.2195668699877
  out_adjustedMeanBaseRate[58] = 1010.2151870322086
  out_adjustedMeanBaseRate[59] = 1125.8161536246646
  out_adjustedMeanBaseRate[60] = 814.3166205912988
  out_adjustedMeanBaseRate[61] = 750.6542399627539
  out_adjustedMeanBaseRate[62] = 456.4258253705138
  out_adjustedMeanBaseRate[63] = 536.2947647863872
  out_adjustedMeanBaseRate[64] = 220.45158589359653
  out_adjustedMeanBaseRate[65] = 302.0437168011456
  out_adjustedMeanBaseRate[66] = 229.01639549600515
  out_adjustedMeanBaseRate[67] = 36.4683444267602
  out_adjustedMeanBaseRate[68] = 168.05571104115506
  out_adjustedMeanBaseRate[69] = 283.1112802553258
  out_adjustedMeanBaseRate[70] = 685.9327823907233
  out_adjustedMeanBaseRate[71] = 258.50981187552424
  out_adjustedMeanBaseRate[72] = 221.24151691509493
  out_adjustedMeanBaseRate[73] = 63.165335570822364
  out_adjustedMeanBaseRate[74] = 3101.753160661612
  out_adjustedMeanBaseRate[75] = 2157.975661150733
  out_adjustedMeanBaseRate[76] = 4227.179447260349
  out_adjustedMeanBaseRate[77] = 5910.323207035081
  out_adjustedMeanBaseRate[78] = 11540.279874556094
  out_adjustedMeanBaseRate[79] = 17817.137565565896
  out_adjustedMeanBaseRate[80] = 14725.949509813781
  out_adjustedMeanBaseRate[81] = 10017.075965779566
  out_adjustedMeanBaseRate[82] = 51.777989429872584
  out_adjustedMeanBaseRate[83] = 83.44749824904869
  out_adjustedMeanBaseRate[84] = 70.6992450908905
  out_adjustedMeanBaseRate[85] = 47.652222638985975
  out_adjustedMeanBaseRate[86] = 93.9208676493322
  out_adjustedMeanBaseRate[87] = 104.17636382995514
  out_adjustedMeanBaseRate[88] = 140.0685085536938
  out_adjustedMeanBaseRate[89] = 161.63838652040639
  out_adjustedMeanBaseRate[90] = 172.32144994275654
  out_adjustedMeanBaseRate[91] = 335.3197545868539
  out_adjustedMeanBaseRate[92] = 210.2381378583526
  out_adjustedMeanBaseRate[93] = 175.50974711210384
  out_adjustedMeanBaseRate[94] = 200.71980369210922
  out_adjustedMeanBaseRate[95] = 120.43841445199301
  out_adjustedMeanBaseRate[96] = 141.29870702670334
  out_adjustedMeanBaseRate[97] = 55.17228303626356
  out_adjustedMeanBaseRate[98] = 37.85028903297345
  out_adjustedMeanBaseRate[99] = 56.50009060703764
  out_adjustedMeanBaseRate[100] = 31.473662886137234
  out_adjustedMeanBaseRate[101] = 37.37591242186944
  out_adjustedMeanBaseRate[102] = 48.25584801920952
  out_adjustedMeanBaseRate[103] = 65.54696642773037
  out_adjustedMeanBaseRate[104] = 34.59335757098726
  out_adjustedMeanBaseRate[105] = 2312.8157075428735
  out_adjustedMeanBaseRate[106] = 1794.7336310635835
  out_adjustedMeanBaseRate[107] = 2041.5522348902318
  out_adjustedMeanBaseRate[108] = 724.4945313067234
  out_adjustedMeanBaseRate[109] = 501.21709219961826
  out_adjustedMeanBaseRate[110] = 495.5285498347233
  out_adjustedMeanBaseRate[111] = 312.12088227643665
  out_adjustedMeanBaseRate[112] = 373.21511296749543
  out_adjustedMeanBaseRate[113] = 145.4587582200056
  out_adjustedMeanBaseRate[114] = 118.65000446128371
  out_adjustedMeanBaseRate[115] = 13.241021656565731
  out_adjustedMeanBaseRate[116] = 11.787774600528873
  out_adjustedMeanBaseRate[117] = 21.409629093916816
  out_adjustedMeanBaseRate[118] = 11.507647223177141
  out_adjustedMeanBaseRate[119] = 7.658313651446296
  out_adjustedMeanBaseRate[120] = 14.579594967424581
  out_adjustedMeanBaseRate[121] = 1.340260282320395
  out_adjustedMeanBaseRate[122] = 4.525868156539222
  out_adjustedMeanBaseRate[123] = 137.6643144055853
  out_adjustedMeanBaseRate[124] = 25.928154879732084
  out_adjustedMeanBaseRate[125] = 20.233144335154005
  out_emissionQuantKilojoules[1] = 12502741.216763949
  out_emissionQuantKilojoules[2] = 15272230.653545432
  out_emissionQuantKilojoules[3] = 16159237.292922817
  out_emissionQuantKilojoules[4] = 19098170.414798293
  out_emissionQuantKilojoules[5] = 19402514.4613464
  out_emissionQuantKilojoules[6] = 21803376.53145594
  out_emissionQuantKilojoules[7] = 21148728.916227143
  out_emissionQuantKilojoules[8] = 22106793.821841586
  out_emissionQuantKilojoules[9] = 19528557.946904883
  out_emissionQuantKilojoules[10] = 15614949.17806474
  out_emissionQuantKilojoules[11] = 15436482.489884298
  out_emissionQuantKilojoules[12] = 13603287.69675598
  out_emissionQuantKilojoules[13] = 17135038.684586085
  out_emissionQuantKilojoules[14] = 18460614.21565717
  out_emissionQuantKilojoules[15] = 15716527.244362202
  out_emissionQuantKilojoules[16] = 13941921.286765093
  out_emissionQuantKilojoules[17] = 11311723.267841648
  out_emissionQuantKilojoules[18] = 10205379.612333415
  out_emissionQuantKilojoules[19] = 8111998.929271843
  out_emissionQuantKilojoules[20] = 6487979.868865308
  out_emissionQuantKilojoules[21] = 5586274.34750096
  out_emissionQuantKilojoules[22] = 4072359.2099193395
  out_emissionQuantKilojoules[23] = 3105810.946360426
  out_emissionQuantKilojoules[24] = 2429706.889510824
  out_emissionQuantKilojoules[25] = 1802325.6587740395
  out_emissionQuantKilojoules[26] = 1660105.7959616184
  out_emissionQuantKilojoules[27] = 1230426.8091617234
  out_emissionQuantKilojoules[28] = 998059.5990196756
  out_emissionQuantKilojoules[29] = 855093.464632337
  out_emissionQuantKilojoules[30] = 819587.6894034836
  out_emissionQuantKilojoules[31] = 719053.6476329598
  out_emissionQuantKilojoules[32] = 697165.6886978183
  out_emissionQuantKilojoules[33] = 619264.6429984104
  out_emissionQuantKilojoules[34] = 602738.7527362553
  out_emissionQuantKilojoules[35] = 528596.9601357937
  out_emissionQuantKilojoules[36] = 449077.46312033536
  out_emissionQuantKilojoules[37] = 357507.0453646869
  out_emissionQuantKilojoules[38] = 263235.5171873625
  out_emissionQuantKilojoules[39] = 182402.2149278319
  out_emissionQuantKilojoules[40] = 156852.67260404973
  out_emissionQuantKilojoules[41] = 2104988.9275461244
  out_emissionQuantKilojoules[42] = 1205.5712652248128
  out_emissionQuantKilojoules[43] = 14182.245322313876
  out_emissionQuantKilojoules[44] = 17424.402042401925
  out_emissionQuantKilojoules[45] = 16615.51104758005
  out_emissionQuantKilojoules[46] = 220878.26890230618
  out_emissionQuantKilojoules[47] = 279229.1483703461
  out_emissionQuantKilojoules[48] = 294789.08466209366
  out_emissionQuantKilojoules[49] = 242231.31702258368
  out_emissionQuantKilojoules[50] = 208573.3427973406
  out_emissionQuantKilojoules[51] = 185657.51580451426
  out_emissionQuantKilojoules[52] = 119878.11611284666
  out_emissionQuantKilojoules[53] = 13284.652724112064
  out_emissionQuantKilojoules[54] = 9455.372177137086
  out_emissionQuantKilojoules[55] = 120067.01263686968
  out_emissionQuantKilojoules[56] = 75097.50077545457
  out_emissionQuantKilojoules[57] = 41885.51629278259
  out_emissionQuantKilojoules[58] = 46528.20119910174
  out_emissionQuantKilojoules[59] = 41317.44985883864
  out_emissionQuantKilojoules[60] = 23830.454348133895
  out_emissionQuantKilojoules[61] = 19437.138879069797
  out_emissionQuantKilojoules[62] = 8603.12802903081
  out_emissionQuantKilojoules[63] = 7776.428204573863
  out_emissionQuantKilojoules[64] = 2508.4075540908902
  out_emissionQuantKilojoules[65] = 2512.538199895778
  out_emissionQuantKilojoules[66] = 1776.1073068809433
  out_emissionQuantKilojoules[67] = 207.9096523174393
  out_emissionQuantKilojoules[68] = 788.1654936689836
  out_emissionQuantKilojoules[69] = 1120.7653109497853
  out_emissionQuantKilojoules[70] = 2676.8151934773296
  out_emissionQuantKilojoules[71] = 840.5649698725042
  out_emissionQuantKilojoules[72] = 699.9655682563421
  out_emissionQuantKilojoules[73] = 179.04788087256216
  out_emissionQuantKilojoules[74] = 8649.723447182945
  out_emissionQuantKilojoules[75] = 5199.016474950837
  out_emissionQuantKilojoules[76] = 7843.888472594406
  out_emissionQuantKilojoules[77] = 8747.444679715447
  out_emissionQuantKilojoules[78] = 12731.671464657535
  out_emissionQuantKilojoules[79] = 14377.752448014902
  out_emissionQuantKilojoules[80] = 8354.981725659405
  out_emissionQuantKilojoules[81] = 71933.18967551335
  out_emissionQuantKilojoules[82] = 4169.346592655215
  out_emissionQuantKilojoules[83] = 8021.463882438826
  out_emissionQuantKilojoules[84] = 7176.228325107803
  out_emissionQuantKilojoules[85] = 5434.595523744598
  out_emissionQuantKilojoules[86] = 10681.607356771712
  out_emissionQuantKilojoules[87] = 12662.886257709733
  out_emissionQuantKilojoules[88] = 15791.18724683531
  out_emissionQuantKilojoules[89] = 18538.06873031343
  out_emissionQuantKilojoules[90] = 16883.962041079747
  out_emissionQuantKilojoules[91] = 24079.75731136689
  out_emissionQuantKilojoules[92] = 14979.229859250581
  out_emissionQuantKilojoules[93] = 11168.070568243287
  out_emissionQuantKilojoules[94] = 15782.401812129252
  out_emissionQuantKilojoules[95] = 10001.152108779088
  out_emissionQuantKilojoules[96] = 10054.801866340456
  out_emissionQuantKilojoules[97] = 3474.640824674228
  out_emissionQuantKilojoules[98] = 1930.5176860552453
  out_emissionQuantKilojoules[99] = 2602.2649602553547
  out_emissionQuantKilojoules[100] = 1155.0833446341803
  out_emissionQuantKilojoules[101] = 1093.782138503397
  out_emissionQuantKilojoules[102] = 1249.5175138465884
  out_emissionQuantKilojoules[103] = 1235.4886878598138
  out_emissionQuantKilojoules[104] = 501.6136258818137
  out_emissionQuantKilojoules[105] = 186236.08981077946
  out_emissionQuantKilojoules[106] = 172520.34275741686
  out_emissionQuantKilojoules[107] = 207224.91387809932
  out_emissionQuantKilojoules[108] = 82626.46564560634
  out_emissionQuantKilojoules[109] = 57003.35094186319
  out_emissionQuantKilojoules[110] = 60232.68074749863
  out_emissionQuantKilojoules[111] = 35188.20430493314
  out_emissionQuantKilojoules[112] = 42803.49219218206
  out_emissionQuantKilojoules[113] = 14251.970100907361
  out_emissionQuantKilojoules[114] = 8520.414539669715
  out_emissionQuantKilojoules[115] = 943.407837347971
  out_emissionQuantKilojoules[116] = 750.0819797613019
  out_emissionQuantKilojoules[117] = 1683.418191894791
  out_emissionQuantKilojoules[118] = 955.5898823214654
  out_emissionQuantKilojoules[119] = 544.9648338327004
  out_emissionQuantKilojoules[120] = 918.193938933638
  out_emissionQuantKilojoules[121] = 68.35869011945714
  out_emissionQuantKilojoules[122] = 208.45113683818602
  out_emissionQuantKilojoules[123] = 5052.279974391332
  out_emissionQuantKilojoules[124] = 758.770846091954
  out_emissionQuantKilojoules[125] = 523.908899018763
  out_emissionQuant[1] = 11.850311643927064
  out_emissionQuant[2] = 14.475281028754429
  out_emissionQuant[3] = 15.316001069633197
  out_emissionQuant[4] = 18.1015720729094
  out_emissionQuant[5] = 18.390034557738975
  out_emissionQuant[6] = 20.665612629108978
  out_emissionQuant[7] = 20.04512643948737
  out_emissionQuant[8] = 20.953196718620866
  out_emissionQuant[9] = 18.509500725890334
  out_emissionQuant[10] = 14.800115499154819
  out_emissionQuant[11] = 14.630961724288065
  out_emissionQuant[12] = 12.893428392520223
  out_emissionQuant[13] = 16.24088229314303
  out_emissionQuant[14] = 17.497285419338603
  out_emissionQuant[15] = 14.89639292511629
  out_emissionQuant[16] = 13.214391092230365
  out_emissionQuant[17] = 10.721444492032742
  out_emissionQuant[18] = 9.672833081482615
  out_emissionQuant[19] = 7.688691119846675
  out_emissionQuant[20] = 6.149418119803233
  out_emissionQuant[21] = 5.294766227553402
  out_emissionQuant[22] = 3.8598516058905874
  out_emissionQuant[23] = 2.943740655220662
  out_emissionQuant[24] = 2.302917683803127
  out_emissionQuant[25] = 1.7082750390515224
  out_emissionQuant[26] = 1.5734766242827685
  out_emissionQuant[27] = 1.1662195426438762
  out_emissionQuant[28] = 0.9459779325623178
  out_emissionQuant[29] = 0.8104721888502181
  out_emissionQuant[30] = 0.7768192087295882
  out_emissionQuant[31] = 0.6815313270443393
  out_emissionQuant[32] = 0.6607855457685401
  out_emissionQuant[33] = 0.5869496042801242
  out_emissionQuant[34] = 0.5712860832646453
  out_emissionQuant[35] = 0.5010132260629921
  out_emissionQuant[36] = 0.4256432887777181
  out_emissionQuant[37] = 0.3388512830122905
  out_emissionQuant[38] = 0.24949911866031216
  out_emissionQuant[39] = 0.17288393432787008
  out_emissionQuant[40] = 0.14866764178471464
  out_emissionQuant[41] = 1.9951444540010859
  out_emissionQuant[42] = 0.001142661033623728
  out_emissionQuant[43] = 0.013442174317317096
  out_emissionQuant[44] = 0.01651514582535572
  out_emissionQuant[45] = 0.01574846512642605
  out_emissionQuant[46] = 0.20935219536927488
  out_emissionQuant[47] = 0.2646581554307654
  out_emissionQuant[48] = 0.2794061287767725
  out_emissionQuant[49] = 0.2295909790396733
  out_emissionQuant[50] = 0.19768937626654717
  out_emissionQuant[51] = 0.17596936409200142
  out_emissionQuant[52] = 0.11362252570015166
  out_emissionQuant[53] = 0.012591420723880187
  out_emissionQuant[54] = 0.008961963225964695
  out_emissionQuant[55] = 0.11380156505154813
  out_emissionQuant[56] = 0.0711786937312559
  out_emissionQuant[57] = 0.03969980765263962
  out_emissionQuant[58] = 0.04410022369345713
  out_emissionQuant[59] = 0.03916138458525149
  out_emissionQuant[60] = 0.022586911601682802
  out_emissionQuant[61] = 0.01842285217216433
  out_emissionQuant[62] = 0.00815419166797779
  out_emissionQuant[63] = 0.007370631456185271
  out_emissionQuant[64] = 0.0023775115177223217
  out_emissionQuant[65] = 0.0023814266143583267
  out_emissionQuant[66] = 0.0016834248373768092
  out_emissionQuant[67] = 0.0001970603190953572
  out_emissionQuant[68] = 0.0007470367149920525
  out_emissionQuant[69] = 0.0010622805018670434
  out_emissionQuant[70] = 0.002537131154356209
  out_emissionQuant[71] = 0.0007967018334028596
  out_emissionQuant[72] = 0.0006634393194297496
  out_emissionQuant[73] = 0.00016970463922580986
  out_emissionQuant[74] = 0.008198355601047248
  out_emissionQuant[75] = 0.004927716602457591
  out_emissionQuant[76] = 0.007434571450284677
  out_emissionQuant[77] = 0.008290977454100248
  out_emissionQuant[78] = 0.01206729564249395
  out_emissionQuant[79] = 0.013627479309878178
  out_emissionQuant[80] = 0.007918994363862052
  out_emissionQuant[81] = 0.06817950563142042
  out_emissionQuant[82] = 0.003951777903573843
  out_emissionQuant[83] = 0.007602880456323523
  out_emissionQuant[84] = 0.006801751760364358
  out_emissionQuant[85] = 0.0051510024480642186
  out_emissionQuant[86] = 0.010124209870559191
  out_emissionQuant[87] = 0.012002099848652316
  out_emissionQuant[88] = 0.014967156950485096
  out_emissionQuant[89] = 0.017570698131078578
  out_emissionQuant[90] = 0.016002907562603787
  out_emissionQuant[91] = 0.022823205207768506
  out_emissionQuant[92] = 0.014197569872127704
  out_emissionQuant[93] = 0.010585288010088647
  out_emissionQuant[94] = 0.014958829965435244
  out_emissionQuant[95] = 0.009479262765867748
  out_emissionQuant[96] = 0.009530112922301515
  out_emissionQuant[97] = 0.0032933239126706247
  out_emissionQuant[98] = 0.0018297776317399343
  out_emissionQuant[99] = 0.0024664711701582395
  out_emissionQuant[100] = 0.0010948077202678837
  out_emissionQuant[101] = 0.0010367053902105062
  out_emissionQuant[102] = 0.001184314038570457
  out_emissionQuant[103] = 0.001171017277719421
  out_emissionQuant[104] = 0.0004754379610424562
  out_emissionQuant[105] = 0.17651774641588133
  out_emissionQuant[106] = 0.16351772712461665
  out_emissionQuant[107] = 0.19641131230875947
  out_emissionQuant[108] = 0.07831477521295917
  out_emissionQuant[109] = 0.05402874951162605
  out_emissionQuant[110] = 0.05708956345109166
  out_emissionQuant[111] = 0.0333519809755418
  out_emissionQuant[112] = 0.04056988088705257
  out_emissionQuant[113] = 0.01350826065321028
  out_emissionQuant[114] = 0.008075794410201122
  out_emissionQuant[115] = 0.0008941780595207998
  out_emissionQuant[116] = 0.0007109405101296545
  out_emissionQuant[117] = 0.0015955725112714795
  out_emissionQuant[118] = 0.0009057244097885859
  out_emissionQuant[119] = 0.0005165269762793614
  out_emissionQuant[120] = 0.0008702798960070627
  out_emissionQuant[121] = 0.00006479153390778358
  out_emissionQuant[122] = 0.00019757354737145774
  out_emissionQuant[123] = 0.004788637241298145
  out_emissionQuant[124] = 0.0007191759660241262
  out_emissionQuant[125] = 0.0004965698016747387
  out_yearID[1] = 2020
  out_yearID[2] = 2020
  out_yearID[3] = 2020
  out_yearID[4] = 2020
  out_yearID[5] = 2020
  out_yearID[6] = 2020
  out_yearID[7] = 2020
  out_yearID[8] = 2020
  out_yearID[9] = 2020
  out_yearID[10] = 2020
  out_yearID[11] = 2020
  out_yearID[12] = 2020
  out_yearID[13] = 2020
  out_yearID[14] = 2020
  out_yearID[15] = 2020
  out_yearID[16] = 2020
  out_yearID[17] = 2020
  out_yearID[18] = 2020
  out_yearID[19] = 2020
  out_yearID[20] = 2020
  out_yearID[21] = 2020
  out_yearID[22] = 2020
  out_yearID[23] = 2020
  out_yearID[24] = 2020
  out_yearID[25] = 2020
  out_yearID[26] = 2020
  out_yearID[27] = 2020
  out_yearID[28] = 2020
  out_yearID[29] = 2020
  out_yearID[30] = 2020
  out_yearID[31] = 2020
  out_yearID[32] = 2020
  out_yearID[33] = 2020
  out_yearID[34] = 2020
  out_yearID[35] = 2020
  out_yearID[36] = 2020
  out_yearID[37] = 2020
  out_yearID[38] = 2020
  out_yearID[39] = 2020
  out_yearID[40] = 2020
  out_yearID[41] = 2020
  out_yearID[42] = 2020
  out_yearID[43] = 2020
  out_yearID[44] = 2020
  out_yearID[45] = 2020
  out_yearID[46] = 2020
  out_yearID[47] = 2020
  out_yearID[48] = 2020
  out_yearID[49] = 2020
  out_yearID[50] = 2020
  out_yearID[51] = 2020
  out_yearID[52] = 2020
  out_yearID[53] = 2020
  out_yearID[54] = 2020
  out_yearID[55] = 2020
  out_yearID[56] = 2020
  out_yearID[57] = 2020
  out_yearID[58] = 2020
  out_yearID[59] = 2020
  out_yearID[60] = 2020
  out_yearID[61] = 2020
  out_yearID[62] = 2020
  out_yearID[63] = 2020
  out_yearID[64] = 2020
  out_yearID[65] = 2020
  out_yearID[66] = 2020
  out_yearID[67] = 2020
  out_yearID[68] = 2020
  out_yearID[69] = 2020
  out_yearID[70] = 2020
  out_yearID[71] = 2020
  out_yearID[72] = 2020
  out_yearID[73] = 2020
  out_yearID[74] = 2020
  out_yearID[75] = 2020
  out_yearID[76] = 2020
  out_yearID[77] = 2020
  out_yearID[78] = 2020
  out_yearID[79] = 2020
  out_yearID[80] = 2020
  out_yearID[81] = 2020
  out_yearID[82] = 2020
  out_yearID[83] = 2020
  out_yearID[84] = 2020
  out_yearID[85] = 2020
  out_yearID[86] = 2020
  out_yearID[87] = 2020
  out_yearID[88] = 2020
  out_yearID[89] = 2020
  out_yearID[90] = 2020
  out_yearID[91] = 2020
  out_yearID[92] = 2020
  out_yearID[93] = 2020
  out_yearID[94] = 2020
  out_yearID[95] = 2020
  out_yearID[96] = 2020
  out_yearID[97] = 2020
  out_yearID[98] = 2020
  out_yearID[99] = 2020
  out_yearID[100] = 2020
  out_yearID[101] = 2020
  out_yearID[102] = 2020
  out_yearID[103] = 2020
  out_yearID[104] = 2020
  out_yearID[105] = 2020
  out_yearID[106] = 2020
  out_yearID[107] = 2020
  out_yearID[108] = 2020
  out_yearID[109] = 2020
  out_yearID[110] = 2020
  out_yearID[111] = 2020
  out_yearID[112] = 2020
  out_yearID[113] = 2020
  out_yearID[114] = 2020
  out_yearID[115] = 2020
  out_yearID[116] = 2020
  out_yearID[117] = 2020
  out_yearID[118] = 2020
  out_yearID[119] = 2020
  out_yearID[120] = 2020
  out_yearID[121] = 2020
  out_yearID[122] = 2020
  out_yearID[123] = 2020
  out_yearID[124] = 2020
  out_yearID[125] = 2020
  out_monthID[1] = 8
  out_monthID[2] = 8
  out_monthID[3] = 8
  out_monthID[4] = 8
  out_monthID[5] = 8
  out_monthID[6] = 8
  out_monthID[7] = 8
  out_monthID[8] = 8
  out_monthID[9] = 8
  out_monthID[10] = 8
  out_monthID[11] = 8
  out_monthID[12] = 8
  out_monthID[13] = 8
  out_monthID[14] = 8
  out_monthID[15] = 8
  out_monthID[16] = 8
  out_monthID[17] = 8
  out_monthID[18] = 8
  out_monthID[19] = 8
  out_monthID[20] = 8
  out_monthID[21] = 8
  out_monthID[22] = 8
  out_monthID[23] = 8
  out_monthID[24] = 8
  out_monthID[25] = 8
  out_monthID[26] = 8
  out_monthID[27] = 8
  out_monthID[28] = 8
  out_monthID[29] = 8
  out_monthID[30] = 8
  out_monthID[31] = 8
  out_monthID[32] = 8
  out_monthID[33] = 8
  out_monthID[34] = 8
  out_monthID[35] = 8
  out_monthID[36] = 8
  out_monthID[37] = 8
  out_monthID[38] = 8
  out_monthID[39] = 8
  out_monthID[40] = 8
  out_monthID[41] = 8
  out_monthID[42] = 8
  out_monthID[43] = 8
  out_monthID[44] = 8
  out_monthID[45] = 8
  out_monthID[46] = 8
  out_monthID[47] = 8
  out_monthID[48] = 8
  out_monthID[49] = 8
  out_monthID[50] = 8
  out_monthID[51] = 8
  out_monthID[52] = 8
  out_monthID[53] = 8
  out_monthID[54] = 8
  out_monthID[55] = 8
  out_monthID[56] = 8
  out_monthID[57] = 8
  out_monthID[58] = 8
  out_monthID[59] = 8
  out_monthID[60] = 8
  out_monthID[61] = 8
  out_monthID[62] = 8
  out_monthID[63] = 8
  out_monthID[64] = 8
  out_monthID[65] = 8
  out_monthID[66] = 8
  out_monthID[67] = 8
  out_monthID[68] = 8
  out_monthID[69] = 8
  out_monthID[70] = 8
  out_monthID[71] = 8
  out_monthID[72] = 8
  out_monthID[73] = 8
  out_monthID[74] = 8
  out_monthID[75] = 8
  out_monthID[76] = 8
  out_monthID[77] = 8
  out_monthID[78] = 8
  out_monthID[79] = 8
  out_monthID[80] = 8
  out_monthID[81] = 8
  out_monthID[82] = 8
  out_monthID[83] = 8
  out_monthID[84] = 8
  out_monthID[85] = 8
  out_monthID[86] = 8
  out_monthID[87] = 8
  out_monthID[88] = 8
  out_monthID[89] = 8
  out_monthID[90] = 8
  out_monthID[91] = 8
  out_monthID[92] = 8
  out_monthID[93] = 8
  out_monthID[94] = 8
  out_monthID[95] = 8
  out_monthID[96] = 8
  out_monthID[97] = 8
  out_monthID[98] = 8
  out_monthID[99] = 8
  out_monthID[100] = 8
  out_monthID[101] = 8
  out_monthID[102] = 8
  out_monthID[103] = 8
  out_monthID[104] = 8
  out_monthID[105] = 8
  out_monthID[106] = 8
  out_monthID[107] = 8
  out_monthID[108] = 8
  out_monthID[109] = 8
  out_monthID[110] = 8
  out_monthID[111] = 8
  out_monthID[112] = 8
  out_monthID[113] = 8
  out_monthID[114] = 8
  out_monthID[115] = 8
  out_monthID[116] = 8
  out_monthID[117] = 8
  out_monthID[118] = 8
  out_monthID[119] = 8
  out_monthID[120] = 8
  out_monthID[121] = 8
  out_monthID[122] = 8
  out_monthID[123] = 8
  out_monthID[124] = 8
  out_monthID[125] = 8
  out_hourID[1] = 9
  out_hourID[2] = 9
  out_hourID[3] = 9
  out_hourID[4] = 9
  out_hourID[5] = 9
  out_hourID[6] = 9
  out_hourID[7] = 9
  out_hourID[8] = 9
  out_hourID[9] = 9
  out_hourID[10] = 9
  out_hourID[11] = 9
  out_hourID[12] = 9
  out_hourID[13] = 9
  out_hourID[14] = 9
  out_hourID[15] = 9
  out_hourID[16] = 9
  out_hourID[17] = 9
  out_hourID[18] = 9
  out_hourID[19] = 9
  out_hourID[20] = 9
  out_hourID[21] = 9
  out_hourID[22] = 9
  out_hourID[23] = 9
  out_hourID[24] = 9
  out_hourID[25] = 9
  out_hourID[26] = 9
  out_hourID[27] = 9
  out_hourID[28] = 9
  out_hourID[29] = 9
  out_hourID[30] = 9
  out_hourID[31] = 9
  out_hourID[32] = 9
  out_hourID[33] = 9
  out_hourID[34] = 9
  out_hourID[35] = 9
  out_hourID[36] = 9
  out_hourID[37] = 9
  out_hourID[38] = 9
  out_hourID[39] = 9
  out_hourID[40] = 9
  out_hourID[41] = 9
  out_hourID[42] = 9
  out_hourID[43] = 9
  out_hourID[44] = 9
  out_hourID[45] = 9
  out_hourID[46] = 9
  out_hourID[47] = 9
  out_hourID[48] = 9
  out_hourID[49] = 9
  out_hourID[50] = 9
  out_hourID[51] = 9
  out_hourID[52] = 9
  out_hourID[53] = 9
  out_hourID[54] = 9
  out_hourID[55] = 9
  out_hourID[56] = 9
  out_hourID[57] = 9
  out_hourID[58] = 9
  out_hourID[59] = 9
  out_hourID[60] = 9
  out_hourID[61] = 9
  out_hourID[62] = 9
  out_hourID[63] = 9
  out_hourID[64] = 9
  out_hourID[65] = 9
  out_hourID[66] = 9
  out_hourID[67] = 9
  out_hourID[68] = 9
  out_hourID[69] = 9
  out_hourID[70] = 9
  out_hourID[71] = 9
  out_hourID[72] = 9
  out_hourID[73] = 9
  out_hourID[74] = 9
  out_hourID[75] = 9
  out_hourID[76] = 9
  out_hourID[77] = 9
  out_hourID[78] = 9
  out_hourID[79] = 9
  out_hourID[80] = 9
  out_hourID[81] = 9
  out_hourID[82] = 9
  out_hourID[83] = 9
  out_hourID[84] = 9
  out_hourID[85] = 9
  out_hourID[86] = 9
  out_hourID[87] = 9
  out_hourID[88] = 9
  out_hourID[89] = 9
  out_hourID[90] = 9
  out_hourID[91] = 9
  out_hourID[92] = 9
  out_hourID[93] = 9
  out_hourID[94] = 9
  out_hourID[95] = 9
  out_hourID[96] = 9
  out_hourID[97] = 9
  out_hourID[98] = 9
  out_hourID[99] = 9
  out_hourID[100] = 9
  out_hourID[101] = 9
  out_hourID[102] = 9
  out_hourID[103] = 9
  out_hourID[104] = 9
  out_hourID[105] = 9
  out_hourID[106] = 9
  out_hourID[107] = 9
  out_hourID[108] = 9
  out_hourID[109] = 9
  out_hourID[110] = 9
  out_hourID[111] = 9
  out_hourID[112] = 9
  out_hourID[113] = 9
  out_hourID[114] = 9
  out_hourID[115] = 9
  out_hourID[116] = 9
  out_hourID[117] = 9
  out_hourID[118] = 9
  out_hourID[119] = 9
  out_hourID[120] = 9
  out_hourID[121] = 9
  out_hourID[122] = 9
  out_hourID[123] = 9
  out_hourID[124] = 9
  out_hourID[125] = 9
  out_stateID[1] = 26
  out_stateID[2] = 26
  out_stateID[3] = 26
  out_stateID[4] = 26
  out_stateID[5] = 26
  out_stateID[6] = 26
  out_stateID[7] = 26
  out_stateID[8] = 26
  out_stateID[9] = 26
  out_stateID[10] = 26
  out_stateID[11] = 26
  out_stateID[12] = 26
  out_stateID[13] = 26
  out_stateID[14] = 26
  out_stateID[15] = 26
  out_stateID[16] = 26
  out_stateID[17] = 26
  out_stateID[18] = 26
  out_stateID[19] = 26
  out_stateID[20] = 26
  out_stateID[21] = 26
  out_stateID[22] = 26
  out_stateID[23] = 26
  out_stateID[24] = 26
  out_stateID[25] = 26
  out_stateID[26] = 26
  out_stateID[27] = 26
  out_stateID[28] = 26
  out_stateID[29] = 26
  out_stateID[30] = 26
  out_stateID[31] = 26
  out_stateID[32] = 26
  out_stateID[33] = 26
  out_stateID[34] = 26
  out_stateID[35] = 26
  out_stateID[36] = 26
  out_stateID[37] = 26
  out_stateID[38] = 26
  out_stateID[39] = 26
  out_stateID[40] = 26
  out_stateID[41] = 26
  out_stateID[42] = 26
  out_stateID[43] = 26
  out_stateID[44] = 26
  out_stateID[45] = 26
  out_stateID[46] = 26
  out_stateID[47] = 26
  out_stateID[48] = 26
  out_stateID[49] = 26
  out_stateID[50] = 26
  out_stateID[51] = 26
  out_stateID[52] = 26
  out_stateID[53] = 26
  out_stateID[54] = 26
  out_stateID[55] = 26
  out_stateID[56] = 26
  out_stateID[57] = 26
  out_stateID[58] = 26
  out_stateID[59] = 26
  out_stateID[60] = 26
  out_stateID[61] = 26
  out_stateID[62] = 26
  out_stateID[63] = 26
  out_stateID[64] = 26
  out_stateID[65] = 26
  out_stateID[66] = 26
  out_stateID[67] = 26
  out_stateID[68] = 26
  out_stateID[69] = 26
  out_stateID[70] = 26
  out_stateID[71] = 26
  out_stateID[72] = 26
  out_stateID[73] = 26
  out_stateID[74] = 26
  out_stateID[75] = 26
  out_stateID[76] = 26
  out_stateID[77] = 26
  out_stateID[78] = 26
  out_stateID[79] = 26
  out_stateID[80] = 26
  out_stateID[81] = 26
  out_stateID[82] = 26
  out_stateID[83] = 26
  out_stateID[84] = 26
  out_stateID[85] = 26
  out_stateID[86] = 26
  out_stateID[87] = 26
  out_stateID[88] = 26
  out_stateID[89] = 26
  out_stateID[90] = 26
  out_stateID[91] = 26
  out_stateID[92] = 26
  out_stateID[93] = 26
  out_stateID[94] = 26
  out_stateID[95] = 26
  out_stateID[96] = 26
  out_stateID[97] = 26
  out_stateID[98] = 26
  out_stateID[99] = 26
  out_stateID[100] = 26
  out_stateID[101] = 26
  out_stateID[102] = 26
  out_stateID[103] = 26
  out_stateID[104] = 26
  out_stateID[105] = 26
  out_stateID[106] = 26
  out_stateID[107] = 26
  out_stateID[108] = 26
  out_stateID[109] = 26
  out_stateID[110] = 26
  out_stateID[111] = 26
  out_stateID[112] = 26
  out_stateID[113] = 26
  out_stateID[114] = 26
  out_stateID[115] = 26
  out_stateID[116] = 26
  out_stateID[117] = 26
  out_stateID[118] = 26
  out_stateID[119] = 26
  out_stateID[120] = 26
  out_stateID[121] = 26
  out_stateID[122] = 26
  out_stateID[123] = 26
  out_stateID[124] = 26
  out_stateID[125] = 26
  out_countyID[1] = 26161
  out_countyID[2] = 26161
  out_countyID[3] = 26161
  out_countyID[4] = 26161
  out_countyID[5] = 26161
  out_countyID[6] = 26161
  out_countyID[7] = 26161
  out_countyID[8] = 26161
  out_countyID[9] = 26161
  out_countyID[10] = 26161
  out_countyID[11] = 26161
  out_countyID[12] = 26161
  out_countyID[13] = 26161
  out_countyID[14] = 26161
  out_countyID[15] = 26161
  out_countyID[16] = 26161
  out_countyID[17] = 26161
  out_countyID[18] = 26161
  out_countyID[19] = 26161
  out_countyID[20] = 26161
  out_countyID[21] = 26161
  out_countyID[22] = 26161
  out_countyID[23] = 26161
  out_countyID[24] = 26161
  out_countyID[25] = 26161
  out_countyID[26] = 26161
  out_countyID[27] = 26161
  out_countyID[28] = 26161
  out_countyID[29] = 26161
  out_countyID[30] = 26161
  out_countyID[31] = 26161
  out_countyID[32] = 26161
  out_countyID[33] = 26161
  out_countyID[34] = 26161
  out_countyID[35] = 26161
  out_countyID[36] = 26161
  out_countyID[37] = 26161
  out_countyID[38] = 26161
  out_countyID[39] = 26161
  out_countyID[40] = 26161
  out_countyID[41] = 26161
  out_countyID[42] = 26161
  out_countyID[43] = 26161
  out_countyID[44] = 26161
  out_countyID[45] = 26161
  out_countyID[46] = 26161
  out_countyID[47] = 26161
  out_countyID[48] = 26161
  out_countyID[49] = 26161
  out_countyID[50] = 26161
  out_countyID[51] = 26161
  out_countyID[52] = 26161
  out_countyID[53] = 26161
  out_countyID[54] = 26161
  out_countyID[55] = 26161
  out_countyID[56] = 26161
  out_countyID[57] = 26161
  out_countyID[58] = 26161
  out_countyID[59] = 26161
  out_countyID[60] = 26161
  out_countyID[61] = 26161
  out_countyID[62] = 26161
  out_countyID[63] = 26161
  out_countyID[64] = 26161
  out_countyID[65] = 26161
  out_countyID[66] = 26161
  out_countyID[67] = 26161
  out_countyID[68] = 26161
  out_countyID[69] = 26161
  out_countyID[70] = 26161
  out_countyID[71] = 26161
  out_countyID[72] = 26161
  out_countyID[73] = 26161
  out_countyID[74] = 26161
  out_countyID[75] = 26161
  out_countyID[76] = 26161
  out_countyID[77] = 26161
  out_countyID[78] = 26161
  out_countyID[79] = 26161
  out_countyID[80] = 26161
  out_countyID[81] = 26161
  out_countyID[82] = 26161
  out_countyID[83] = 26161
  out_countyID[84] = 26161
  out_countyID[85] = 26161
  out_countyID[86] = 26161
  out_countyID[87] = 26161
  out_countyID[88] = 26161
  out_countyID[89] = 26161
  out_countyID[90] = 26161
  out_countyID[91] = 26161
  out_countyID[92] = 26161
  out_countyID[93] = 26161
  out_countyID[94] = 26161
  out_countyID[95] = 26161
  out_countyID[96] = 26161
  out_countyID[97] = 26161
  out_countyID[98] = 26161
  out_countyID[99] = 26161
  out_countyID[100] = 26161
  out_countyID[101] = 26161
  out_countyID[102] = 26161
  out_countyID[103] = 26161
  out_countyID[104] = 26161
  out_countyID[105] = 26161
  out_countyID[106] = 26161
  out_countyID[107] = 26161
  out_countyID[108] = 26161
  out_countyID[109] = 26161
  out_countyID[110] = 26161
  out_countyID[111] = 26161
  out_countyID[112] = 26161
  out_countyID[113] = 26161
  out_countyID[114] = 26161
  out_countyID[115] = 26161
  out_countyID[116] = 26161
  out_countyID[117] = 26161
  out_countyID[118] = 26161
  out_countyID[119] = 26161
  out_countyID[120] = 26161
  out_countyID[121] = 26161
  out_countyID[122] = 26161
  out_countyID[123] = 26161
  out_countyID[124] = 26161
  out_countyID[125] = 26161
  out_sourceTypeID[1] = 21
  out_sourceTypeID[2] = 21
  out_sourceTypeID[3] = 21
  out_sourceTypeID[4] = 21
  out_sourceTypeID[5] = 21
  out_sourceTypeID[6] = 21
  out_sourceTypeID[7] = 21
  out_sourceTypeID[8] = 21
  out_sourceTypeID[9] = 21
  out_sourceTypeID[10] = 21
  out_sourceTypeID[11] = 21
  out_sourceTypeID[12] = 21
  out_sourceTypeID[13] = 21
  out_sourceTypeID[14] = 21
  out_sourceTypeID[15] = 21
  out_sourceTypeID[16] = 21
  out_sourceTypeID[17] = 21
  out_sourceTypeID[18] = 21
  out_sourceTypeID[19] = 21
  out_sourceTypeID[20] = 21
  out_sourceTypeID[21] = 21
  out_sourceTypeID[22] = 21
  out_sourceTypeID[23] = 21
  out_sourceTypeID[24] = 21
  out_sourceTypeID[25] = 21
  out_sourceTypeID[26] = 21
  out_sourceTypeID[27] = 21
  out_sourceTypeID[28] = 21
  out_sourceTypeID[29] = 21
  out_sourceTypeID[30] = 21
  out_sourceTypeID[31] = 21
  out_sourceTypeID[32] = 21
  out_sourceTypeID[33] = 21
  out_sourceTypeID[34] = 21
  out_sourceTypeID[35] = 21
  out_sourceTypeID[36] = 21
  out_sourceTypeID[37] = 21
  out_sourceTypeID[38] = 21
  out_sourceTypeID[39] = 21
  out_sourceTypeID[40] = 21
  out_sourceTypeID[41] = 21
  out_sourceTypeID[42] = 21
  out_sourceTypeID[43] = 21
  out_sourceTypeID[44] = 21
  out_sourceTypeID[45] = 21
  out_sourceTypeID[46] = 21
  out_sourceTypeID[47] = 21
  out_sourceTypeID[48] = 21
  out_sourceTypeID[49] = 21
  out_sourceTypeID[50] = 21
  out_sourceTypeID[51] = 21
  out_sourceTypeID[52] = 21
  out_sourceTypeID[53] = 21
  out_sourceTypeID[54] = 21
  out_sourceTypeID[55] = 21
  out_sourceTypeID[56] = 21
  out_sourceTypeID[57] = 21
  out_sourceTypeID[58] = 21
  out_sourceTypeID[59] = 21
  out_sourceTypeID[60] = 21
  out_sourceTypeID[61] = 21
  out_sourceTypeID[62] = 21
  out_sourceTypeID[63] = 21
  out_sourceTypeID[64] = 21
  out_sourceTypeID[65] = 21
  out_sourceTypeID[66] = 21
  out_sourceTypeID[67] = 21
  out_sourceTypeID[68] = 21
  out_sourceTypeID[69] = 21
  out_sourceTypeID[70] = 21
  out_sourceTypeID[71] = 21
  out_sourceTypeID[72] = 21
  out_sourceTypeID[73] = 21
  out_sourceTypeID[74] = 21
  out_sourceTypeID[75] = 21
  out_sourceTypeID[76] = 21
  out_sourceTypeID[77] = 21
  out_sourceTypeID[78] = 21
  out_sourceTypeID[79] = 21
  out_sourceTypeID[80] = 21
  out_sourceTypeID[81] = 21
  out_sourceTypeID[82] = 21
  out_sourceTypeID[83] = 21
  out_sourceTypeID[84] = 21
  out_sourceTypeID[85] = 21
  out_sourceTypeID[86] = 21
  out_sourceTypeID[87] = 21
  out_sourceTypeID[88] = 21
  out_sourceTypeID[89] = 21
  out_sourceTypeID[90] = 21
  out_sourceTypeID[91] = 21
  out_sourceTypeID[92] = 21
  out_sourceTypeID[93] = 21
  out_sourceTypeID[94] = 21
  out_sourceTypeID[95] = 21
  out_sourceTypeID[96] = 21
  out_sourceTypeID[97] = 21
  out_sourceTypeID[98] = 21
  out_sourceTypeID[99] = 21
  out_sourceTypeID[100] = 21
  out_sourceTypeID[101] = 21
  out_sourceTypeID[102] = 21
  out_sourceTypeID[103] = 21
  out_sourceTypeID[104] = 21
  out_sourceTypeID[105] = 21
  out_sourceTypeID[106] = 21
  out_sourceTypeID[107] = 21
  out_sourceTypeID[108] = 21
  out_sourceTypeID[109] = 21
  out_sourceTypeID[110] = 21
  out_sourceTypeID[111] = 21
  out_sourceTypeID[112] = 21
  out_sourceTypeID[113] = 21
  out_sourceTypeID[114] = 21
  out_sourceTypeID[115] = 21
  out_sourceTypeID[116] = 21
  out_sourceTypeID[117] = 21
  out_sourceTypeID[118] = 21
  out_sourceTypeID[119] = 21
  out_sourceTypeID[120] = 21
  out_sourceTypeID[121] = 21
  out_sourceTypeID[122] = 21
  out_sourceTypeID[123] = 21
  out_sourceTypeID[124] = 21
  out_sourceTypeID[125] = 21
  out_roadTypeID[1] = 4
  out_roadTypeID[2] = 4
  out_roadTypeID[3] = 4
  out_roadTypeID[4] = 4
  out_roadTypeID[5] = 4
  out_roadTypeID[6] = 4
  out_roadTypeID[7] = 4
  out_roadTypeID[8] = 4
  out_roadTypeID[9] = 4
  out_roadTypeID[10] = 4
  out_roadTypeID[11] = 4
  out_roadTypeID[12] = 4
  out_roadTypeID[13] = 4
  out_roadTypeID[14] = 4
  out_roadTypeID[15] = 4
  out_roadTypeID[16] = 4
  out_roadTypeID[17] = 4
  out_roadTypeID[18] = 4
  out_roadTypeID[19] = 4
  out_roadTypeID[20] = 4
  out_roadTypeID[21] = 4
  out_roadTypeID[22] = 4
  out_roadTypeID[23] = 4
  out_roadTypeID[24] = 4
  out_roadTypeID[25] = 4
  out_roadTypeID[26] = 4
  out_roadTypeID[27] = 4
  out_roadTypeID[28] = 4
  out_roadTypeID[29] = 4
  out_roadTypeID[30] = 4
  out_roadTypeID[31] = 4
  out_roadTypeID[32] = 4
  out_roadTypeID[33] = 4
  out_roadTypeID[34] = 4
  out_roadTypeID[35] = 4
  out_roadTypeID[36] = 4
  out_roadTypeID[37] = 4
  out_roadTypeID[38] = 4
  out_roadTypeID[39] = 4
  out_roadTypeID[40] = 4
  out_roadTypeID[41] = 4
  out_roadTypeID[42] = 4
  out_roadTypeID[43] = 4
  out_roadTypeID[44] = 4
  out_roadTypeID[45] = 4
  out_roadTypeID[46] = 4
  out_roadTypeID[47] = 4
  out_roadTypeID[48] = 4
  out_roadTypeID[49] = 4
  out_roadTypeID[50] = 4
  out_roadTypeID[51] = 4
  out_roadTypeID[52] = 4
  out_roadTypeID[53] = 4
  out_roadTypeID[54] = 4
  out_roadTypeID[55] = 4
  out_roadTypeID[56] = 4
  out_roadTypeID[57] = 4
  out_roadTypeID[58] = 4
  out_roadTypeID[59] = 4
  out_roadTypeID[60] = 4
  out_roadTypeID[61] = 4
  out_roadTypeID[62] = 4
  out_roadTypeID[63] = 4
  out_roadTypeID[64] = 4
  out_roadTypeID[65] = 4
  out_roadTypeID[66] = 4
  out_roadTypeID[67] = 4
  out_roadTypeID[68] = 4
  out_roadTypeID[69] = 4
  out_roadTypeID[70] = 4
  out_roadTypeID[71] = 4
  out_roadTypeID[72] = 4
  out_roadTypeID[73] = 4
  out_roadTypeID[74] = 4
  out_roadTypeID[75] = 4
  out_roadTypeID[76] = 4
  out_roadTypeID[77] = 4
  out_roadTypeID[78] = 4
  out_roadTypeID[79] = 4
  out_roadTypeID[80] = 4
  out_roadTypeID[81] = 4
  out_roadTypeID[82] = 4
  out_roadTypeID[83] = 4
  out_roadTypeID[84] = 4
  out_roadTypeID[85] = 4
  out_roadTypeID[86] = 4
  out_roadTypeID[87] = 4
  out_roadTypeID[88] = 4
  out_roadTypeID[89] = 4
  out_roadTypeID[90] = 4
  out_roadTypeID[91] = 4
  out_roadTypeID[92] = 4
  out_roadTypeID[93] = 4
  out_roadTypeID[94] = 4
  out_roadTypeID[95] = 4
  out_roadTypeID[96] = 4
  out_roadTypeID[97] = 4
  out_roadTypeID[98] = 4
  out_roadTypeID[99] = 4
  out_roadTypeID[100] = 4
  out_roadTypeID[101] = 4
  out_roadTypeID[102] = 4
  out_roadTypeID[103] = 4
  out_roadTypeID[104] = 4
  out_roadTypeID[105] = 4
  out_roadTypeID[106] = 4
  out_roadTypeID[107] = 4
  out_roadTypeID[108] = 4
  out_roadTypeID[109] = 4
  out_roadTypeID[110] = 4
  out_roadTypeID[111] = 4
  out_roadTypeID[112] = 4
  out_roadTypeID[113] = 4
  out_roadTypeID[114] = 4
  out_roadTypeID[115] = 4
  out_roadTypeID[116] = 4
  out_roadTypeID[117] = 4
  out_roadTypeID[118] = 4
  out_roadTypeID[119] = 4
  out_roadTypeID[120] = 4
  out_roadTypeID[121] = 4
  out_roadTypeID[122] = 4
  out_roadTypeID[123] = 4
  out_roadTypeID[124] = 4
  out_roadTypeID[125] = 4
  out_pollutantID[1] = 91
  out_pollutantID[2] = 91
  out_pollutantID[3] = 91
  out_pollutantID[4] = 91
  out_pollutantID[5] = 91
  out_pollutantID[6] = 91
  out_pollutantID[7] = 91
  out_pollutantID[8] = 91
  out_pollutantID[9] = 91
  out_pollutantID[10] = 91
  out_pollutantID[11] = 91
  out_pollutantID[12] = 91
  out_pollutantID[13] = 91
  out_pollutantID[14] = 91
  out_pollutantID[15] = 91
  out_pollutantID[16] = 91
  out_pollutantID[17] = 91
  out_pollutantID[18] = 91
  out_pollutantID[19] = 91
  out_pollutantID[20] = 91
  out_pollutantID[21] = 91
  out_pollutantID[22] = 91
  out_pollutantID[23] = 91
  out_pollutantID[24] = 91
  out_pollutantID[25] = 91
  out_pollutantID[26] = 91
  out_pollutantID[27] = 91
  out_pollutantID[28] = 91
  out_pollutantID[29] = 91
  out_pollutantID[30] = 91
  out_pollutantID[31] = 91
  out_pollutantID[32] = 91
  out_pollutantID[33] = 91
  out_pollutantID[34] = 91
  out_pollutantID[35] = 91
  out_pollutantID[36] = 91
  out_pollutantID[37] = 91
  out_pollutantID[38] = 91
  out_pollutantID[39] = 91
  out_pollutantID[40] = 91
  out_pollutantID[41] = 91
  out_pollutantID[42] = 91
  out_pollutantID[43] = 91
  out_pollutantID[44] = 91
  out_pollutantID[45] = 91
  out_pollutantID[46] = 91
  out_pollutantID[47] = 91
  out_pollutantID[48] = 91
  out_pollutantID[49] = 91
  out_pollutantID[50] = 91
  out_pollutantID[51] = 91
  out_pollutantID[52] = 91
  out_pollutantID[53] = 91
  out_pollutantID[54] = 91
  out_pollutantID[55] = 91
  out_pollutantID[56] = 91
  out_pollutantID[57] = 91
  out_pollutantID[58] = 91
  out_pollutantID[59] = 91
  out_pollutantID[60] = 91
  out_pollutantID[61] = 91
  out_pollutantID[62] = 91
  out_pollutantID[63] = 91
  out_pollutantID[64] = 91
  out_pollutantID[65] = 91
  out_pollutantID[66] = 91
  out_pollutantID[67] = 91
  out_pollutantID[68] = 91
  out_pollutantID[69] = 91
  out_pollutantID[70] = 91
  out_pollutantID[71] = 91
  out_pollutantID[72] = 91
  out_pollutantID[73] = 91
  out_pollutantID[74] = 91
  out_pollutantID[75] = 91
  out_pollutantID[76] = 91
  out_pollutantID[77] = 91
  out_pollutantID[78] = 91
  out_pollutantID[79] = 91
  out_pollutantID[80] = 91
  out_pollutantID[81] = 91
  out_pollutantID[82] = 91
  out_pollutantID[83] = 91
  out_pollutantID[84] = 91
  out_pollutantID[85] = 91
  out_pollutantID[86] = 91
  out_pollutantID[87] = 91
  out_pollutantID[88] = 91
  out_pollutantID[89] = 91
  out_pollutantID[90] = 91
  out_pollutantID[91] = 91
  out_pollutantID[92] = 91
  out_pollutantID[93] = 91
  out_pollutantID[94] = 91
  out_pollutantID[95] = 91
  out_pollutantID[96] = 91
  out_pollutantID[97] = 91
  out_pollutantID[98] = 91
  out_pollutantID[99] = 91
  out_pollutantID[100] = 91
  out_pollutantID[101] = 91
  out_pollutantID[102] = 91
  out_pollutantID[103] = 91
  out_pollutantID[104] = 91
  out_pollutantID[105] = 91
  out_pollutantID[106] = 91
  out_pollutantID[107] = 91
  out_pollutantID[108] = 91
  out_pollutantID[109] = 91
  out_pollutantID[110] = 91
  out_pollutantID[111] = 91
  out_pollutantID[112] = 91
  out_pollutantID[113] = 91
  out_pollutantID[114] = 91
  out_pollutantID[115] = 91
  out_pollutantID[116] = 91
  out_pollutantID[117] = 91
  out_pollutantID[118] = 91
  out_pollutantID[119] = 91
  out_pollutantID[120] = 91
  out_pollutantID[121] = 91
  out_pollutantID[122] = 91
  out_pollutantID[123] = 91
  out_pollutantID[124] = 91
  out_pollutantID[125] = 91
  out_processID[1] = 1
  out_processID[2] = 1
  out_processID[3] = 1
  out_processID[4] = 1
  out_processID[5] = 1
  out_processID[6] = 1
  out_processID[7] = 1
  out_processID[8] = 1
  out_processID[9] = 1
  out_processID[10] = 1
  out_processID[11] = 1
  out_processID[12] = 1
  out_processID[13] = 1
  out_processID[14] = 1
  out_processID[15] = 1
  out_processID[16] = 1
  out_processID[17] = 1
  out_processID[18] = 1
  out_processID[19] = 1
  out_processID[20] = 1
  out_processID[21] = 1
  out_processID[22] = 1
  out_processID[23] = 1
  out_processID[24] = 1
  out_processID[25] = 1
  out_processID[26] = 1
  out_processID[27] = 1
  out_processID[28] = 1
  out_processID[29] = 1
  out_processID[30] = 1
  out_processID[31] = 1
  out_processID[32] = 1
  out_processID[33] = 1
  out_processID[34] = 1
  out_processID[35] = 1
  out_processID[36] = 1
  out_processID[37] = 1
  out_processID[38] = 1
  out_processID[39] = 1
  out_processID[40] = 1
  out_processID[41] = 1
  out_processID[42] = 1
  out_processID[43] = 1
  out_processID[44] = 1
  out_processID[45] = 1
  out_processID[46] = 1
  out_processID[47] = 1
  out_processID[48] = 1
  out_processID[49] = 1
  out_processID[50] = 1
  out_processID[51] = 1
  out_processID[52] = 1
  out_processID[53] = 1
  out_processID[54] = 1
  out_processID[55] = 1
  out_processID[56] = 1
  out_processID[57] = 1
  out_processID[58] = 1
  out_processID[59] = 1
  out_processID[60] = 1
  out_processID[61] = 1
  out_processID[62] = 1
  out_processID[63] = 1
  out_processID[64] = 1
  out_processID[65] = 1
  out_processID[66] = 1
  out_processID[67] = 1
  out_processID[68] = 1
  out_processID[69] = 1
  out_processID[70] = 1
  out_processID[71] = 1
  out_processID[72] = 1
  out_processID[73] = 1
  out_processID[74] = 1
  out_processID[75] = 1
  out_processID[76] = 1
  out_processID[77] = 1
  out_processID[78] = 1
  out_processID[79] = 1
  out_processID[80] = 1
  out_processID[81] = 1
  out_processID[82] = 1
  out_processID[83] = 1
  out_processID[84] = 1
  out_processID[85] = 1
  out_processID[86] = 1
  out_processID[87] = 1
  out_processID[88] = 1
  out_processID[89] = 1
  out_processID[90] = 1
  out_processID[91] = 1
  out_processID[92] = 1
  out_processID[93] = 1
  out_processID[94] = 1
  out_processID[95] = 1
  out_processID[96] = 1
  out_processID[97] = 1
  out_processID[98] = 1
  out_processID[99] = 1
  out_processID[100] = 1
  out_processID[101] = 1
  out_processID[102] = 1
  out_processID[103] = 1
  out_processID[104] = 1
  out_processID[105] = 1
  out_processID[106] = 1
  out_processID[107] = 1
  out_processID[108] = 1
  out_processID[109] = 1
  out_processID[110] = 1
  out_processID[111] = 1
  out_processID[112] = 1
  out_processID[113] = 1
  out_processID[114] = 1
  out_processID[115] = 1
  out_processID[116] = 1
  out_processID[117] = 1
  out_processID[118] = 1
  out_processID[119] = 1
  out_processID[120] = 1
  out_processID[121] = 1
  out_processID[122] = 1
  out_processID[123] = 1
  out_processID[124] = 1
  out_processID[125] = 1
  out_SCC[1] = 2201210401
  out_SCC[2] = 2201210401
  out_SCC[3] = 2201210401
  out_SCC[4] = 2201210401
  out_SCC[5] = 2201210401
  out_SCC[6] = 2201210401
  out_SCC[7] = 2201210401
  out_SCC[8] = 2201210401
  out_SCC[9] = 2201210401
  out_SCC[10] = 2201210401
  out_SCC[11] = 2201210401
  out_SCC[12] = 2201210401
  out_SCC[13] = 2201210401
  out_SCC[14] = 2201210401
  out_SCC[15] = 2201210401
  out_SCC[16] = 2201210401
  out_SCC[17] = 2201210401
  out_SCC[18] = 2201210401
  out_SCC[19] = 2201210401
  out_SCC[20] = 2201210401
  out_SCC[21] = 2201210401
  out_SCC[22] = 2201210401
  out_SCC[23] = 2201210401
  out_SCC[24] = 2201210401
  out_SCC[25] = 2201210401
  out_SCC[26] = 2201210401
  out_SCC[27] = 2201210401
  out_SCC[28] = 2201210401
  out_SCC[29] = 2201210401
  out_SCC[30] = 2201210401
  out_SCC[31] = 2201210401
  out_SCC[32] = 2201210401
  out_SCC[33] = 2201210401
  out_SCC[34] = 2201210401
  out_SCC[35] = 2201210401
  out_SCC[36] = 2201210401
  out_SCC[37] = 2201210401
  out_SCC[38] = 2201210401
  out_SCC[39] = 2201210401
  out_SCC[40] = 2201210401
  out_SCC[41] = 2201210401
  out_SCC[42] = 2202210401
  out_SCC[43] = 2202210401
  out_SCC[44] = 2202210401
  out_SCC[45] = 2202210401
  out_SCC[46] = 2202210401
  out_SCC[47] = 2202210401
  out_SCC[48] = 2202210401
  out_SCC[49] = 2202210401
  out_SCC[50] = 2202210401
  out_SCC[51] = 2202210401
  out_SCC[52] = 2202210401
  out_SCC[53] = 2202210401
  out_SCC[54] = 2202210401
  out_SCC[55] = 2202210401
  out_SCC[56] = 2202210401
  out_SCC[57] = 2202210401
  out_SCC[58] = 2202210401
  out_SCC[59] = 2202210401
  out_SCC[60] = 2202210401
  out_SCC[61] = 2202210401
  out_SCC[62] = 2202210401
  out_SCC[63] = 2202210401
  out_SCC[64] = 2202210401
  out_SCC[65] = 2202210401
  out_SCC[66] = 2202210401
  out_SCC[67] = 2202210401
  out_SCC[68] = 2202210401
  out_SCC[69] = 2202210401
  out_SCC[70] = 2202210401
  out_SCC[71] = 2202210401
  out_SCC[72] = 2202210401
  out_SCC[73] = 2202210401
  out_SCC[74] = 2202210401
  out_SCC[75] = 2202210401
  out_SCC[76] = 2202210401
  out_SCC[77] = 2202210401
  out_SCC[78] = 2202210401
  out_SCC[79] = 2202210401
  out_SCC[80] = 2202210401
  out_SCC[81] = 2202210401
  out_SCC[82] = 2205210401
  out_SCC[83] = 2205210401
  out_SCC[84] = 2205210401
  out_SCC[85] = 2205210401
  out_SCC[86] = 2205210401
  out_SCC[87] = 2205210401
  out_SCC[88] = 2205210401
  out_SCC[89] = 2205210401
  out_SCC[90] = 2205210401
  out_SCC[91] = 2205210401
  out_SCC[92] = 2205210401
  out_SCC[93] = 2205210401
  out_SCC[94] = 2205210401
  out_SCC[95] = 2205210401
  out_SCC[96] = 2205210401
  out_SCC[97] = 2205210401
  out_SCC[98] = 2205210401
  out_SCC[99] = 2205210401
  out_SCC[100] = 2205210401
  out_SCC[101] = 2205210401
  out_SCC[102] = 2205210401
  out_SCC[103] = 2205210401
  out_SCC[104] = 2205210401
  out_SCC[105] = 2209210401
  out_SCC[106] = 2209210401
  out_SCC[107] = 2209210401
  out_SCC[108] = 2209210401
  out_SCC[109] = 2209210401
  out_SCC[110] = 2209210401
  out_SCC[111] = 2209210401
  out_SCC[112] = 2209210401
  out_SCC[113] = 2209210401
  out_SCC[114] = 2209210401
  out_SCC[115] = 2209210401
  out_SCC[116] = 2209210401
  out_SCC[117] = 2209210401
  out_SCC[118] = 2209210401
  out_SCC[119] = 2209210401
  out_SCC[120] = 2209210401
  out_SCC[121] = 2209210401
  out_SCC[122] = 2209210401
  out_SCC[123] = 2209210401
  out_SCC[124] = 2209210401
  out_SCC[125] = 2209210401
  out_zoneID[1] = NaN
  out_zoneID[2] = NaN
  out_zoneID[3] = NaN
  out_zoneID[4] = NaN
  out_zoneID[5] = NaN
  out_zoneID[6] = NaN
  out_zoneID[7] = NaN
  out_zoneID[8] = NaN
  out_zoneID[9] = NaN
  out_zoneID[10] = NaN
  out_zoneID[11] = NaN
  out_zoneID[12] = NaN
  out_zoneID[13] = NaN
  out_zoneID[14] = NaN
  out_zoneID[15] = NaN
  out_zoneID[16] = NaN
  out_zoneID[17] = NaN
  out_zoneID[18] = NaN
  out_zoneID[19] = NaN
  out_zoneID[20] = NaN
  out_zoneID[21] = NaN
  out_zoneID[22] = NaN
  out_zoneID[23] = NaN
  out_zoneID[24] = NaN
  out_zoneID[25] = NaN
  out_zoneID[26] = NaN
  out_zoneID[27] = NaN
  out_zoneID[28] = NaN
  out_zoneID[29] = NaN
  out_zoneID[30] = NaN
  out_zoneID[31] = NaN
  out_zoneID[32] = NaN
  out_zoneID[33] = NaN
  out_zoneID[34] = NaN
  out_zoneID[35] = NaN
  out_zoneID[36] = NaN
  out_zoneID[37] = NaN
  out_zoneID[38] = NaN
  out_zoneID[39] = NaN
  out_zoneID[40] = NaN
  out_zoneID[41] = NaN
  out_zoneID[42] = NaN
  out_zoneID[43] = NaN
  out_zoneID[44] = NaN
  out_zoneID[45] = NaN
  out_zoneID[46] = NaN
  out_zoneID[47] = NaN
  out_zoneID[48] = NaN
  out_zoneID[49] = NaN
  out_zoneID[50] = NaN
  out_zoneID[51] = NaN
  out_zoneID[52] = NaN
  out_zoneID[53] = NaN
  out_zoneID[54] = NaN
  out_zoneID[55] = NaN
  out_zoneID[56] = NaN
  out_zoneID[57] = NaN
  out_zoneID[58] = NaN
  out_zoneID[59] = NaN
  out_zoneID[60] = NaN
  out_zoneID[61] = NaN
  out_zoneID[62] = NaN
  out_zoneID[63] = NaN
  out_zoneID[64] = NaN
  out_zoneID[65] = NaN
  out_zoneID[66] = NaN
  out_zoneID[67] = NaN
  out_zoneID[68] = NaN
  out_zoneID[69] = NaN
  out_zoneID[70] = NaN
  out_zoneID[71] = NaN
  out_zoneID[72] = NaN
  out_zoneID[73] = NaN
  out_zoneID[74] = NaN
  out_zoneID[75] = NaN
  out_zoneID[76] = NaN
  out_zoneID[77] = NaN
  out_zoneID[78] = NaN
  out_zoneID[79] = NaN
  out_zoneID[80] = NaN
  out_zoneID[81] = NaN
  out_zoneID[82] = NaN
  out_zoneID[83] = NaN
  out_zoneID[84] = NaN
  out_zoneID[85] = NaN
  out_zoneID[86] = NaN
  out_zoneID[87] = NaN
  out_zoneID[88] = NaN
  out_zoneID[89] = NaN
  out_zoneID[90] = NaN
  out_zoneID[91] = NaN
  out_zoneID[92] = NaN
  out_zoneID[93] = NaN
  out_zoneID[94] = NaN
  out_zoneID[95] = NaN
  out_zoneID[96] = NaN
  out_zoneID[97] = NaN
  out_zoneID[98] = NaN
  out_zoneID[99] = NaN
  out_zoneID[100] = NaN
  out_zoneID[101] = NaN
  out_zoneID[102] = NaN
  out_zoneID[103] = NaN
  out_zoneID[104] = NaN
  out_zoneID[105] = NaN
  out_zoneID[106] = NaN
  out_zoneID[107] = NaN
  out_zoneID[108] = NaN
  out_zoneID[109] = NaN
  out_zoneID[110] = NaN
  out_zoneID[111] = NaN
  out_zoneID[112] = NaN
  out_zoneID[113] = NaN
  out_zoneID[114] = NaN
  out_zoneID[115] = NaN
  out_zoneID[116] = NaN
  out_zoneID[117] = NaN
  out_zoneID[118] = NaN
  out_zoneID[119] = NaN
  out_zoneID[120] = NaN
  out_zoneID[121] = NaN
  out_zoneID[122] = NaN
  out_zoneID[123] = NaN
  out_zoneID[124] = NaN
  out_zoneID[125] = NaN
  out_linkID[1] = NaN
  out_linkID[2] = NaN
  out_linkID[3] = NaN
  out_linkID[4] = NaN
  out_linkID[5] = NaN
  out_linkID[6] = NaN
  out_linkID[7] = NaN
  out_linkID[8] = NaN
  out_linkID[9] = NaN
  out_linkID[10] = NaN
  out_linkID[11] = NaN
  out_linkID[12] = NaN
  out_linkID[13] = NaN
  out_linkID[14] = NaN
  out_linkID[15] = NaN
  out_linkID[16] = NaN
  out_linkID[17] = NaN
  out_linkID[18] = NaN
  out_linkID[19] = NaN
  out_linkID[20] = NaN
  out_linkID[21] = NaN
  out_linkID[22] = NaN
  out_linkID[23] = NaN
  out_linkID[24] = NaN
  out_linkID[25] = NaN
  out_linkID[26] = NaN
  out_linkID[27] = NaN
  out_linkID[28] = NaN
  out_linkID[29] = NaN
  out_linkID[30] = NaN
  out_linkID[31] = NaN
  out_linkID[32] = NaN
  out_linkID[33] = NaN
  out_linkID[34] = NaN
  out_linkID[35] = NaN
  out_linkID[36] = NaN
  out_linkID[37] = NaN
  out_linkID[38] = NaN
  out_linkID[39] = NaN
  out_linkID[40] = NaN
  out_linkID[41] = NaN
  out_linkID[42] = NaN
  out_linkID[43] = NaN
  out_linkID[44] = NaN
  out_linkID[45] = NaN
  out_linkID[46] = NaN
  out_linkID[47] = NaN
  out_linkID[48] = NaN
  out_linkID[49] = NaN
  out_linkID[50] = NaN
  out_linkID[51] = NaN
  out_linkID[52] = NaN
  out_linkID[53] = NaN
  out_linkID[54] = NaN
  out_linkID[55] = NaN
  out_linkID[56] = NaN
  out_linkID[57] = NaN
  out_linkID[58] = NaN
  out_linkID[59] = NaN
  out_linkID[60] = NaN
  out_linkID[61] = NaN
  out_linkID[62] = NaN
  out_linkID[63] = NaN
  out_linkID[64] = NaN
  out_linkID[65] = NaN
  out_linkID[66] = NaN
  out_linkID[67] = NaN
  out_linkID[68] = NaN
  out_linkID[69] = NaN
  out_linkID[70] = NaN
  out_linkID[71] = NaN
  out_linkID[72] = NaN
  out_linkID[73] = NaN
  out_linkID[74] = NaN
  out_linkID[75] = NaN
  out_linkID[76] = NaN
  out_linkID[77] = NaN
  out_linkID[78] = NaN
  out_linkID[79] = NaN
  out_linkID[80] = NaN
  out_linkID[81] = NaN
  out_linkID[82] = NaN
  out_linkID[83] = NaN
  out_linkID[84] = NaN
  out_linkID[85] = NaN
  out_linkID[86] = NaN
  out_linkID[87] = NaN
  out_linkID[88] = NaN
  out_linkID[89] = NaN
  out_linkID[90] = NaN
  out_linkID[91] = NaN
  out_linkID[92] = NaN
  out_linkID[93] = NaN
  out_linkID[94] = NaN
  out_linkID[95] = NaN
  out_linkID[96] = NaN
  out_linkID[97] = NaN
  out_linkID[98] = NaN
  out_linkID[99] = NaN
  out_linkID[100] = NaN
  out_linkID[101] = NaN
  out_linkID[102] = NaN
  out_linkID[103] = NaN
  out_linkID[104] = NaN
  out_linkID[105] = NaN
  out_linkID[106] = NaN
  out_linkID[107] = NaN
  out_linkID[108] = NaN
  out_linkID[109] = NaN
  out_linkID[110] = NaN
  out_linkID[111] = NaN
  out_linkID[112] = NaN
  out_linkID[113] = NaN
  out_linkID[114] = NaN
  out_linkID[115] = NaN
  out_linkID[116] = NaN
  out_linkID[117] = NaN
  out_linkID[118] = NaN
  out_linkID[119] = NaN
  out_linkID[120] = NaN
  out_linkID[121] = NaN
  out_linkID[122] = NaN
  out_linkID[123] = NaN
  out_linkID[124] = NaN
  out_linkID[125] = NaN
  out_regClassID[1] = NaN
  out_regClassID[2] = NaN
  out_regClassID[3] = NaN
  out_regClassID[4] = NaN
  out_regClassID[5] = NaN
  out_regClassID[6] = NaN
  out_regClassID[7] = NaN
  out_regClassID[8] = NaN
  out_regClassID[9] = NaN
  out_regClassID[10] = NaN
  out_regClassID[11] = NaN
  out_regClassID[12] = NaN
  out_regClassID[13] = NaN
  out_regClassID[14] = NaN
  out_regClassID[15] = NaN
  out_regClassID[16] = NaN
  out_regClassID[17] = NaN
  out_regClassID[18] = NaN
  out_regClassID[19] = NaN
  out_regClassID[20] = NaN
  out_regClassID[21] = NaN
  out_regClassID[22] = NaN
  out_regClassID[23] = NaN
  out_regClassID[24] = NaN
  out_regClassID[25] = NaN
  out_regClassID[26] = NaN
  out_regClassID[27] = NaN
  out_regClassID[28] = NaN
  out_regClassID[29] = NaN
  out_regClassID[30] = NaN
  out_regClassID[31] = NaN
  out_regClassID[32] = NaN
  out_regClassID[33] = NaN
  out_regClassID[34] = NaN
  out_regClassID[35] = NaN
  out_regClassID[36] = NaN
  out_regClassID[37] = NaN
  out_regClassID[38] = NaN
  out_regClassID[39] = NaN
  out_regClassID[40] = NaN
  out_regClassID[41] = NaN
  out_regClassID[42] = NaN
  out_regClassID[43] = NaN
  out_regClassID[44] = NaN
  out_regClassID[45] = NaN
  out_regClassID[46] = NaN
  out_regClassID[47] = NaN
  out_regClassID[48] = NaN
  out_regClassID[49] = NaN
  out_regClassID[50] = NaN
  out_regClassID[51] = NaN
  out_regClassID[52] = NaN
  out_regClassID[53] = NaN
  out_regClassID[54] = NaN
  out_regClassID[55] = NaN
  out_regClassID[56] = NaN
  out_regClassID[57] = NaN
  out_regClassID[58] = NaN
  out_regClassID[59] = NaN
  out_regClassID[60] = NaN
  out_regClassID[61] = NaN
  out_regClassID[62] = NaN
  out_regClassID[63] = NaN
  out_regClassID[64] = NaN
  out_regClassID[65] = NaN
  out_regClassID[66] = NaN
  out_regClassID[67] = NaN
  out_regClassID[68] = NaN
  out_regClassID[69] = NaN
  out_regClassID[70] = NaN
  out_regClassID[71] = NaN
  out_regClassID[72] = NaN
  out_regClassID[73] = NaN
  out_regClassID[74] = NaN
  out_regClassID[75] = NaN
  out_regClassID[76] = NaN
  out_regClassID[77] = NaN
  out_regClassID[78] = NaN
  out_regClassID[79] = NaN
  out_regClassID[80] = NaN
  out_regClassID[81] = NaN
  out_regClassID[82] = NaN
  out_regClassID[83] = NaN
  out_regClassID[84] = NaN
  out_regClassID[85] = NaN
  out_regClassID[86] = NaN
  out_regClassID[87] = NaN
  out_regClassID[88] = NaN
  out_regClassID[89] = NaN
  out_regClassID[90] = NaN
  out_regClassID[91] = NaN
  out_regClassID[92] = NaN
  out_regClassID[93] = NaN
  out_regClassID[94] = NaN
  out_regClassID[95] = NaN
  out_regClassID[96] = NaN
  out_regClassID[97] = NaN
  out_regClassID[98] = NaN
  out_regClassID[99] = NaN
  out_regClassID[100] = NaN
  out_regClassID[101] = NaN
  out_regClassID[102] = NaN
  out_regClassID[103] = NaN
  out_regClassID[104] = NaN
  out_regClassID[105] = NaN
  out_regClassID[106] = NaN
  out_regClassID[107] = NaN
  out_regClassID[108] = NaN
  out_regClassID[109] = NaN
  out_regClassID[110] = NaN
  out_regClassID[111] = NaN
  out_regClassID[112] = NaN
  out_regClassID[113] = NaN
  out_regClassID[114] = NaN
  out_regClassID[115] = NaN
  out_regClassID[116] = NaN
  out_regClassID[117] = NaN
  out_regClassID[118] = NaN
  out_regClassID[119] = NaN
  out_regClassID[120] = NaN
  out_regClassID[121] = NaN
  out_regClassID[122] = NaN
  out_regClassID[123] = NaN
  out_regClassID[124] = NaN
  out_regClassID[125] = NaN
  out_fuelSubTypeID[1] = NaN
  out_fuelSubTypeID[2] = NaN
  out_fuelSubTypeID[3] = NaN
  out_fuelSubTypeID[4] = NaN
  out_fuelSubTypeID[5] = NaN
  out_fuelSubTypeID[6] = NaN
  out_fuelSubTypeID[7] = NaN
  out_fuelSubTypeID[8] = NaN
  out_fuelSubTypeID[9] = NaN
  out_fuelSubTypeID[10] = NaN
  out_fuelSubTypeID[11] = NaN
  out_fuelSubTypeID[12] = NaN
  out_fuelSubTypeID[13] = NaN
  out_fuelSubTypeID[14] = NaN
  out_fuelSubTypeID[15] = NaN
  out_fuelSubTypeID[16] = NaN
  out_fuelSubTypeID[17] = NaN
  out_fuelSubTypeID[18] = NaN
  out_fuelSubTypeID[19] = NaN
  out_fuelSubTypeID[20] = NaN
  out_fuelSubTypeID[21] = NaN
  out_fuelSubTypeID[22] = NaN
  out_fuelSubTypeID[23] = NaN
  out_fuelSubTypeID[24] = NaN
  out_fuelSubTypeID[25] = NaN
  out_fuelSubTypeID[26] = NaN
  out_fuelSubTypeID[27] = NaN
  out_fuelSubTypeID[28] = NaN
  out_fuelSubTypeID[29] = NaN
  out_fuelSubTypeID[30] = NaN
  out_fuelSubTypeID[31] = NaN
  out_fuelSubTypeID[32] = NaN
  out_fuelSubTypeID[33] = NaN
  out_fuelSubTypeID[34] = NaN
  out_fuelSubTypeID[35] = NaN
  out_fuelSubTypeID[36] = NaN
  out_fuelSubTypeID[37] = NaN
  out_fuelSubTypeID[38] = NaN
  out_fuelSubTypeID[39] = NaN
  out_fuelSubTypeID[40] = NaN
  out_fuelSubTypeID[41] = NaN
  out_fuelSubTypeID[42] = NaN
  out_fuelSubTypeID[43] = NaN
  out_fuelSubTypeID[44] = NaN
  out_fuelSubTypeID[45] = NaN
  out_fuelSubTypeID[46] = NaN
  out_fuelSubTypeID[47] = NaN
  out_fuelSubTypeID[48] = NaN
  out_fuelSubTypeID[49] = NaN
  out_fuelSubTypeID[50] = NaN
  out_fuelSubTypeID[51] = NaN
  out_fuelSubTypeID[52] = NaN
  out_fuelSubTypeID[53] = NaN
  out_fuelSubTypeID[54] = NaN
  out_fuelSubTypeID[55] = NaN
  out_fuelSubTypeID[56] = NaN
  out_fuelSubTypeID[57] = NaN
  out_fuelSubTypeID[58] = NaN
  out_fuelSubTypeID[59] = NaN
  out_fuelSubTypeID[60] = NaN
  out_fuelSubTypeID[61] = NaN
  out_fuelSubTypeID[62] = NaN
  out_fuelSubTypeID[63] = NaN
  out_fuelSubTypeID[64] = NaN
  out_fuelSubTypeID[65] = NaN
  out_fuelSubTypeID[66] = NaN
  out_fuelSubTypeID[67] = NaN
  out_fuelSubTypeID[68] = NaN
  out_fuelSubTypeID[69] = NaN
  out_fuelSubTypeID[70] = NaN
  out_fuelSubTypeID[71] = NaN
  out_fuelSubTypeID[72] = NaN
  out_fuelSubTypeID[73] = NaN
  out_fuelSubTypeID[74] = NaN
  out_fuelSubTypeID[75] = NaN
  out_fuelSubTypeID[76] = NaN
  out_fuelSubTypeID[77] = NaN
  out_fuelSubTypeID[78] = NaN
  out_fuelSubTypeID[79] = NaN
  out_fuelSubTypeID[80] = NaN
  out_fuelSubTypeID[81] = NaN
  out_fuelSubTypeID[82] = NaN
  out_fuelSubTypeID[83] = NaN
  out_fuelSubTypeID[84] = NaN
  out_fuelSubTypeID[85] = NaN
  out_fuelSubTypeID[86] = NaN
  out_fuelSubTypeID[87] = NaN
  out_fuelSubTypeID[88] = NaN
  out_fuelSubTypeID[89] = NaN
  out_fuelSubTypeID[90] = NaN
  out_fuelSubTypeID[91] = NaN
  out_fuelSubTypeID[92] = NaN
  out_fuelSubTypeID[93] = NaN
  out_fuelSubTypeID[94] = NaN
  out_fuelSubTypeID[95] = NaN
  out_fuelSubTypeID[96] = NaN
  out_fuelSubTypeID[97] = NaN
  out_fuelSubTypeID[98] = NaN
  out_fuelSubTypeID[99] = NaN
  out_fuelSubTypeID[100] = NaN
  out_fuelSubTypeID[101] = NaN
  out_fuelSubTypeID[102] = NaN
  out_fuelSubTypeID[103] = NaN
  out_fuelSubTypeID[104] = NaN
  out_fuelSubTypeID[105] = NaN
  out_fuelSubTypeID[106] = NaN
  out_fuelSubTypeID[107] = NaN
  out_fuelSubTypeID[108] = NaN
  out_fuelSubTypeID[109] = NaN
  out_fuelSubTypeID[110] = NaN
  out_fuelSubTypeID[111] = NaN
  out_fuelSubTypeID[112] = NaN
  out_fuelSubTypeID[113] = NaN
  out_fuelSubTypeID[114] = NaN
  out_fuelSubTypeID[115] = NaN
  out_fuelSubTypeID[116] = NaN
  out_fuelSubTypeID[117] = NaN
  out_fuelSubTypeID[118] = NaN
  out_fuelSubTypeID[119] = NaN
  out_fuelSubTypeID[120] = NaN
  out_fuelSubTypeID[121] = NaN
  out_fuelSubTypeID[122] = NaN
  out_fuelSubTypeID[123] = NaN
  out_fuelSubTypeID[124] = NaN
  out_fuelSubTypeID[125] = NaN
  out_engTechID[1] = NaN
  out_engTechID[2] = NaN
  out_engTechID[3] = NaN
  out_engTechID[4] = NaN
  out_engTechID[5] = NaN
  out_engTechID[6] = NaN
  out_engTechID[7] = NaN
  out_engTechID[8] = NaN
  out_engTechID[9] = NaN
  out_engTechID[10] = NaN
  out_engTechID[11] = NaN
  out_engTechID[12] = NaN
  out_engTechID[13] = NaN
  out_engTechID[14] = NaN
  out_engTechID[15] = NaN
  out_engTechID[16] = NaN
  out_engTechID[17] = NaN
  out_engTechID[18] = NaN
  out_engTechID[19] = NaN
  out_engTechID[20] = NaN
  out_engTechID[21] = NaN
  out_engTechID[22] = NaN
  out_engTechID[23] = NaN
  out_engTechID[24] = NaN
  out_engTechID[25] = NaN
  out_engTechID[26] = NaN
  out_engTechID[27] = NaN
  out_engTechID[28] = NaN
  out_engTechID[29] = NaN
  out_engTechID[30] = NaN
  out_engTechID[31] = NaN
  out_engTechID[32] = NaN
  out_engTechID[33] = NaN
  out_engTechID[34] = NaN
  out_engTechID[35] = NaN
  out_engTechID[36] = NaN
  out_engTechID[37] = NaN
  out_engTechID[38] = NaN
  out_engTechID[39] = NaN
  out_engTechID[40] = NaN
  out_engTechID[41] = NaN
  out_engTechID[42] = NaN
  out_engTechID[43] = NaN
  out_engTechID[44] = NaN
  out_engTechID[45] = NaN
  out_engTechID[46] = NaN
  out_engTechID[47] = NaN
  out_engTechID[48] = NaN
  out_engTechID[49] = NaN
  out_engTechID[50] = NaN
  out_engTechID[51] = NaN
  out_engTechID[52] = NaN
  out_engTechID[53] = NaN
  out_engTechID[54] = NaN
  out_engTechID[55] = NaN
  out_engTechID[56] = NaN
  out_engTechID[57] = NaN
  out_engTechID[58] = NaN
  out_engTechID[59] = NaN
  out_engTechID[60] = NaN
  out_engTechID[61] = NaN
  out_engTechID[62] = NaN
  out_engTechID[63] = NaN
  out_engTechID[64] = NaN
  out_engTechID[65] = NaN
  out_engTechID[66] = NaN
  out_engTechID[67] = NaN
  out_engTechID[68] = NaN
  out_engTechID[69] = NaN
  out_engTechID[70] = NaN
  out_engTechID[71] = NaN
  out_engTechID[72] = NaN
  out_engTechID[73] = NaN
  out_engTechID[74] = NaN
  out_engTechID[75] = NaN
  out_engTechID[76] = NaN
  out_engTechID[77] = NaN
  out_engTechID[78] = NaN
  out_engTechID[79] = NaN
  out_engTechID[80] = NaN
  out_engTechID[81] = NaN
  out_engTechID[82] = NaN
  out_engTechID[83] = NaN
  out_engTechID[84] = NaN
  out_engTechID[85] = NaN
  out_engTechID[86] = NaN
  out_engTechID[87] = NaN
  out_engTechID[88] = NaN
  out_engTechID[89] = NaN
  out_engTechID[90] = NaN
  out_engTechID[91] = NaN
  out_engTechID[92] = NaN
  out_engTechID[93] = NaN
  out_engTechID[94] = NaN
  out_engTechID[95] = NaN
  out_engTechID[96] = NaN
  out_engTechID[97] = NaN
  out_engTechID[98] = NaN
  out_engTechID[99] = NaN
  out_engTechID[100] = NaN
  out_engTechID[101] = NaN
  out_engTechID[102] = NaN
  out_engTechID[103] = NaN
  out_engTechID[104] = NaN
  out_engTechID[105] = NaN
  out_engTechID[106] = NaN
  out_engTechID[107] = NaN
  out_engTechID[108] = NaN
  out_engTechID[109] = NaN
  out_engTechID[110] = NaN
  out_engTechID[111] = NaN
  out_engTechID[112] = NaN
  out_engTechID[113] = NaN
  out_engTechID[114] = NaN
  out_engTechID[115] = NaN
  out_engTechID[116] = NaN
  out_engTechID[117] = NaN
  out_engTechID[118] = NaN
  out_engTechID[119] = NaN
  out_engTechID[120] = NaN
  out_engTechID[121] = NaN
  out_engTechID[122] = NaN
  out_engTechID[123] = NaN
  out_engTechID[124] = NaN
  out_engTechID[125] = NaN
  out_sectorID[1] = NaN
  out_sectorID[2] = NaN
  out_sectorID[3] = NaN
  out_sectorID[4] = NaN
  out_sectorID[5] = NaN
  out_sectorID[6] = NaN
  out_sectorID[7] = NaN
  out_sectorID[8] = NaN
  out_sectorID[9] = NaN
  out_sectorID[10] = NaN
  out_sectorID[11] = NaN
  out_sectorID[12] = NaN
  out_sectorID[13] = NaN
  out_sectorID[14] = NaN
  out_sectorID[15] = NaN
  out_sectorID[16] = NaN
  out_sectorID[17] = NaN
  out_sectorID[18] = NaN
  out_sectorID[19] = NaN
  out_sectorID[20] = NaN
  out_sectorID[21] = NaN
  out_sectorID[22] = NaN
  out_sectorID[23] = NaN
  out_sectorID[24] = NaN
  out_sectorID[25] = NaN
  out_sectorID[26] = NaN
  out_sectorID[27] = NaN
  out_sectorID[28] = NaN
  out_sectorID[29] = NaN
  out_sectorID[30] = NaN
  out_sectorID[31] = NaN
  out_sectorID[32] = NaN
  out_sectorID[33] = NaN
  out_sectorID[34] = NaN
  out_sectorID[35] = NaN
  out_sectorID[36] = NaN
  out_sectorID[37] = NaN
  out_sectorID[38] = NaN
  out_sectorID[39] = NaN
  out_sectorID[40] = NaN
  out_sectorID[41] = NaN
  out_sectorID[42] = NaN
  out_sectorID[43] = NaN
  out_sectorID[44] = NaN
  out_sectorID[45] = NaN
  out_sectorID[46] = NaN
  out_sectorID[47] = NaN
  out_sectorID[48] = NaN
  out_sectorID[49] = NaN
  out_sectorID[50] = NaN
  out_sectorID[51] = NaN
  out_sectorID[52] = NaN
  out_sectorID[53] = NaN
  out_sectorID[54] = NaN
  out_sectorID[55] = NaN
  out_sectorID[56] = NaN
  out_sectorID[57] = NaN
  out_sectorID[58] = NaN
  out_sectorID[59] = NaN
  out_sectorID[60] = NaN
  out_sectorID[61] = NaN
  out_sectorID[62] = NaN
  out_sectorID[63] = NaN
  out_sectorID[64] = NaN
  out_sectorID[65] = NaN
  out_sectorID[66] = NaN
  out_sectorID[67] = NaN
  out_sectorID[68] = NaN
  out_sectorID[69] = NaN
  out_sectorID[70] = NaN
  out_sectorID[71] = NaN
  out_sectorID[72] = NaN
  out_sectorID[73] = NaN
  out_sectorID[74] = NaN
  out_sectorID[75] = NaN
  out_sectorID[76] = NaN
  out_sectorID[77] = NaN
  out_sectorID[78] = NaN
  out_sectorID[79] = NaN
  out_sectorID[80] = NaN
  out_sectorID[81] = NaN
  out_sectorID[82] = NaN
  out_sectorID[83] = NaN
  out_sectorID[84] = NaN
  out_sectorID[85] = NaN
  out_sectorID[86] = NaN
  out_sectorID[87] = NaN
  out_sectorID[88] = NaN
  out_sectorID[89] = NaN
  out_sectorID[90] = NaN
  out_sectorID[91] = NaN
  out_sectorID[92] = NaN
  out_sectorID[93] = NaN
  out_sectorID[94] = NaN
  out_sectorID[95] = NaN
  out_sectorID[96] = NaN
  out_sectorID[97] = NaN
  out_sectorID[98] = NaN
  out_sectorID[99] = NaN
  out_sectorID[100] = NaN
  out_sectorID[101] = NaN
  out_sectorID[102] = NaN
  out_sectorID[103] = NaN
  out_sectorID[104] = NaN
  out_sectorID[105] = NaN
  out_sectorID[106] = NaN
  out_sectorID[107] = NaN
  out_sectorID[108] = NaN
  out_sectorID[109] = NaN
  out_sectorID[110] = NaN
  out_sectorID[111] = NaN
  out_sectorID[112] = NaN
  out_sectorID[113] = NaN
  out_sectorID[114] = NaN
  out_sectorID[115] = NaN
  out_sectorID[116] = NaN
  out_sectorID[117] = NaN
  out_sectorID[118] = NaN
  out_sectorID[119] = NaN
  out_sectorID[120] = NaN
  out_sectorID[121] = NaN
  out_sectorID[122] = NaN
  out_sectorID[123] = NaN
  out_sectorID[124] = NaN
  out_sectorID[125] = NaN
  out_hpID[1] = NaN
  out_hpID[2] = NaN
  out_hpID[3] = NaN
  out_hpID[4] = NaN
  out_hpID[5] = NaN
  out_hpID[6] = NaN
  out_hpID[7] = NaN
  out_hpID[8] = NaN
  out_hpID[9] = NaN
  out_hpID[10] = NaN
  out_hpID[11] = NaN
  out_hpID[12] = NaN
  out_hpID[13] = NaN
  out_hpID[14] = NaN
  out_hpID[15] = NaN
  out_hpID[16] = NaN
  out_hpID[17] = NaN
  out_hpID[18] = NaN
  out_hpID[19] = NaN
  out_hpID[20] = NaN
  out_hpID[21] = NaN
  out_hpID[22] = NaN
  out_hpID[23] = NaN
  out_hpID[24] = NaN
  out_hpID[25] = NaN
  out_hpID[26] = NaN
  out_hpID[27] = NaN
  out_hpID[28] = NaN
  out_hpID[29] = NaN
  out_hpID[30] = NaN
  out_hpID[31] = NaN
  out_hpID[32] = NaN
  out_hpID[33] = NaN
  out_hpID[34] = NaN
  out_hpID[35] = NaN
  out_hpID[36] = NaN
  out_hpID[37] = NaN
  out_hpID[38] = NaN
  out_hpID[39] = NaN
  out_hpID[40] = NaN
  out_hpID[41] = NaN
  out_hpID[42] = NaN
  out_hpID[43] = NaN
  out_hpID[44] = NaN
  out_hpID[45] = NaN
  out_hpID[46] = NaN
  out_hpID[47] = NaN
  out_hpID[48] = NaN
  out_hpID[49] = NaN
  out_hpID[50] = NaN
  out_hpID[51] = NaN
  out_hpID[52] = NaN
  out_hpID[53] = NaN
  out_hpID[54] = NaN
  out_hpID[55] = NaN
  out_hpID[56] = NaN
  out_hpID[57] = NaN
  out_hpID[58] = NaN
  out_hpID[59] = NaN
  out_hpID[60] = NaN
  out_hpID[61] = NaN
  out_hpID[62] = NaN
  out_hpID[63] = NaN
  out_hpID[64] = NaN
  out_hpID[65] = NaN
  out_hpID[66] = NaN
  out_hpID[67] = NaN
  out_hpID[68] = NaN
  out_hpID[69] = NaN
  out_hpID[70] = NaN
  out_hpID[71] = NaN
  out_hpID[72] = NaN
  out_hpID[73] = NaN
  out_hpID[74] = NaN
  out_hpID[75] = NaN
  out_hpID[76] = NaN
  out_hpID[77] = NaN
  out_hpID[78] = NaN
  out_hpID[79] = NaN
  out_hpID[80] = NaN
  out_hpID[81] = NaN
  out_hpID[82] = NaN
  out_hpID[83] = NaN
  out_hpID[84] = NaN
  out_hpID[85] = NaN
  out_hpID[86] = NaN
  out_hpID[87] = NaN
  out_hpID[88] = NaN
  out_hpID[89] = NaN
  out_hpID[90] = NaN
  out_hpID[91] = NaN
  out_hpID[92] = NaN
  out_hpID[93] = NaN
  out_hpID[94] = NaN
  out_hpID[95] = NaN
  out_hpID[96] = NaN
  out_hpID[97] = NaN
  out_hpID[98] = NaN
  out_hpID[99] = NaN
  out_hpID[100] = NaN
  out_hpID[101] = NaN
  out_hpID[102] = NaN
  out_hpID[103] = NaN
  out_hpID[104] = NaN
  out_hpID[105] = NaN
  out_hpID[106] = NaN
  out_hpID[107] = NaN
  out_hpID[108] = NaN
  out_hpID[109] = NaN
  out_hpID[110] = NaN
  out_hpID[111] = NaN
  out_hpID[112] = NaN
  out_hpID[113] = NaN
  out_hpID[114] = NaN
  out_hpID[115] = NaN
  out_hpID[116] = NaN
  out_hpID[117] = NaN
  out_hpID[118] = NaN
  out_hpID[119] = NaN
  out_hpID[120] = NaN
  out_hpID[121] = NaN
  out_hpID[122] = NaN
  out_hpID[123] = NaN
  out_hpID[124] = NaN
  out_hpID[125] = NaN
Results written to: /projects/illinois/eng/cee/ctessum/ctessum/code/moves.esm-wt-v2/v2-consumer/.v2emit/mixed-onroad.csv
