Running simulation for: fixtures/nr-logging-county.esm
Simulation time: 0 → 0
✓ Static evaluation complete: 25 field(s). The document declares no differential equations, so it was evaluated once rather than integrated.
Final state at t = 0:
  out_cohortOrdinal[1] = 1
  out_cohortOrdinal[2] = 1
  out_cohortOrdinal[3] = 1
  out_cohortOrdinal[4] = 1
  out_cohortOrdinal[5] = 2
  out_cohortOrdinal[6] = 2
  out_cohortOrdinal[7] = 2
  out_cohortOrdinal[8] = 2
  out_cohortOrdinal[9] = 3
  out_cohortOrdinal[10] = 3
  out_cohortOrdinal[11] = 3
  out_cohortOrdinal[12] = 3
  out_cohortOrdinal[13] = 4
  out_cohortOrdinal[14] = 4
  out_cohortOrdinal[15] = 4
  out_cohortOrdinal[16] = 4
  out_cohortOrdinal[17] = 5
  out_cohortOrdinal[18] = 5
  out_cohortOrdinal[19] = 5
  out_cohortOrdinal[20] = 5
  out_cohortOrdinal[21] = 6
  out_cohortOrdinal[22] = 6
  out_cohortOrdinal[23] = 6
  out_cohortOrdinal[24] = 6
  out_cohortOrdinal[25] = 7
  out_cohortOrdinal[26] = 7
  out_cohortOrdinal[27] = 7
  out_cohortOrdinal[28] = 7
  out_cohortOrdinal[29] = 8
  out_cohortOrdinal[30] = 8
  out_cohortOrdinal[31] = 8
  out_cohortOrdinal[32] = 8
  out_cohortOrdinal[33] = 9
  out_cohortOrdinal[34] = 9
  out_cohortOrdinal[35] = 9
  out_cohortOrdinal[36] = 9
  out_cohortOrdinal[37] = 10
  out_cohortOrdinal[38] = 10
  out_cohortOrdinal[39] = 10
  out_cohortOrdinal[40] = 10
  out_cohortOrdinal[41] = 11
  out_cohortOrdinal[42] = 11
  out_cohortOrdinal[43] = 11
  out_cohortOrdinal[44] = 11
  out_cohortOrdinal[45] = 12
  out_cohortOrdinal[46] = 12
  out_cohortOrdinal[47] = 12
  out_cohortOrdinal[48] = 12
  out_cohortOrdinal[49] = 13
  out_cohortOrdinal[50] = 13
  out_cohortOrdinal[51] = 13
  out_cohortOrdinal[52] = 13
  out_cohortOrdinal[53] = 14
  out_cohortOrdinal[54] = 14
  out_cohortOrdinal[55] = 14
  out_cohortOrdinal[56] = 14
  out_cohortOrdinal[57] = 15
  out_cohortOrdinal[58] = 15
  out_cohortOrdinal[59] = 15
  out_cohortOrdinal[60] = 15
  out_cohortOrdinal[61] = 16
  out_cohortOrdinal[62] = 16
  out_cohortOrdinal[63] = 16
  out_cohortOrdinal[64] = 16
  out_cohortOrdinal[65] = 17
  out_cohortOrdinal[66] = 17
  out_cohortOrdinal[67] = 17
  out_cohortOrdinal[68] = 17
  out_cohortOrdinal[69] = 18
  out_cohortOrdinal[70] = 18
  out_cohortOrdinal[71] = 18
  out_cohortOrdinal[72] = 18
  out_cohortOrdinal[73] = 19
  out_cohortOrdinal[74] = 19
  out_cohortOrdinal[75] = 19
  out_cohortOrdinal[76] = 19
  out_cohortOrdinal[77] = 20
  out_cohortOrdinal[78] = 20
  out_cohortOrdinal[79] = 20
  out_cohortOrdinal[80] = 20
  out_cohortOrdinal[81] = 21
  out_cohortOrdinal[82] = 21
  out_cohortOrdinal[83] = 21
  out_cohortOrdinal[84] = 21
  out_cohortOrdinal[85] = 22
  out_cohortOrdinal[86] = 22
  out_cohortOrdinal[87] = 22
  out_cohortOrdinal[88] = 22
  out_cohortOrdinal[89] = 23
  out_cohortOrdinal[90] = 23
  out_cohortOrdinal[91] = 23
  out_cohortOrdinal[92] = 23
  out_cohortOrdinal[93] = 24
  out_cohortOrdinal[94] = 24
  out_cohortOrdinal[95] = 24
  out_cohortOrdinal[96] = 24
  out_cohortOrdinal[97] = 25
  out_cohortOrdinal[98] = 25
  out_cohortOrdinal[99] = 25
  out_cohortOrdinal[100] = 25
  out_cohortOrdinal[101] = 26
  out_cohortOrdinal[102] = 26
  out_cohortOrdinal[103] = 26
  out_cohortOrdinal[104] = 26
  out_cohortOrdinal[105] = 27
  out_cohortOrdinal[106] = 27
  out_cohortOrdinal[107] = 27
  out_cohortOrdinal[108] = 27
  out_cohortOrdinal[109] = 28
  out_cohortOrdinal[110] = 28
  out_cohortOrdinal[111] = 28
  out_cohortOrdinal[112] = 28
  out_cohortOrdinal[113] = 29
  out_cohortOrdinal[114] = 29
  out_cohortOrdinal[115] = 29
  out_cohortOrdinal[116] = 29
  out_cohortOrdinal[117] = 30
  out_cohortOrdinal[118] = 30
  out_cohortOrdinal[119] = 30
  out_cohortOrdinal[120] = 30
  out_cohortOrdinal[121] = 31
  out_cohortOrdinal[122] = 31
  out_cohortOrdinal[123] = 31
  out_cohortOrdinal[124] = 31
  out_cohortOrdinal[125] = 32
  out_cohortOrdinal[126] = 32
  out_cohortOrdinal[127] = 32
  out_cohortOrdinal[128] = 32
  out_cohortOrdinal[129] = 33
  out_cohortOrdinal[130] = 33
  out_cohortOrdinal[131] = 33
  out_cohortOrdinal[132] = 33
  out_cohortOrdinal[133] = 34
  out_cohortOrdinal[134] = 34
  out_cohortOrdinal[135] = 34
  out_cohortOrdinal[136] = 34
  out_cohortOrdinal[137] = 35
  out_cohortOrdinal[138] = 35
  out_cohortOrdinal[139] = 35
  out_cohortOrdinal[140] = 35
  out_cohortOrdinal[141] = 36
  out_cohortOrdinal[142] = 36
  out_cohortOrdinal[143] = 36
  out_cohortOrdinal[144] = 36
  out_pointOrdinal[1] = 1
  out_pointOrdinal[2] = 1
  out_pointOrdinal[3] = 1
  out_pointOrdinal[4] = 1
  out_pointOrdinal[5] = 1
  out_pointOrdinal[6] = 1
  out_pointOrdinal[7] = 1
  out_pointOrdinal[8] = 1
  out_pointOrdinal[9] = 1
  out_pointOrdinal[10] = 1
  out_pointOrdinal[11] = 1
  out_pointOrdinal[12] = 1
  out_pointOrdinal[13] = 2
  out_pointOrdinal[14] = 2
  out_pointOrdinal[15] = 2
  out_pointOrdinal[16] = 2
  out_pointOrdinal[17] = 2
  out_pointOrdinal[18] = 2
  out_pointOrdinal[19] = 2
  out_pointOrdinal[20] = 2
  out_pointOrdinal[21] = 2
  out_pointOrdinal[22] = 2
  out_pointOrdinal[23] = 2
  out_pointOrdinal[24] = 2
  out_pointOrdinal[25] = 2
  out_pointOrdinal[26] = 2
  out_pointOrdinal[27] = 2
  out_pointOrdinal[28] = 2
  out_pointOrdinal[29] = 2
  out_pointOrdinal[30] = 2
  out_pointOrdinal[31] = 2
  out_pointOrdinal[32] = 2
  out_pointOrdinal[33] = 2
  out_pointOrdinal[34] = 2
  out_pointOrdinal[35] = 2
  out_pointOrdinal[36] = 2
  out_pointOrdinal[37] = 2
  out_pointOrdinal[38] = 2
  out_pointOrdinal[39] = 2
  out_pointOrdinal[40] = 2
  out_pointOrdinal[41] = 2
  out_pointOrdinal[42] = 2
  out_pointOrdinal[43] = 2
  out_pointOrdinal[44] = 2
  out_pointOrdinal[45] = 2
  out_pointOrdinal[46] = 2
  out_pointOrdinal[47] = 2
  out_pointOrdinal[48] = 2
  out_pointOrdinal[49] = 2
  out_pointOrdinal[50] = 2
  out_pointOrdinal[51] = 2
  out_pointOrdinal[52] = 2
  out_pointOrdinal[53] = 2
  out_pointOrdinal[54] = 2
  out_pointOrdinal[55] = 2
  out_pointOrdinal[56] = 2
  out_pointOrdinal[57] = 2
  out_pointOrdinal[58] = 2
  out_pointOrdinal[59] = 2
  out_pointOrdinal[60] = 2
  out_pointOrdinal[61] = 2
  out_pointOrdinal[62] = 2
  out_pointOrdinal[63] = 2
  out_pointOrdinal[64] = 2
  out_pointOrdinal[65] = 4
  out_pointOrdinal[66] = 4
  out_pointOrdinal[67] = 4
  out_pointOrdinal[68] = 4
  out_pointOrdinal[69] = 4
  out_pointOrdinal[70] = 4
  out_pointOrdinal[71] = 4
  out_pointOrdinal[72] = 4
  out_pointOrdinal[73] = 4
  out_pointOrdinal[74] = 4
  out_pointOrdinal[75] = 4
  out_pointOrdinal[76] = 4
  out_pointOrdinal[77] = 4
  out_pointOrdinal[78] = 4
  out_pointOrdinal[79] = 4
  out_pointOrdinal[80] = 4
  out_pointOrdinal[81] = 4
  out_pointOrdinal[82] = 4
  out_pointOrdinal[83] = 4
  out_pointOrdinal[84] = 4
  out_pointOrdinal[85] = 4
  out_pointOrdinal[86] = 4
  out_pointOrdinal[87] = 4
  out_pointOrdinal[88] = 4
  out_pointOrdinal[89] = 4
  out_pointOrdinal[90] = 4
  out_pointOrdinal[91] = 4
  out_pointOrdinal[92] = 4
  out_pointOrdinal[93] = 4
  out_pointOrdinal[94] = 4
  out_pointOrdinal[95] = 4
  out_pointOrdinal[96] = 4
  out_pointOrdinal[97] = 4
  out_pointOrdinal[98] = 4
  out_pointOrdinal[99] = 4
  out_pointOrdinal[100] = 4
  out_pointOrdinal[101] = 4
  out_pointOrdinal[102] = 4
  out_pointOrdinal[103] = 4
  out_pointOrdinal[104] = 4
  out_pointOrdinal[105] = 4
  out_pointOrdinal[106] = 4
  out_pointOrdinal[107] = 4
  out_pointOrdinal[108] = 4
  out_pointOrdinal[109] = 4
  out_pointOrdinal[110] = 4
  out_pointOrdinal[111] = 4
  out_pointOrdinal[112] = 4
  out_pointOrdinal[113] = 4
  out_pointOrdinal[114] = 4
  out_pointOrdinal[115] = 4
  out_pointOrdinal[116] = 4
  out_pointOrdinal[117] = 4
  out_pointOrdinal[118] = 4
  out_pointOrdinal[119] = 4
  out_pointOrdinal[120] = 4
  out_pointOrdinal[121] = 4
  out_pointOrdinal[122] = 4
  out_pointOrdinal[123] = 4
  out_pointOrdinal[124] = 4
  out_pointOrdinal[125] = 4
  out_pointOrdinal[126] = 4
  out_pointOrdinal[127] = 4
  out_pointOrdinal[128] = 4
  out_pointOrdinal[129] = 5
  out_pointOrdinal[130] = 5
  out_pointOrdinal[131] = 5
  out_pointOrdinal[132] = 5
  out_pointOrdinal[133] = 5
  out_pointOrdinal[134] = 5
  out_pointOrdinal[135] = 5
  out_pointOrdinal[136] = 5
  out_pointOrdinal[137] = 6
  out_pointOrdinal[138] = 6
  out_pointOrdinal[139] = 6
  out_pointOrdinal[140] = 6
  out_pointOrdinal[141] = 6
  out_pointOrdinal[142] = 6
  out_pointOrdinal[143] = 6
  out_pointOrdinal[144] = 6
  out_ageSlot[1] = 1
  out_ageSlot[2] = 1
  out_ageSlot[3] = 1
  out_ageSlot[4] = 1
  out_ageSlot[5] = 2
  out_ageSlot[6] = 2
  out_ageSlot[7] = 2
  out_ageSlot[8] = 2
  out_ageSlot[9] = 3
  out_ageSlot[10] = 3
  out_ageSlot[11] = 3
  out_ageSlot[12] = 3
  out_ageSlot[13] = 1
  out_ageSlot[14] = 1
  out_ageSlot[15] = 1
  out_ageSlot[16] = 1
  out_ageSlot[17] = 2
  out_ageSlot[18] = 2
  out_ageSlot[19] = 2
  out_ageSlot[20] = 2
  out_ageSlot[21] = 3
  out_ageSlot[22] = 3
  out_ageSlot[23] = 3
  out_ageSlot[24] = 3
  out_ageSlot[25] = 4
  out_ageSlot[26] = 4
  out_ageSlot[27] = 4
  out_ageSlot[28] = 4
  out_ageSlot[29] = 5
  out_ageSlot[30] = 5
  out_ageSlot[31] = 5
  out_ageSlot[32] = 5
  out_ageSlot[33] = 6
  out_ageSlot[34] = 6
  out_ageSlot[35] = 6
  out_ageSlot[36] = 6
  out_ageSlot[37] = 7
  out_ageSlot[38] = 7
  out_ageSlot[39] = 7
  out_ageSlot[40] = 7
  out_ageSlot[41] = 8
  out_ageSlot[42] = 8
  out_ageSlot[43] = 8
  out_ageSlot[44] = 8
  out_ageSlot[45] = 9
  out_ageSlot[46] = 9
  out_ageSlot[47] = 9
  out_ageSlot[48] = 9
  out_ageSlot[49] = 10
  out_ageSlot[50] = 10
  out_ageSlot[51] = 10
  out_ageSlot[52] = 10
  out_ageSlot[53] = 16
  out_ageSlot[54] = 16
  out_ageSlot[55] = 16
  out_ageSlot[56] = 16
  out_ageSlot[57] = 17
  out_ageSlot[58] = 17
  out_ageSlot[59] = 17
  out_ageSlot[60] = 17
  out_ageSlot[61] = 18
  out_ageSlot[62] = 18
  out_ageSlot[63] = 18
  out_ageSlot[64] = 18
  out_ageSlot[65] = 22
  out_ageSlot[66] = 22
  out_ageSlot[67] = 22
  out_ageSlot[68] = 22
  out_ageSlot[69] = 23
  out_ageSlot[70] = 23
  out_ageSlot[71] = 23
  out_ageSlot[72] = 23
  out_ageSlot[73] = 24
  out_ageSlot[74] = 24
  out_ageSlot[75] = 24
  out_ageSlot[76] = 24
  out_ageSlot[77] = 25
  out_ageSlot[78] = 25
  out_ageSlot[79] = 25
  out_ageSlot[80] = 25
  out_ageSlot[81] = 26
  out_ageSlot[82] = 26
  out_ageSlot[83] = 26
  out_ageSlot[84] = 26
  out_ageSlot[85] = 27
  out_ageSlot[86] = 27
  out_ageSlot[87] = 27
  out_ageSlot[88] = 27
  out_ageSlot[89] = 28
  out_ageSlot[90] = 28
  out_ageSlot[91] = 28
  out_ageSlot[92] = 28
  out_ageSlot[93] = 29
  out_ageSlot[94] = 29
  out_ageSlot[95] = 29
  out_ageSlot[96] = 29
  out_ageSlot[97] = 31
  out_ageSlot[98] = 31
  out_ageSlot[99] = 31
  out_ageSlot[100] = 31
  out_ageSlot[101] = 32
  out_ageSlot[102] = 32
  out_ageSlot[103] = 32
  out_ageSlot[104] = 32
  out_ageSlot[105] = 33
  out_ageSlot[106] = 33
  out_ageSlot[107] = 33
  out_ageSlot[108] = 33
  out_ageSlot[109] = 34
  out_ageSlot[110] = 34
  out_ageSlot[111] = 34
  out_ageSlot[112] = 34
  out_ageSlot[113] = 35
  out_ageSlot[114] = 35
  out_ageSlot[115] = 35
  out_ageSlot[116] = 35
  out_ageSlot[117] = 36
  out_ageSlot[118] = 36
  out_ageSlot[119] = 36
  out_ageSlot[120] = 36
  out_ageSlot[121] = 37
  out_ageSlot[122] = 37
  out_ageSlot[123] = 37
  out_ageSlot[124] = 37
  out_ageSlot[125] = 38
  out_ageSlot[126] = 38
  out_ageSlot[127] = 38
  out_ageSlot[128] = 38
  out_ageSlot[129] = 1
  out_ageSlot[130] = 1
  out_ageSlot[131] = 1
  out_ageSlot[132] = 1
  out_ageSlot[133] = 2
  out_ageSlot[134] = 2
  out_ageSlot[135] = 2
  out_ageSlot[136] = 2
  out_ageSlot[137] = 3
  out_ageSlot[138] = 3
  out_ageSlot[139] = 3
  out_ageSlot[140] = 3
  out_ageSlot[141] = 4
  out_ageSlot[142] = 4
  out_ageSlot[143] = 4
  out_ageSlot[144] = 4
  out_ppOrdinal[1] = 1
  out_ppOrdinal[2] = 2
  out_ppOrdinal[3] = 3
  out_ppOrdinal[4] = 4
  out_ppOrdinal[5] = 1
  out_ppOrdinal[6] = 2
  out_ppOrdinal[7] = 3
  out_ppOrdinal[8] = 4
  out_ppOrdinal[9] = 1
  out_ppOrdinal[10] = 2
  out_ppOrdinal[11] = 3
  out_ppOrdinal[12] = 4
  out_ppOrdinal[13] = 1
  out_ppOrdinal[14] = 2
  out_ppOrdinal[15] = 3
  out_ppOrdinal[16] = 4
  out_ppOrdinal[17] = 1
  out_ppOrdinal[18] = 2
  out_ppOrdinal[19] = 3
  out_ppOrdinal[20] = 4
  out_ppOrdinal[21] = 1
  out_ppOrdinal[22] = 2
  out_ppOrdinal[23] = 3
  out_ppOrdinal[24] = 4
  out_ppOrdinal[25] = 1
  out_ppOrdinal[26] = 2
  out_ppOrdinal[27] = 3
  out_ppOrdinal[28] = 4
  out_ppOrdinal[29] = 1
  out_ppOrdinal[30] = 2
  out_ppOrdinal[31] = 3
  out_ppOrdinal[32] = 4
  out_ppOrdinal[33] = 1
  out_ppOrdinal[34] = 2
  out_ppOrdinal[35] = 3
  out_ppOrdinal[36] = 4
  out_ppOrdinal[37] = 1
  out_ppOrdinal[38] = 2
  out_ppOrdinal[39] = 3
  out_ppOrdinal[40] = 4
  out_ppOrdinal[41] = 1
  out_ppOrdinal[42] = 2
  out_ppOrdinal[43] = 3
  out_ppOrdinal[44] = 4
  out_ppOrdinal[45] = 1
  out_ppOrdinal[46] = 2
  out_ppOrdinal[47] = 3
  out_ppOrdinal[48] = 4
  out_ppOrdinal[49] = 1
  out_ppOrdinal[50] = 2
  out_ppOrdinal[51] = 3
  out_ppOrdinal[52] = 4
  out_ppOrdinal[53] = 1
  out_ppOrdinal[54] = 2
  out_ppOrdinal[55] = 3
  out_ppOrdinal[56] = 4
  out_ppOrdinal[57] = 1
  out_ppOrdinal[58] = 2
  out_ppOrdinal[59] = 3
  out_ppOrdinal[60] = 4
  out_ppOrdinal[61] = 1
  out_ppOrdinal[62] = 2
  out_ppOrdinal[63] = 3
  out_ppOrdinal[64] = 4
  out_ppOrdinal[65] = 1
  out_ppOrdinal[66] = 2
  out_ppOrdinal[67] = 3
  out_ppOrdinal[68] = 4
  out_ppOrdinal[69] = 1
  out_ppOrdinal[70] = 2
  out_ppOrdinal[71] = 3
  out_ppOrdinal[72] = 4
  out_ppOrdinal[73] = 1
  out_ppOrdinal[74] = 2
  out_ppOrdinal[75] = 3
  out_ppOrdinal[76] = 4
  out_ppOrdinal[77] = 1
  out_ppOrdinal[78] = 2
  out_ppOrdinal[79] = 3
  out_ppOrdinal[80] = 4
  out_ppOrdinal[81] = 1
  out_ppOrdinal[82] = 2
  out_ppOrdinal[83] = 3
  out_ppOrdinal[84] = 4
  out_ppOrdinal[85] = 1
  out_ppOrdinal[86] = 2
  out_ppOrdinal[87] = 3
  out_ppOrdinal[88] = 4
  out_ppOrdinal[89] = 1
  out_ppOrdinal[90] = 2
  out_ppOrdinal[91] = 3
  out_ppOrdinal[92] = 4
  out_ppOrdinal[93] = 1
  out_ppOrdinal[94] = 2
  out_ppOrdinal[95] = 3
  out_ppOrdinal[96] = 4
  out_ppOrdinal[97] = 1
  out_ppOrdinal[98] = 2
  out_ppOrdinal[99] = 3
  out_ppOrdinal[100] = 4
  out_ppOrdinal[101] = 1
  out_ppOrdinal[102] = 2
  out_ppOrdinal[103] = 3
  out_ppOrdinal[104] = 4
  out_ppOrdinal[105] = 1
  out_ppOrdinal[106] = 2
  out_ppOrdinal[107] = 3
  out_ppOrdinal[108] = 4
  out_ppOrdinal[109] = 1
  out_ppOrdinal[110] = 2
  out_ppOrdinal[111] = 3
  out_ppOrdinal[112] = 4
  out_ppOrdinal[113] = 1
  out_ppOrdinal[114] = 2
  out_ppOrdinal[115] = 3
  out_ppOrdinal[116] = 4
  out_ppOrdinal[117] = 1
  out_ppOrdinal[118] = 2
  out_ppOrdinal[119] = 3
  out_ppOrdinal[120] = 4
  out_ppOrdinal[121] = 1
  out_ppOrdinal[122] = 2
  out_ppOrdinal[123] = 3
  out_ppOrdinal[124] = 4
  out_ppOrdinal[125] = 1
  out_ppOrdinal[126] = 2
  out_ppOrdinal[127] = 3
  out_ppOrdinal[128] = 4
  out_ppOrdinal[129] = 1
  out_ppOrdinal[130] = 2
  out_ppOrdinal[131] = 3
  out_ppOrdinal[132] = 4
  out_ppOrdinal[133] = 1
  out_ppOrdinal[134] = 2
  out_ppOrdinal[135] = 3
  out_ppOrdinal[136] = 4
  out_ppOrdinal[137] = 1
  out_ppOrdinal[138] = 2
  out_ppOrdinal[139] = 3
  out_ppOrdinal[140] = 4
  out_ppOrdinal[141] = 1
  out_ppOrdinal[142] = 2
  out_ppOrdinal[143] = 3
  out_ppOrdinal[144] = 4
  out_SCC[1] = 2260007005
  out_SCC[2] = 2260007005
  out_SCC[3] = 2260007005
  out_SCC[4] = 2260007005
  out_SCC[5] = 2260007005
  out_SCC[6] = 2260007005
  out_SCC[7] = 2260007005
  out_SCC[8] = 2260007005
  out_SCC[9] = 2260007005
  out_SCC[10] = 2260007005
  out_SCC[11] = 2260007005
  out_SCC[12] = 2260007005
  out_SCC[13] = 2265007010
  out_SCC[14] = 2265007010
  out_SCC[15] = 2265007010
  out_SCC[16] = 2265007010
  out_SCC[17] = 2265007010
  out_SCC[18] = 2265007010
  out_SCC[19] = 2265007010
  out_SCC[20] = 2265007010
  out_SCC[21] = 2265007010
  out_SCC[22] = 2265007010
  out_SCC[23] = 2265007010
  out_SCC[24] = 2265007010
  out_SCC[25] = 2265007010
  out_SCC[26] = 2265007010
  out_SCC[27] = 2265007010
  out_SCC[28] = 2265007010
  out_SCC[29] = 2265007010
  out_SCC[30] = 2265007010
  out_SCC[31] = 2265007010
  out_SCC[32] = 2265007010
  out_SCC[33] = 2265007010
  out_SCC[34] = 2265007010
  out_SCC[35] = 2265007010
  out_SCC[36] = 2265007010
  out_SCC[37] = 2265007010
  out_SCC[38] = 2265007010
  out_SCC[39] = 2265007010
  out_SCC[40] = 2265007010
  out_SCC[41] = 2265007010
  out_SCC[42] = 2265007010
  out_SCC[43] = 2265007010
  out_SCC[44] = 2265007010
  out_SCC[45] = 2265007010
  out_SCC[46] = 2265007010
  out_SCC[47] = 2265007010
  out_SCC[48] = 2265007010
  out_SCC[49] = 2265007010
  out_SCC[50] = 2265007010
  out_SCC[51] = 2265007010
  out_SCC[52] = 2265007010
  out_SCC[53] = 2265007010
  out_SCC[54] = 2265007010
  out_SCC[55] = 2265007010
  out_SCC[56] = 2265007010
  out_SCC[57] = 2265007010
  out_SCC[58] = 2265007010
  out_SCC[59] = 2265007010
  out_SCC[60] = 2265007010
  out_SCC[61] = 2265007010
  out_SCC[62] = 2265007010
  out_SCC[63] = 2265007010
  out_SCC[64] = 2265007010
  out_SCC[65] = 2265007010
  out_SCC[66] = 2265007010
  out_SCC[67] = 2265007010
  out_SCC[68] = 2265007010
  out_SCC[69] = 2265007010
  out_SCC[70] = 2265007010
  out_SCC[71] = 2265007010
  out_SCC[72] = 2265007010
  out_SCC[73] = 2265007010
  out_SCC[74] = 2265007010
  out_SCC[75] = 2265007010
  out_SCC[76] = 2265007010
  out_SCC[77] = 2265007010
  out_SCC[78] = 2265007010
  out_SCC[79] = 2265007010
  out_SCC[80] = 2265007010
  out_SCC[81] = 2265007010
  out_SCC[82] = 2265007010
  out_SCC[83] = 2265007010
  out_SCC[84] = 2265007010
  out_SCC[85] = 2265007010
  out_SCC[86] = 2265007010
  out_SCC[87] = 2265007010
  out_SCC[88] = 2265007010
  out_SCC[89] = 2265007010
  out_SCC[90] = 2265007010
  out_SCC[91] = 2265007010
  out_SCC[92] = 2265007010
  out_SCC[93] = 2265007010
  out_SCC[94] = 2265007010
  out_SCC[95] = 2265007010
  out_SCC[96] = 2265007010
  out_SCC[97] = 2265007010
  out_SCC[98] = 2265007010
  out_SCC[99] = 2265007010
  out_SCC[100] = 2265007010
  out_SCC[101] = 2265007010
  out_SCC[102] = 2265007010
  out_SCC[103] = 2265007010
  out_SCC[104] = 2265007010
  out_SCC[105] = 2265007010
  out_SCC[106] = 2265007010
  out_SCC[107] = 2265007010
  out_SCC[108] = 2265007010
  out_SCC[109] = 2265007010
  out_SCC[110] = 2265007010
  out_SCC[111] = 2265007010
  out_SCC[112] = 2265007010
  out_SCC[113] = 2265007010
  out_SCC[114] = 2265007010
  out_SCC[115] = 2265007010
  out_SCC[116] = 2265007010
  out_SCC[117] = 2265007010
  out_SCC[118] = 2265007010
  out_SCC[119] = 2265007010
  out_SCC[120] = 2265007010
  out_SCC[121] = 2265007010
  out_SCC[122] = 2265007010
  out_SCC[123] = 2265007010
  out_SCC[124] = 2265007010
  out_SCC[125] = 2265007010
  out_SCC[126] = 2265007010
  out_SCC[127] = 2265007010
  out_SCC[128] = 2265007010
  out_SCC[129] = 2265007015
  out_SCC[130] = 2265007015
  out_SCC[131] = 2265007015
  out_SCC[132] = 2265007015
  out_SCC[133] = 2265007015
  out_SCC[134] = 2265007015
  out_SCC[135] = 2265007015
  out_SCC[136] = 2265007015
  out_SCC[137] = 2265007015
  out_SCC[138] = 2265007015
  out_SCC[139] = 2265007015
  out_SCC[140] = 2265007015
  out_SCC[141] = 2265007015
  out_SCC[142] = 2265007015
  out_SCC[143] = 2265007015
  out_SCC[144] = 2265007015
  out_modelYearID[1] = 2020
  out_modelYearID[2] = 2020
  out_modelYearID[3] = 2020
  out_modelYearID[4] = 2020
  out_modelYearID[5] = 2019
  out_modelYearID[6] = 2019
  out_modelYearID[7] = 2019
  out_modelYearID[8] = 2019
  out_modelYearID[9] = 2018
  out_modelYearID[10] = 2018
  out_modelYearID[11] = 2018
  out_modelYearID[12] = 2018
  out_modelYearID[13] = 2020
  out_modelYearID[14] = 2020
  out_modelYearID[15] = 2020
  out_modelYearID[16] = 2020
  out_modelYearID[17] = 2019
  out_modelYearID[18] = 2019
  out_modelYearID[19] = 2019
  out_modelYearID[20] = 2019
  out_modelYearID[21] = 2018
  out_modelYearID[22] = 2018
  out_modelYearID[23] = 2018
  out_modelYearID[24] = 2018
  out_modelYearID[25] = 2017
  out_modelYearID[26] = 2017
  out_modelYearID[27] = 2017
  out_modelYearID[28] = 2017
  out_modelYearID[29] = 2016
  out_modelYearID[30] = 2016
  out_modelYearID[31] = 2016
  out_modelYearID[32] = 2016
  out_modelYearID[33] = 2015
  out_modelYearID[34] = 2015
  out_modelYearID[35] = 2015
  out_modelYearID[36] = 2015
  out_modelYearID[37] = 2014
  out_modelYearID[38] = 2014
  out_modelYearID[39] = 2014
  out_modelYearID[40] = 2014
  out_modelYearID[41] = 2013
  out_modelYearID[42] = 2013
  out_modelYearID[43] = 2013
  out_modelYearID[44] = 2013
  out_modelYearID[45] = 2012
  out_modelYearID[46] = 2012
  out_modelYearID[47] = 2012
  out_modelYearID[48] = 2012
  out_modelYearID[49] = 2011
  out_modelYearID[50] = 2011
  out_modelYearID[51] = 2011
  out_modelYearID[52] = 2011
  out_modelYearID[53] = 2005
  out_modelYearID[54] = 2005
  out_modelYearID[55] = 2005
  out_modelYearID[56] = 2005
  out_modelYearID[57] = 2004
  out_modelYearID[58] = 2004
  out_modelYearID[59] = 2004
  out_modelYearID[60] = 2004
  out_modelYearID[61] = 2003
  out_modelYearID[62] = 2003
  out_modelYearID[63] = 2003
  out_modelYearID[64] = 2003
  out_modelYearID[65] = 1999
  out_modelYearID[66] = 1999
  out_modelYearID[67] = 1999
  out_modelYearID[68] = 1999
  out_modelYearID[69] = 1998
  out_modelYearID[70] = 1998
  out_modelYearID[71] = 1998
  out_modelYearID[72] = 1998
  out_modelYearID[73] = 1997
  out_modelYearID[74] = 1997
  out_modelYearID[75] = 1997
  out_modelYearID[76] = 1997
  out_modelYearID[77] = 1996
  out_modelYearID[78] = 1996
  out_modelYearID[79] = 1996
  out_modelYearID[80] = 1996
  out_modelYearID[81] = 1995
  out_modelYearID[82] = 1995
  out_modelYearID[83] = 1995
  out_modelYearID[84] = 1995
  out_modelYearID[85] = 1994
  out_modelYearID[86] = 1994
  out_modelYearID[87] = 1994
  out_modelYearID[88] = 1994
  out_modelYearID[89] = 1993
  out_modelYearID[90] = 1993
  out_modelYearID[91] = 1993
  out_modelYearID[92] = 1993
  out_modelYearID[93] = 1992
  out_modelYearID[94] = 1992
  out_modelYearID[95] = 1992
  out_modelYearID[96] = 1992
  out_modelYearID[97] = 1990
  out_modelYearID[98] = 1990
  out_modelYearID[99] = 1990
  out_modelYearID[100] = 1990
  out_modelYearID[101] = 1989
  out_modelYearID[102] = 1989
  out_modelYearID[103] = 1989
  out_modelYearID[104] = 1989
  out_modelYearID[105] = 1988
  out_modelYearID[106] = 1988
  out_modelYearID[107] = 1988
  out_modelYearID[108] = 1988
  out_modelYearID[109] = 1987
  out_modelYearID[110] = 1987
  out_modelYearID[111] = 1987
  out_modelYearID[112] = 1987
  out_modelYearID[113] = 1986
  out_modelYearID[114] = 1986
  out_modelYearID[115] = 1986
  out_modelYearID[116] = 1986
  out_modelYearID[117] = 1985
  out_modelYearID[118] = 1985
  out_modelYearID[119] = 1985
  out_modelYearID[120] = 1985
  out_modelYearID[121] = 1984
  out_modelYearID[122] = 1984
  out_modelYearID[123] = 1984
  out_modelYearID[124] = 1984
  out_modelYearID[125] = 1983
  out_modelYearID[126] = 1983
  out_modelYearID[127] = 1983
  out_modelYearID[128] = 1983
  out_modelYearID[129] = 2020
  out_modelYearID[130] = 2020
  out_modelYearID[131] = 2020
  out_modelYearID[132] = 2020
  out_modelYearID[133] = 2019
  out_modelYearID[134] = 2019
  out_modelYearID[135] = 2019
  out_modelYearID[136] = 2019
  out_modelYearID[137] = 2018
  out_modelYearID[138] = 2018
  out_modelYearID[139] = 2018
  out_modelYearID[140] = 2018
  out_modelYearID[141] = 2017
  out_modelYearID[142] = 2017
  out_modelYearID[143] = 2017
  out_modelYearID[144] = 2017
  out_polProcessID[1] = 101
  out_polProcessID[2] = 201
  out_polProcessID[3] = 301
  out_polProcessID[4] = 10001
  out_polProcessID[5] = 101
  out_polProcessID[6] = 201
  out_polProcessID[7] = 301
  out_polProcessID[8] = 10001
  out_polProcessID[9] = 101
  out_polProcessID[10] = 201
  out_polProcessID[11] = 301
  out_polProcessID[12] = 10001
  out_polProcessID[13] = 101
  out_polProcessID[14] = 201
  out_polProcessID[15] = 301
  out_polProcessID[16] = 10001
  out_polProcessID[17] = 101
  out_polProcessID[18] = 201
  out_polProcessID[19] = 301
  out_polProcessID[20] = 10001
  out_polProcessID[21] = 101
  out_polProcessID[22] = 201
  out_polProcessID[23] = 301
  out_polProcessID[24] = 10001
  out_polProcessID[25] = 101
  out_polProcessID[26] = 201
  out_polProcessID[27] = 301
  out_polProcessID[28] = 10001
  out_polProcessID[29] = 101
  out_polProcessID[30] = 201
  out_polProcessID[31] = 301
  out_polProcessID[32] = 10001
  out_polProcessID[33] = 101
  out_polProcessID[34] = 201
  out_polProcessID[35] = 301
  out_polProcessID[36] = 10001
  out_polProcessID[37] = 101
  out_polProcessID[38] = 201
  out_polProcessID[39] = 301
  out_polProcessID[40] = 10001
  out_polProcessID[41] = 101
  out_polProcessID[42] = 201
  out_polProcessID[43] = 301
  out_polProcessID[44] = 10001
  out_polProcessID[45] = 101
  out_polProcessID[46] = 201
  out_polProcessID[47] = 301
  out_polProcessID[48] = 10001
  out_polProcessID[49] = 101
  out_polProcessID[50] = 201
  out_polProcessID[51] = 301
  out_polProcessID[52] = 10001
  out_polProcessID[53] = 101
  out_polProcessID[54] = 201
  out_polProcessID[55] = 301
  out_polProcessID[56] = 10001
  out_polProcessID[57] = 101
  out_polProcessID[58] = 201
  out_polProcessID[59] = 301
  out_polProcessID[60] = 10001
  out_polProcessID[61] = 101
  out_polProcessID[62] = 201
  out_polProcessID[63] = 301
  out_polProcessID[64] = 10001
  out_polProcessID[65] = 101
  out_polProcessID[66] = 201
  out_polProcessID[67] = 301
  out_polProcessID[68] = 10001
  out_polProcessID[69] = 101
  out_polProcessID[70] = 201
  out_polProcessID[71] = 301
  out_polProcessID[72] = 10001
  out_polProcessID[73] = 101
  out_polProcessID[74] = 201
  out_polProcessID[75] = 301
  out_polProcessID[76] = 10001
  out_polProcessID[77] = 101
  out_polProcessID[78] = 201
  out_polProcessID[79] = 301
  out_polProcessID[80] = 10001
  out_polProcessID[81] = 101
  out_polProcessID[82] = 201
  out_polProcessID[83] = 301
  out_polProcessID[84] = 10001
  out_polProcessID[85] = 101
  out_polProcessID[86] = 201
  out_polProcessID[87] = 301
  out_polProcessID[88] = 10001
  out_polProcessID[89] = 101
  out_polProcessID[90] = 201
  out_polProcessID[91] = 301
  out_polProcessID[92] = 10001
  out_polProcessID[93] = 101
  out_polProcessID[94] = 201
  out_polProcessID[95] = 301
  out_polProcessID[96] = 10001
  out_polProcessID[97] = 101
  out_polProcessID[98] = 201
  out_polProcessID[99] = 301
  out_polProcessID[100] = 10001
  out_polProcessID[101] = 101
  out_polProcessID[102] = 201
  out_polProcessID[103] = 301
  out_polProcessID[104] = 10001
  out_polProcessID[105] = 101
  out_polProcessID[106] = 201
  out_polProcessID[107] = 301
  out_polProcessID[108] = 10001
  out_polProcessID[109] = 101
  out_polProcessID[110] = 201
  out_polProcessID[111] = 301
  out_polProcessID[112] = 10001
  out_polProcessID[113] = 101
  out_polProcessID[114] = 201
  out_polProcessID[115] = 301
  out_polProcessID[116] = 10001
  out_polProcessID[117] = 101
  out_polProcessID[118] = 201
  out_polProcessID[119] = 301
  out_polProcessID[120] = 10001
  out_polProcessID[121] = 101
  out_polProcessID[122] = 201
  out_polProcessID[123] = 301
  out_polProcessID[124] = 10001
  out_polProcessID[125] = 101
  out_polProcessID[126] = 201
  out_polProcessID[127] = 301
  out_polProcessID[128] = 10001
  out_polProcessID[129] = 101
  out_polProcessID[130] = 201
  out_polProcessID[131] = 301
  out_polProcessID[132] = 10001
  out_polProcessID[133] = 101
  out_polProcessID[134] = 201
  out_polProcessID[135] = 301
  out_polProcessID[136] = 10001
  out_polProcessID[137] = 101
  out_polProcessID[138] = 201
  out_polProcessID[139] = 301
  out_polProcessID[140] = 10001
  out_polProcessID[141] = 101
  out_polProcessID[142] = 201
  out_polProcessID[143] = 301
  out_polProcessID[144] = 10001
  out_pollutantID[1] = 1
  out_pollutantID[2] = 2
  out_pollutantID[3] = 3
  out_pollutantID[4] = 100
  out_pollutantID[5] = 1
  out_pollutantID[6] = 2
  out_pollutantID[7] = 3
  out_pollutantID[8] = 100
  out_pollutantID[9] = 1
  out_pollutantID[10] = 2
  out_pollutantID[11] = 3
  out_pollutantID[12] = 100
  out_pollutantID[13] = 1
  out_pollutantID[14] = 2
  out_pollutantID[15] = 3
  out_pollutantID[16] = 100
  out_pollutantID[17] = 1
  out_pollutantID[18] = 2
  out_pollutantID[19] = 3
  out_pollutantID[20] = 100
  out_pollutantID[21] = 1
  out_pollutantID[22] = 2
  out_pollutantID[23] = 3
  out_pollutantID[24] = 100
  out_pollutantID[25] = 1
  out_pollutantID[26] = 2
  out_pollutantID[27] = 3
  out_pollutantID[28] = 100
  out_pollutantID[29] = 1
  out_pollutantID[30] = 2
  out_pollutantID[31] = 3
  out_pollutantID[32] = 100
  out_pollutantID[33] = 1
  out_pollutantID[34] = 2
  out_pollutantID[35] = 3
  out_pollutantID[36] = 100
  out_pollutantID[37] = 1
  out_pollutantID[38] = 2
  out_pollutantID[39] = 3
  out_pollutantID[40] = 100
  out_pollutantID[41] = 1
  out_pollutantID[42] = 2
  out_pollutantID[43] = 3
  out_pollutantID[44] = 100
  out_pollutantID[45] = 1
  out_pollutantID[46] = 2
  out_pollutantID[47] = 3
  out_pollutantID[48] = 100
  out_pollutantID[49] = 1
  out_pollutantID[50] = 2
  out_pollutantID[51] = 3
  out_pollutantID[52] = 100
  out_pollutantID[53] = 1
  out_pollutantID[54] = 2
  out_pollutantID[55] = 3
  out_pollutantID[56] = 100
  out_pollutantID[57] = 1
  out_pollutantID[58] = 2
  out_pollutantID[59] = 3
  out_pollutantID[60] = 100
  out_pollutantID[61] = 1
  out_pollutantID[62] = 2
  out_pollutantID[63] = 3
  out_pollutantID[64] = 100
  out_pollutantID[65] = 1
  out_pollutantID[66] = 2
  out_pollutantID[67] = 3
  out_pollutantID[68] = 100
  out_pollutantID[69] = 1
  out_pollutantID[70] = 2
  out_pollutantID[71] = 3
  out_pollutantID[72] = 100
  out_pollutantID[73] = 1
  out_pollutantID[74] = 2
  out_pollutantID[75] = 3
  out_pollutantID[76] = 100
  out_pollutantID[77] = 1
  out_pollutantID[78] = 2
  out_pollutantID[79] = 3
  out_pollutantID[80] = 100
  out_pollutantID[81] = 1
  out_pollutantID[82] = 2
  out_pollutantID[83] = 3
  out_pollutantID[84] = 100
  out_pollutantID[85] = 1
  out_pollutantID[86] = 2
  out_pollutantID[87] = 3
  out_pollutantID[88] = 100
  out_pollutantID[89] = 1
  out_pollutantID[90] = 2
  out_pollutantID[91] = 3
  out_pollutantID[92] = 100
  out_pollutantID[93] = 1
  out_pollutantID[94] = 2
  out_pollutantID[95] = 3
  out_pollutantID[96] = 100
  out_pollutantID[97] = 1
  out_pollutantID[98] = 2
  out_pollutantID[99] = 3
  out_pollutantID[100] = 100
  out_pollutantID[101] = 1
  out_pollutantID[102] = 2
  out_pollutantID[103] = 3
  out_pollutantID[104] = 100
  out_pollutantID[105] = 1
  out_pollutantID[106] = 2
  out_pollutantID[107] = 3
  out_pollutantID[108] = 100
  out_pollutantID[109] = 1
  out_pollutantID[110] = 2
  out_pollutantID[111] = 3
  out_pollutantID[112] = 100
  out_pollutantID[113] = 1
  out_pollutantID[114] = 2
  out_pollutantID[115] = 3
  out_pollutantID[116] = 100
  out_pollutantID[117] = 1
  out_pollutantID[118] = 2
  out_pollutantID[119] = 3
  out_pollutantID[120] = 100
  out_pollutantID[121] = 1
  out_pollutantID[122] = 2
  out_pollutantID[123] = 3
  out_pollutantID[124] = 100
  out_pollutantID[125] = 1
  out_pollutantID[126] = 2
  out_pollutantID[127] = 3
  out_pollutantID[128] = 100
  out_pollutantID[129] = 1
  out_pollutantID[130] = 2
  out_pollutantID[131] = 3
  out_pollutantID[132] = 100
  out_pollutantID[133] = 1
  out_pollutantID[134] = 2
  out_pollutantID[135] = 3
  out_pollutantID[136] = 100
  out_pollutantID[137] = 1
  out_pollutantID[138] = 2
  out_pollutantID[139] = 3
  out_pollutantID[140] = 100
  out_pollutantID[141] = 1
  out_pollutantID[142] = 2
  out_pollutantID[143] = 3
  out_pollutantID[144] = 100
  out_processID[1] = 1
  out_processID[2] = 1
  out_processID[3] = 1
  out_processID[4] = 1
  out_processID[5] = 1
  out_processID[6] = 1
  out_processID[7] = 1
  out_processID[8] = 1
  out_processID[9] = 1
  out_processID[10] = 1
  out_processID[11] = 1
  out_processID[12] = 1
  out_processID[13] = 1
  out_processID[14] = 1
  out_processID[15] = 1
  out_processID[16] = 1
  out_processID[17] = 1
  out_processID[18] = 1
  out_processID[19] = 1
  out_processID[20] = 1
  out_processID[21] = 1
  out_processID[22] = 1
  out_processID[23] = 1
  out_processID[24] = 1
  out_processID[25] = 1
  out_processID[26] = 1
  out_processID[27] = 1
  out_processID[28] = 1
  out_processID[29] = 1
  out_processID[30] = 1
  out_processID[31] = 1
  out_processID[32] = 1
  out_processID[33] = 1
  out_processID[34] = 1
  out_processID[35] = 1
  out_processID[36] = 1
  out_processID[37] = 1
  out_processID[38] = 1
  out_processID[39] = 1
  out_processID[40] = 1
  out_processID[41] = 1
  out_processID[42] = 1
  out_processID[43] = 1
  out_processID[44] = 1
  out_processID[45] = 1
  out_processID[46] = 1
  out_processID[47] = 1
  out_processID[48] = 1
  out_processID[49] = 1
  out_processID[50] = 1
  out_processID[51] = 1
  out_processID[52] = 1
  out_processID[53] = 1
  out_processID[54] = 1
  out_processID[55] = 1
  out_processID[56] = 1
  out_processID[57] = 1
  out_processID[58] = 1
  out_processID[59] = 1
  out_processID[60] = 1
  out_processID[61] = 1
  out_processID[62] = 1
  out_processID[63] = 1
  out_processID[64] = 1
  out_processID[65] = 1
  out_processID[66] = 1
  out_processID[67] = 1
  out_processID[68] = 1
  out_processID[69] = 1
  out_processID[70] = 1
  out_processID[71] = 1
  out_processID[72] = 1
  out_processID[73] = 1
  out_processID[74] = 1
  out_processID[75] = 1
  out_processID[76] = 1
  out_processID[77] = 1
  out_processID[78] = 1
  out_processID[79] = 1
  out_processID[80] = 1
  out_processID[81] = 1
  out_processID[82] = 1
  out_processID[83] = 1
  out_processID[84] = 1
  out_processID[85] = 1
  out_processID[86] = 1
  out_processID[87] = 1
  out_processID[88] = 1
  out_processID[89] = 1
  out_processID[90] = 1
  out_processID[91] = 1
  out_processID[92] = 1
  out_processID[93] = 1
  out_processID[94] = 1
  out_processID[95] = 1
  out_processID[96] = 1
  out_processID[97] = 1
  out_processID[98] = 1
  out_processID[99] = 1
  out_processID[100] = 1
  out_processID[101] = 1
  out_processID[102] = 1
  out_processID[103] = 1
  out_processID[104] = 1
  out_processID[105] = 1
  out_processID[106] = 1
  out_processID[107] = 1
  out_processID[108] = 1
  out_processID[109] = 1
  out_processID[110] = 1
  out_processID[111] = 1
  out_processID[112] = 1
  out_processID[113] = 1
  out_processID[114] = 1
  out_processID[115] = 1
  out_processID[116] = 1
  out_processID[117] = 1
  out_processID[118] = 1
  out_processID[119] = 1
  out_processID[120] = 1
  out_processID[121] = 1
  out_processID[122] = 1
  out_processID[123] = 1
  out_processID[124] = 1
  out_processID[125] = 1
  out_processID[126] = 1
  out_processID[127] = 1
  out_processID[128] = 1
  out_processID[129] = 1
  out_processID[130] = 1
  out_processID[131] = 1
  out_processID[132] = 1
  out_processID[133] = 1
  out_processID[134] = 1
  out_processID[135] = 1
  out_processID[136] = 1
  out_processID[137] = 1
  out_processID[138] = 1
  out_processID[139] = 1
  out_processID[140] = 1
  out_processID[141] = 1
  out_processID[142] = 1
  out_processID[143] = 1
  out_processID[144] = 1
  out_yearID[1] = 2020
  out_yearID[2] = 2020
  out_yearID[3] = 2020
  out_yearID[4] = 2020
  out_yearID[5] = 2020
  out_yearID[6] = 2020
  out_yearID[7] = 2020
  out_yearID[8] = 2020
  out_yearID[9] = 2020
  out_yearID[10] = 2020
  out_yearID[11] = 2020
  out_yearID[12] = 2020
  out_yearID[13] = 2020
  out_yearID[14] = 2020
  out_yearID[15] = 2020
  out_yearID[16] = 2020
  out_yearID[17] = 2020
  out_yearID[18] = 2020
  out_yearID[19] = 2020
  out_yearID[20] = 2020
  out_yearID[21] = 2020
  out_yearID[22] = 2020
  out_yearID[23] = 2020
  out_yearID[24] = 2020
  out_yearID[25] = 2020
  out_yearID[26] = 2020
  out_yearID[27] = 2020
  out_yearID[28] = 2020
  out_yearID[29] = 2020
  out_yearID[30] = 2020
  out_yearID[31] = 2020
  out_yearID[32] = 2020
  out_yearID[33] = 2020
  out_yearID[34] = 2020
  out_yearID[35] = 2020
  out_yearID[36] = 2020
  out_yearID[37] = 2020
  out_yearID[38] = 2020
  out_yearID[39] = 2020
  out_yearID[40] = 2020
  out_yearID[41] = 2020
  out_yearID[42] = 2020
  out_yearID[43] = 2020
  out_yearID[44] = 2020
  out_yearID[45] = 2020
  out_yearID[46] = 2020
  out_yearID[47] = 2020
  out_yearID[48] = 2020
  out_yearID[49] = 2020
  out_yearID[50] = 2020
  out_yearID[51] = 2020
  out_yearID[52] = 2020
  out_yearID[53] = 2020
  out_yearID[54] = 2020
  out_yearID[55] = 2020
  out_yearID[56] = 2020
  out_yearID[57] = 2020
  out_yearID[58] = 2020
  out_yearID[59] = 2020
  out_yearID[60] = 2020
  out_yearID[61] = 2020
  out_yearID[62] = 2020
  out_yearID[63] = 2020
  out_yearID[64] = 2020
  out_yearID[65] = 2020
  out_yearID[66] = 2020
  out_yearID[67] = 2020
  out_yearID[68] = 2020
  out_yearID[69] = 2020
  out_yearID[70] = 2020
  out_yearID[71] = 2020
  out_yearID[72] = 2020
  out_yearID[73] = 2020
  out_yearID[74] = 2020
  out_yearID[75] = 2020
  out_yearID[76] = 2020
  out_yearID[77] = 2020
  out_yearID[78] = 2020
  out_yearID[79] = 2020
  out_yearID[80] = 2020
  out_yearID[81] = 2020
  out_yearID[82] = 2020
  out_yearID[83] = 2020
  out_yearID[84] = 2020
  out_yearID[85] = 2020
  out_yearID[86] = 2020
  out_yearID[87] = 2020
  out_yearID[88] = 2020
  out_yearID[89] = 2020
  out_yearID[90] = 2020
  out_yearID[91] = 2020
  out_yearID[92] = 2020
  out_yearID[93] = 2020
  out_yearID[94] = 2020
  out_yearID[95] = 2020
  out_yearID[96] = 2020
  out_yearID[97] = 2020
  out_yearID[98] = 2020
  out_yearID[99] = 2020
  out_yearID[100] = 2020
  out_yearID[101] = 2020
  out_yearID[102] = 2020
  out_yearID[103] = 2020
  out_yearID[104] = 2020
  out_yearID[105] = 2020
  out_yearID[106] = 2020
  out_yearID[107] = 2020
  out_yearID[108] = 2020
  out_yearID[109] = 2020
  out_yearID[110] = 2020
  out_yearID[111] = 2020
  out_yearID[112] = 2020
  out_yearID[113] = 2020
  out_yearID[114] = 2020
  out_yearID[115] = 2020
  out_yearID[116] = 2020
  out_yearID[117] = 2020
  out_yearID[118] = 2020
  out_yearID[119] = 2020
  out_yearID[120] = 2020
  out_yearID[121] = 2020
  out_yearID[122] = 2020
  out_yearID[123] = 2020
  out_yearID[124] = 2020
  out_yearID[125] = 2020
  out_yearID[126] = 2020
  out_yearID[127] = 2020
  out_yearID[128] = 2020
  out_yearID[129] = 2020
  out_yearID[130] = 2020
  out_yearID[131] = 2020
  out_yearID[132] = 2020
  out_yearID[133] = 2020
  out_yearID[134] = 2020
  out_yearID[135] = 2020
  out_yearID[136] = 2020
  out_yearID[137] = 2020
  out_yearID[138] = 2020
  out_yearID[139] = 2020
  out_yearID[140] = 2020
  out_yearID[141] = 2020
  out_yearID[142] = 2020
  out_yearID[143] = 2020
  out_yearID[144] = 2020
  out_monthID[1] = 8
  out_monthID[2] = 8
  out_monthID[3] = 8
  out_monthID[4] = 8
  out_monthID[5] = 8
  out_monthID[6] = 8
  out_monthID[7] = 8
  out_monthID[8] = 8
  out_monthID[9] = 8
  out_monthID[10] = 8
  out_monthID[11] = 8
  out_monthID[12] = 8
  out_monthID[13] = 8
  out_monthID[14] = 8
  out_monthID[15] = 8
  out_monthID[16] = 8
  out_monthID[17] = 8
  out_monthID[18] = 8
  out_monthID[19] = 8
  out_monthID[20] = 8
  out_monthID[21] = 8
  out_monthID[22] = 8
  out_monthID[23] = 8
  out_monthID[24] = 8
  out_monthID[25] = 8
  out_monthID[26] = 8
  out_monthID[27] = 8
  out_monthID[28] = 8
  out_monthID[29] = 8
  out_monthID[30] = 8
  out_monthID[31] = 8
  out_monthID[32] = 8
  out_monthID[33] = 8
  out_monthID[34] = 8
  out_monthID[35] = 8
  out_monthID[36] = 8
  out_monthID[37] = 8
  out_monthID[38] = 8
  out_monthID[39] = 8
  out_monthID[40] = 8
  out_monthID[41] = 8
  out_monthID[42] = 8
  out_monthID[43] = 8
  out_monthID[44] = 8
  out_monthID[45] = 8
  out_monthID[46] = 8
  out_monthID[47] = 8
  out_monthID[48] = 8
  out_monthID[49] = 8
  out_monthID[50] = 8
  out_monthID[51] = 8
  out_monthID[52] = 8
  out_monthID[53] = 8
  out_monthID[54] = 8
  out_monthID[55] = 8
  out_monthID[56] = 8
  out_monthID[57] = 8
  out_monthID[58] = 8
  out_monthID[59] = 8
  out_monthID[60] = 8
  out_monthID[61] = 8
  out_monthID[62] = 8
  out_monthID[63] = 8
  out_monthID[64] = 8
  out_monthID[65] = 8
  out_monthID[66] = 8
  out_monthID[67] = 8
  out_monthID[68] = 8
  out_monthID[69] = 8
  out_monthID[70] = 8
  out_monthID[71] = 8
  out_monthID[72] = 8
  out_monthID[73] = 8
  out_monthID[74] = 8
  out_monthID[75] = 8
  out_monthID[76] = 8
  out_monthID[77] = 8
  out_monthID[78] = 8
  out_monthID[79] = 8
  out_monthID[80] = 8
  out_monthID[81] = 8
  out_monthID[82] = 8
  out_monthID[83] = 8
  out_monthID[84] = 8
  out_monthID[85] = 8
  out_monthID[86] = 8
  out_monthID[87] = 8
  out_monthID[88] = 8
  out_monthID[89] = 8
  out_monthID[90] = 8
  out_monthID[91] = 8
  out_monthID[92] = 8
  out_monthID[93] = 8
  out_monthID[94] = 8
  out_monthID[95] = 8
  out_monthID[96] = 8
  out_monthID[97] = 8
  out_monthID[98] = 8
  out_monthID[99] = 8
  out_monthID[100] = 8
  out_monthID[101] = 8
  out_monthID[102] = 8
  out_monthID[103] = 8
  out_monthID[104] = 8
  out_monthID[105] = 8
  out_monthID[106] = 8
  out_monthID[107] = 8
  out_monthID[108] = 8
  out_monthID[109] = 8
  out_monthID[110] = 8
  out_monthID[111] = 8
  out_monthID[112] = 8
  out_monthID[113] = 8
  out_monthID[114] = 8
  out_monthID[115] = 8
  out_monthID[116] = 8
  out_monthID[117] = 8
  out_monthID[118] = 8
  out_monthID[119] = 8
  out_monthID[120] = 8
  out_monthID[121] = 8
  out_monthID[122] = 8
  out_monthID[123] = 8
  out_monthID[124] = 8
  out_monthID[125] = 8
  out_monthID[126] = 8
  out_monthID[127] = 8
  out_monthID[128] = 8
  out_monthID[129] = 8
  out_monthID[130] = 8
  out_monthID[131] = 8
  out_monthID[132] = 8
  out_monthID[133] = 8
  out_monthID[134] = 8
  out_monthID[135] = 8
  out_monthID[136] = 8
  out_monthID[137] = 8
  out_monthID[138] = 8
  out_monthID[139] = 8
  out_monthID[140] = 8
  out_monthID[141] = 8
  out_monthID[142] = 8
  out_monthID[143] = 8
  out_monthID[144] = 8
  out_dayID[1] = 5
  out_dayID[2] = 5
  out_dayID[3] = 5
  out_dayID[4] = 5
  out_dayID[5] = 5
  out_dayID[6] = 5
  out_dayID[7] = 5
  out_dayID[8] = 5
  out_dayID[9] = 5
  out_dayID[10] = 5
  out_dayID[11] = 5
  out_dayID[12] = 5
  out_dayID[13] = 5
  out_dayID[14] = 5
  out_dayID[15] = 5
  out_dayID[16] = 5
  out_dayID[17] = 5
  out_dayID[18] = 5
  out_dayID[19] = 5
  out_dayID[20] = 5
  out_dayID[21] = 5
  out_dayID[22] = 5
  out_dayID[23] = 5
  out_dayID[24] = 5
  out_dayID[25] = 5
  out_dayID[26] = 5
  out_dayID[27] = 5
  out_dayID[28] = 5
  out_dayID[29] = 5
  out_dayID[30] = 5
  out_dayID[31] = 5
  out_dayID[32] = 5
  out_dayID[33] = 5
  out_dayID[34] = 5
  out_dayID[35] = 5
  out_dayID[36] = 5
  out_dayID[37] = 5
  out_dayID[38] = 5
  out_dayID[39] = 5
  out_dayID[40] = 5
  out_dayID[41] = 5
  out_dayID[42] = 5
  out_dayID[43] = 5
  out_dayID[44] = 5
  out_dayID[45] = 5
  out_dayID[46] = 5
  out_dayID[47] = 5
  out_dayID[48] = 5
  out_dayID[49] = 5
  out_dayID[50] = 5
  out_dayID[51] = 5
  out_dayID[52] = 5
  out_dayID[53] = 5
  out_dayID[54] = 5
  out_dayID[55] = 5
  out_dayID[56] = 5
  out_dayID[57] = 5
  out_dayID[58] = 5
  out_dayID[59] = 5
  out_dayID[60] = 5
  out_dayID[61] = 5
  out_dayID[62] = 5
  out_dayID[63] = 5
  out_dayID[64] = 5
  out_dayID[65] = 5
  out_dayID[66] = 5
  out_dayID[67] = 5
  out_dayID[68] = 5
  out_dayID[69] = 5
  out_dayID[70] = 5
  out_dayID[71] = 5
  out_dayID[72] = 5
  out_dayID[73] = 5
  out_dayID[74] = 5
  out_dayID[75] = 5
  out_dayID[76] = 5
  out_dayID[77] = 5
  out_dayID[78] = 5
  out_dayID[79] = 5
  out_dayID[80] = 5
  out_dayID[81] = 5
  out_dayID[82] = 5
  out_dayID[83] = 5
  out_dayID[84] = 5
  out_dayID[85] = 5
  out_dayID[86] = 5
  out_dayID[87] = 5
  out_dayID[88] = 5
  out_dayID[89] = 5
  out_dayID[90] = 5
  out_dayID[91] = 5
  out_dayID[92] = 5
  out_dayID[93] = 5
  out_dayID[94] = 5
  out_dayID[95] = 5
  out_dayID[96] = 5
  out_dayID[97] = 5
  out_dayID[98] = 5
  out_dayID[99] = 5
  out_dayID[100] = 5
  out_dayID[101] = 5
  out_dayID[102] = 5
  out_dayID[103] = 5
  out_dayID[104] = 5
  out_dayID[105] = 5
  out_dayID[106] = 5
  out_dayID[107] = 5
  out_dayID[108] = 5
  out_dayID[109] = 5
  out_dayID[110] = 5
  out_dayID[111] = 5
  out_dayID[112] = 5
  out_dayID[113] = 5
  out_dayID[114] = 5
  out_dayID[115] = 5
  out_dayID[116] = 5
  out_dayID[117] = 5
  out_dayID[118] = 5
  out_dayID[119] = 5
  out_dayID[120] = 5
  out_dayID[121] = 5
  out_dayID[122] = 5
  out_dayID[123] = 5
  out_dayID[124] = 5
  out_dayID[125] = 5
  out_dayID[126] = 5
  out_dayID[127] = 5
  out_dayID[128] = 5
  out_dayID[129] = 5
  out_dayID[130] = 5
  out_dayID[131] = 5
  out_dayID[132] = 5
  out_dayID[133] = 5
  out_dayID[134] = 5
  out_dayID[135] = 5
  out_dayID[136] = 5
  out_dayID[137] = 5
  out_dayID[138] = 5
  out_dayID[139] = 5
  out_dayID[140] = 5
  out_dayID[141] = 5
  out_dayID[142] = 5
  out_dayID[143] = 5
  out_dayID[144] = 5
  out_countyID[1] = 26161
  out_countyID[2] = 26161
  out_countyID[3] = 26161
  out_countyID[4] = 26161
  out_countyID[5] = 26161
  out_countyID[6] = 26161
  out_countyID[7] = 26161
  out_countyID[8] = 26161
  out_countyID[9] = 26161
  out_countyID[10] = 26161
  out_countyID[11] = 26161
  out_countyID[12] = 26161
  out_countyID[13] = 26161
  out_countyID[14] = 26161
  out_countyID[15] = 26161
  out_countyID[16] = 26161
  out_countyID[17] = 26161
  out_countyID[18] = 26161
  out_countyID[19] = 26161
  out_countyID[20] = 26161
  out_countyID[21] = 26161
  out_countyID[22] = 26161
  out_countyID[23] = 26161
  out_countyID[24] = 26161
  out_countyID[25] = 26161
  out_countyID[26] = 26161
  out_countyID[27] = 26161
  out_countyID[28] = 26161
  out_countyID[29] = 26161
  out_countyID[30] = 26161
  out_countyID[31] = 26161
  out_countyID[32] = 26161
  out_countyID[33] = 26161
  out_countyID[34] = 26161
  out_countyID[35] = 26161
  out_countyID[36] = 26161
  out_countyID[37] = 26161
  out_countyID[38] = 26161
  out_countyID[39] = 26161
  out_countyID[40] = 26161
  out_countyID[41] = 26161
  out_countyID[42] = 26161
  out_countyID[43] = 26161
  out_countyID[44] = 26161
  out_countyID[45] = 26161
  out_countyID[46] = 26161
  out_countyID[47] = 26161
  out_countyID[48] = 26161
  out_countyID[49] = 26161
  out_countyID[50] = 26161
  out_countyID[51] = 26161
  out_countyID[52] = 26161
  out_countyID[53] = 26161
  out_countyID[54] = 26161
  out_countyID[55] = 26161
  out_countyID[56] = 26161
  out_countyID[57] = 26161
  out_countyID[58] = 26161
  out_countyID[59] = 26161
  out_countyID[60] = 26161
  out_countyID[61] = 26161
  out_countyID[62] = 26161
  out_countyID[63] = 26161
  out_countyID[64] = 26161
  out_countyID[65] = 26161
  out_countyID[66] = 26161
  out_countyID[67] = 26161
  out_countyID[68] = 26161
  out_countyID[69] = 26161
  out_countyID[70] = 26161
  out_countyID[71] = 26161
  out_countyID[72] = 26161
  out_countyID[73] = 26161
  out_countyID[74] = 26161
  out_countyID[75] = 26161
  out_countyID[76] = 26161
  out_countyID[77] = 26161
  out_countyID[78] = 26161
  out_countyID[79] = 26161
  out_countyID[80] = 26161
  out_countyID[81] = 26161
  out_countyID[82] = 26161
  out_countyID[83] = 26161
  out_countyID[84] = 26161
  out_countyID[85] = 26161
  out_countyID[86] = 26161
  out_countyID[87] = 26161
  out_countyID[88] = 26161
  out_countyID[89] = 26161
  out_countyID[90] = 26161
  out_countyID[91] = 26161
  out_countyID[92] = 26161
  out_countyID[93] = 26161
  out_countyID[94] = 26161
  out_countyID[95] = 26161
  out_countyID[96] = 26161
  out_countyID[97] = 26161
  out_countyID[98] = 26161
  out_countyID[99] = 26161
  out_countyID[100] = 26161
  out_countyID[101] = 26161
  out_countyID[102] = 26161
  out_countyID[103] = 26161
  out_countyID[104] = 26161
  out_countyID[105] = 26161
  out_countyID[106] = 26161
  out_countyID[107] = 26161
  out_countyID[108] = 26161
  out_countyID[109] = 26161
  out_countyID[110] = 26161
  out_countyID[111] = 26161
  out_countyID[112] = 26161
  out_countyID[113] = 26161
  out_countyID[114] = 26161
  out_countyID[115] = 26161
  out_countyID[116] = 26161
  out_countyID[117] = 26161
  out_countyID[118] = 26161
  out_countyID[119] = 26161
  out_countyID[120] = 26161
  out_countyID[121] = 26161
  out_countyID[122] = 26161
  out_countyID[123] = 26161
  out_countyID[124] = 26161
  out_countyID[125] = 26161
  out_countyID[126] = 26161
  out_countyID[127] = 26161
  out_countyID[128] = 26161
  out_countyID[129] = 26161
  out_countyID[130] = 26161
  out_countyID[131] = 26161
  out_countyID[132] = 26161
  out_countyID[133] = 26161
  out_countyID[134] = 26161
  out_countyID[135] = 26161
  out_countyID[136] = 26161
  out_countyID[137] = 26161
  out_countyID[138] = 26161
  out_countyID[139] = 26161
  out_countyID[140] = 26161
  out_countyID[141] = 26161
  out_countyID[142] = 26161
  out_countyID[143] = 26161
  out_countyID[144] = 26161
  out_hourID[1] = 0
  out_hourID[2] = 0
  out_hourID[3] = 0
  out_hourID[4] = 0
  out_hourID[5] = 0
  out_hourID[6] = 0
  out_hourID[7] = 0
  out_hourID[8] = 0
  out_hourID[9] = 0
  out_hourID[10] = 0
  out_hourID[11] = 0
  out_hourID[12] = 0
  out_hourID[13] = 0
  out_hourID[14] = 0
  out_hourID[15] = 0
  out_hourID[16] = 0
  out_hourID[17] = 0
  out_hourID[18] = 0
  out_hourID[19] = 0
  out_hourID[20] = 0
  out_hourID[21] = 0
  out_hourID[22] = 0
  out_hourID[23] = 0
  out_hourID[24] = 0
  out_hourID[25] = 0
  out_hourID[26] = 0
  out_hourID[27] = 0
  out_hourID[28] = 0
  out_hourID[29] = 0
  out_hourID[30] = 0
  out_hourID[31] = 0
  out_hourID[32] = 0
  out_hourID[33] = 0
  out_hourID[34] = 0
  out_hourID[35] = 0
  out_hourID[36] = 0
  out_hourID[37] = 0
  out_hourID[38] = 0
  out_hourID[39] = 0
  out_hourID[40] = 0
  out_hourID[41] = 0
  out_hourID[42] = 0
  out_hourID[43] = 0
  out_hourID[44] = 0
  out_hourID[45] = 0
  out_hourID[46] = 0
  out_hourID[47] = 0
  out_hourID[48] = 0
  out_hourID[49] = 0
  out_hourID[50] = 0
  out_hourID[51] = 0
  out_hourID[52] = 0
  out_hourID[53] = 0
  out_hourID[54] = 0
  out_hourID[55] = 0
  out_hourID[56] = 0
  out_hourID[57] = 0
  out_hourID[58] = 0
  out_hourID[59] = 0
  out_hourID[60] = 0
  out_hourID[61] = 0
  out_hourID[62] = 0
  out_hourID[63] = 0
  out_hourID[64] = 0
  out_hourID[65] = 0
  out_hourID[66] = 0
  out_hourID[67] = 0
  out_hourID[68] = 0
  out_hourID[69] = 0
  out_hourID[70] = 0
  out_hourID[71] = 0
  out_hourID[72] = 0
  out_hourID[73] = 0
  out_hourID[74] = 0
  out_hourID[75] = 0
  out_hourID[76] = 0
  out_hourID[77] = 0
  out_hourID[78] = 0
  out_hourID[79] = 0
  out_hourID[80] = 0
  out_hourID[81] = 0
  out_hourID[82] = 0
  out_hourID[83] = 0
  out_hourID[84] = 0
  out_hourID[85] = 0
  out_hourID[86] = 0
  out_hourID[87] = 0
  out_hourID[88] = 0
  out_hourID[89] = 0
  out_hourID[90] = 0
  out_hourID[91] = 0
  out_hourID[92] = 0
  out_hourID[93] = 0
  out_hourID[94] = 0
  out_hourID[95] = 0
  out_hourID[96] = 0
  out_hourID[97] = 0
  out_hourID[98] = 0
  out_hourID[99] = 0
  out_hourID[100] = 0
  out_hourID[101] = 0
  out_hourID[102] = 0
  out_hourID[103] = 0
  out_hourID[104] = 0
  out_hourID[105] = 0
  out_hourID[106] = 0
  out_hourID[107] = 0
  out_hourID[108] = 0
  out_hourID[109] = 0
  out_hourID[110] = 0
  out_hourID[111] = 0
  out_hourID[112] = 0
  out_hourID[113] = 0
  out_hourID[114] = 0
  out_hourID[115] = 0
  out_hourID[116] = 0
  out_hourID[117] = 0
  out_hourID[118] = 0
  out_hourID[119] = 0
  out_hourID[120] = 0
  out_hourID[121] = 0
  out_hourID[122] = 0
  out_hourID[123] = 0
  out_hourID[124] = 0
  out_hourID[125] = 0
  out_hourID[126] = 0
  out_hourID[127] = 0
  out_hourID[128] = 0
  out_hourID[129] = 0
  out_hourID[130] = 0
  out_hourID[131] = 0
  out_hourID[132] = 0
  out_hourID[133] = 0
  out_hourID[134] = 0
  out_hourID[135] = 0
  out_hourID[136] = 0
  out_hourID[137] = 0
  out_hourID[138] = 0
  out_hourID[139] = 0
  out_hourID[140] = 0
  out_hourID[141] = 0
  out_hourID[142] = 0
  out_hourID[143] = 0
  out_hourID[144] = 0
  out_stateID[1] = 26
  out_stateID[2] = 26
  out_stateID[3] = 26
  out_stateID[4] = 26
  out_stateID[5] = 26
  out_stateID[6] = 26
  out_stateID[7] = 26
  out_stateID[8] = 26
  out_stateID[9] = 26
  out_stateID[10] = 26
  out_stateID[11] = 26
  out_stateID[12] = 26
  out_stateID[13] = 26
  out_stateID[14] = 26
  out_stateID[15] = 26
  out_stateID[16] = 26
  out_stateID[17] = 26
  out_stateID[18] = 26
  out_stateID[19] = 26
  out_stateID[20] = 26
  out_stateID[21] = 26
  out_stateID[22] = 26
  out_stateID[23] = 26
  out_stateID[24] = 26
  out_stateID[25] = 26
  out_stateID[26] = 26
  out_stateID[27] = 26
  out_stateID[28] = 26
  out_stateID[29] = 26
  out_stateID[30] = 26
  out_stateID[31] = 26
  out_stateID[32] = 26
  out_stateID[33] = 26
  out_stateID[34] = 26
  out_stateID[35] = 26
  out_stateID[36] = 26
  out_stateID[37] = 26
  out_stateID[38] = 26
  out_stateID[39] = 26
  out_stateID[40] = 26
  out_stateID[41] = 26
  out_stateID[42] = 26
  out_stateID[43] = 26
  out_stateID[44] = 26
  out_stateID[45] = 26
  out_stateID[46] = 26
  out_stateID[47] = 26
  out_stateID[48] = 26
  out_stateID[49] = 26
  out_stateID[50] = 26
  out_stateID[51] = 26
  out_stateID[52] = 26
  out_stateID[53] = 26
  out_stateID[54] = 26
  out_stateID[55] = 26
  out_stateID[56] = 26
  out_stateID[57] = 26
  out_stateID[58] = 26
  out_stateID[59] = 26
  out_stateID[60] = 26
  out_stateID[61] = 26
  out_stateID[62] = 26
  out_stateID[63] = 26
  out_stateID[64] = 26
  out_stateID[65] = 26
  out_stateID[66] = 26
  out_stateID[67] = 26
  out_stateID[68] = 26
  out_stateID[69] = 26
  out_stateID[70] = 26
  out_stateID[71] = 26
  out_stateID[72] = 26
  out_stateID[73] = 26
  out_stateID[74] = 26
  out_stateID[75] = 26
  out_stateID[76] = 26
  out_stateID[77] = 26
  out_stateID[78] = 26
  out_stateID[79] = 26
  out_stateID[80] = 26
  out_stateID[81] = 26
  out_stateID[82] = 26
  out_stateID[83] = 26
  out_stateID[84] = 26
  out_stateID[85] = 26
  out_stateID[86] = 26
  out_stateID[87] = 26
  out_stateID[88] = 26
  out_stateID[89] = 26
  out_stateID[90] = 26
  out_stateID[91] = 26
  out_stateID[92] = 26
  out_stateID[93] = 26
  out_stateID[94] = 26
  out_stateID[95] = 26
  out_stateID[96] = 26
  out_stateID[97] = 26
  out_stateID[98] = 26
  out_stateID[99] = 26
  out_stateID[100] = 26
  out_stateID[101] = 26
  out_stateID[102] = 26
  out_stateID[103] = 26
  out_stateID[104] = 26
  out_stateID[105] = 26
  out_stateID[106] = 26
  out_stateID[107] = 26
  out_stateID[108] = 26
  out_stateID[109] = 26
  out_stateID[110] = 26
  out_stateID[111] = 26
  out_stateID[112] = 26
  out_stateID[113] = 26
  out_stateID[114] = 26
  out_stateID[115] = 26
  out_stateID[116] = 26
  out_stateID[117] = 26
  out_stateID[118] = 26
  out_stateID[119] = 26
  out_stateID[120] = 26
  out_stateID[121] = 26
  out_stateID[122] = 26
  out_stateID[123] = 26
  out_stateID[124] = 26
  out_stateID[125] = 26
  out_stateID[126] = 26
  out_stateID[127] = 26
  out_stateID[128] = 26
  out_stateID[129] = 26
  out_stateID[130] = 26
  out_stateID[131] = 26
  out_stateID[132] = 26
  out_stateID[133] = 26
  out_stateID[134] = 26
  out_stateID[135] = 26
  out_stateID[136] = 26
  out_stateID[137] = 26
  out_stateID[138] = 26
  out_stateID[139] = 26
  out_stateID[140] = 26
  out_stateID[141] = 26
  out_stateID[142] = 26
  out_stateID[143] = 26
  out_stateID[144] = 26
  out_fuelTypeID[1] = 1
  out_fuelTypeID[2] = 1
  out_fuelTypeID[3] = 1
  out_fuelTypeID[4] = 1
  out_fuelTypeID[5] = 1
  out_fuelTypeID[6] = 1
  out_fuelTypeID[7] = 1
  out_fuelTypeID[8] = 1
  out_fuelTypeID[9] = 1
  out_fuelTypeID[10] = 1
  out_fuelTypeID[11] = 1
  out_fuelTypeID[12] = 1
  out_fuelTypeID[13] = 1
  out_fuelTypeID[14] = 1
  out_fuelTypeID[15] = 1
  out_fuelTypeID[16] = 1
  out_fuelTypeID[17] = 1
  out_fuelTypeID[18] = 1
  out_fuelTypeID[19] = 1
  out_fuelTypeID[20] = 1
  out_fuelTypeID[21] = 1
  out_fuelTypeID[22] = 1
  out_fuelTypeID[23] = 1
  out_fuelTypeID[24] = 1
  out_fuelTypeID[25] = 1
  out_fuelTypeID[26] = 1
  out_fuelTypeID[27] = 1
  out_fuelTypeID[28] = 1
  out_fuelTypeID[29] = 1
  out_fuelTypeID[30] = 1
  out_fuelTypeID[31] = 1
  out_fuelTypeID[32] = 1
  out_fuelTypeID[33] = 1
  out_fuelTypeID[34] = 1
  out_fuelTypeID[35] = 1
  out_fuelTypeID[36] = 1
  out_fuelTypeID[37] = 1
  out_fuelTypeID[38] = 1
  out_fuelTypeID[39] = 1
  out_fuelTypeID[40] = 1
  out_fuelTypeID[41] = 1
  out_fuelTypeID[42] = 1
  out_fuelTypeID[43] = 1
  out_fuelTypeID[44] = 1
  out_fuelTypeID[45] = 1
  out_fuelTypeID[46] = 1
  out_fuelTypeID[47] = 1
  out_fuelTypeID[48] = 1
  out_fuelTypeID[49] = 1
  out_fuelTypeID[50] = 1
  out_fuelTypeID[51] = 1
  out_fuelTypeID[52] = 1
  out_fuelTypeID[53] = 1
  out_fuelTypeID[54] = 1
  out_fuelTypeID[55] = 1
  out_fuelTypeID[56] = 1
  out_fuelTypeID[57] = 1
  out_fuelTypeID[58] = 1
  out_fuelTypeID[59] = 1
  out_fuelTypeID[60] = 1
  out_fuelTypeID[61] = 1
  out_fuelTypeID[62] = 1
  out_fuelTypeID[63] = 1
  out_fuelTypeID[64] = 1
  out_fuelTypeID[65] = 1
  out_fuelTypeID[66] = 1
  out_fuelTypeID[67] = 1
  out_fuelTypeID[68] = 1
  out_fuelTypeID[69] = 1
  out_fuelTypeID[70] = 1
  out_fuelTypeID[71] = 1
  out_fuelTypeID[72] = 1
  out_fuelTypeID[73] = 1
  out_fuelTypeID[74] = 1
  out_fuelTypeID[75] = 1
  out_fuelTypeID[76] = 1
  out_fuelTypeID[77] = 1
  out_fuelTypeID[78] = 1
  out_fuelTypeID[79] = 1
  out_fuelTypeID[80] = 1
  out_fuelTypeID[81] = 1
  out_fuelTypeID[82] = 1
  out_fuelTypeID[83] = 1
  out_fuelTypeID[84] = 1
  out_fuelTypeID[85] = 1
  out_fuelTypeID[86] = 1
  out_fuelTypeID[87] = 1
  out_fuelTypeID[88] = 1
  out_fuelTypeID[89] = 1
  out_fuelTypeID[90] = 1
  out_fuelTypeID[91] = 1
  out_fuelTypeID[92] = 1
  out_fuelTypeID[93] = 1
  out_fuelTypeID[94] = 1
  out_fuelTypeID[95] = 1
  out_fuelTypeID[96] = 1
  out_fuelTypeID[97] = 1
  out_fuelTypeID[98] = 1
  out_fuelTypeID[99] = 1
  out_fuelTypeID[100] = 1
  out_fuelTypeID[101] = 1
  out_fuelTypeID[102] = 1
  out_fuelTypeID[103] = 1
  out_fuelTypeID[104] = 1
  out_fuelTypeID[105] = 1
  out_fuelTypeID[106] = 1
  out_fuelTypeID[107] = 1
  out_fuelTypeID[108] = 1
  out_fuelTypeID[109] = 1
  out_fuelTypeID[110] = 1
  out_fuelTypeID[111] = 1
  out_fuelTypeID[112] = 1
  out_fuelTypeID[113] = 1
  out_fuelTypeID[114] = 1
  out_fuelTypeID[115] = 1
  out_fuelTypeID[116] = 1
  out_fuelTypeID[117] = 1
  out_fuelTypeID[118] = 1
  out_fuelTypeID[119] = 1
  out_fuelTypeID[120] = 1
  out_fuelTypeID[121] = 1
  out_fuelTypeID[122] = 1
  out_fuelTypeID[123] = 1
  out_fuelTypeID[124] = 1
  out_fuelTypeID[125] = 1
  out_fuelTypeID[126] = 1
  out_fuelTypeID[127] = 1
  out_fuelTypeID[128] = 1
  out_fuelTypeID[129] = 1
  out_fuelTypeID[130] = 1
  out_fuelTypeID[131] = 1
  out_fuelTypeID[132] = 1
  out_fuelTypeID[133] = 1
  out_fuelTypeID[134] = 1
  out_fuelTypeID[135] = 1
  out_fuelTypeID[136] = 1
  out_fuelTypeID[137] = 1
  out_fuelTypeID[138] = 1
  out_fuelTypeID[139] = 1
  out_fuelTypeID[140] = 1
  out_fuelTypeID[141] = 1
  out_fuelTypeID[142] = 1
  out_fuelTypeID[143] = 1
  out_fuelTypeID[144] = 1
  out_zoneID[1] = NaN
  out_zoneID[2] = NaN
  out_zoneID[3] = NaN
  out_zoneID[4] = NaN
  out_zoneID[5] = NaN
  out_zoneID[6] = NaN
  out_zoneID[7] = NaN
  out_zoneID[8] = NaN
  out_zoneID[9] = NaN
  out_zoneID[10] = NaN
  out_zoneID[11] = NaN
  out_zoneID[12] = NaN
  out_zoneID[13] = NaN
  out_zoneID[14] = NaN
  out_zoneID[15] = NaN
  out_zoneID[16] = NaN
  out_zoneID[17] = NaN
  out_zoneID[18] = NaN
  out_zoneID[19] = NaN
  out_zoneID[20] = NaN
  out_zoneID[21] = NaN
  out_zoneID[22] = NaN
  out_zoneID[23] = NaN
  out_zoneID[24] = NaN
  out_zoneID[25] = NaN
  out_zoneID[26] = NaN
  out_zoneID[27] = NaN
  out_zoneID[28] = NaN
  out_zoneID[29] = NaN
  out_zoneID[30] = NaN
  out_zoneID[31] = NaN
  out_zoneID[32] = NaN
  out_zoneID[33] = NaN
  out_zoneID[34] = NaN
  out_zoneID[35] = NaN
  out_zoneID[36] = NaN
  out_zoneID[37] = NaN
  out_zoneID[38] = NaN
  out_zoneID[39] = NaN
  out_zoneID[40] = NaN
  out_zoneID[41] = NaN
  out_zoneID[42] = NaN
  out_zoneID[43] = NaN
  out_zoneID[44] = NaN
  out_zoneID[45] = NaN
  out_zoneID[46] = NaN
  out_zoneID[47] = NaN
  out_zoneID[48] = NaN
  out_zoneID[49] = NaN
  out_zoneID[50] = NaN
  out_zoneID[51] = NaN
  out_zoneID[52] = NaN
  out_zoneID[53] = NaN
  out_zoneID[54] = NaN
  out_zoneID[55] = NaN
  out_zoneID[56] = NaN
  out_zoneID[57] = NaN
  out_zoneID[58] = NaN
  out_zoneID[59] = NaN
  out_zoneID[60] = NaN
  out_zoneID[61] = NaN
  out_zoneID[62] = NaN
  out_zoneID[63] = NaN
  out_zoneID[64] = NaN
  out_zoneID[65] = NaN
  out_zoneID[66] = NaN
  out_zoneID[67] = NaN
  out_zoneID[68] = NaN
  out_zoneID[69] = NaN
  out_zoneID[70] = NaN
  out_zoneID[71] = NaN
  out_zoneID[72] = NaN
  out_zoneID[73] = NaN
  out_zoneID[74] = NaN
  out_zoneID[75] = NaN
  out_zoneID[76] = NaN
  out_zoneID[77] = NaN
  out_zoneID[78] = NaN
  out_zoneID[79] = NaN
  out_zoneID[80] = NaN
  out_zoneID[81] = NaN
  out_zoneID[82] = NaN
  out_zoneID[83] = NaN
  out_zoneID[84] = NaN
  out_zoneID[85] = NaN
  out_zoneID[86] = NaN
  out_zoneID[87] = NaN
  out_zoneID[88] = NaN
  out_zoneID[89] = NaN
  out_zoneID[90] = NaN
  out_zoneID[91] = NaN
  out_zoneID[92] = NaN
  out_zoneID[93] = NaN
  out_zoneID[94] = NaN
  out_zoneID[95] = NaN
  out_zoneID[96] = NaN
  out_zoneID[97] = NaN
  out_zoneID[98] = NaN
  out_zoneID[99] = NaN
  out_zoneID[100] = NaN
  out_zoneID[101] = NaN
  out_zoneID[102] = NaN
  out_zoneID[103] = NaN
  out_zoneID[104] = NaN
  out_zoneID[105] = NaN
  out_zoneID[106] = NaN
  out_zoneID[107] = NaN
  out_zoneID[108] = NaN
  out_zoneID[109] = NaN
  out_zoneID[110] = NaN
  out_zoneID[111] = NaN
  out_zoneID[112] = NaN
  out_zoneID[113] = NaN
  out_zoneID[114] = NaN
  out_zoneID[115] = NaN
  out_zoneID[116] = NaN
  out_zoneID[117] = NaN
  out_zoneID[118] = NaN
  out_zoneID[119] = NaN
  out_zoneID[120] = NaN
  out_zoneID[121] = NaN
  out_zoneID[122] = NaN
  out_zoneID[123] = NaN
  out_zoneID[124] = NaN
  out_zoneID[125] = NaN
  out_zoneID[126] = NaN
  out_zoneID[127] = NaN
  out_zoneID[128] = NaN
  out_zoneID[129] = NaN
  out_zoneID[130] = NaN
  out_zoneID[131] = NaN
  out_zoneID[132] = NaN
  out_zoneID[133] = NaN
  out_zoneID[134] = NaN
  out_zoneID[135] = NaN
  out_zoneID[136] = NaN
  out_zoneID[137] = NaN
  out_zoneID[138] = NaN
  out_zoneID[139] = NaN
  out_zoneID[140] = NaN
  out_zoneID[141] = NaN
  out_zoneID[142] = NaN
  out_zoneID[143] = NaN
  out_zoneID[144] = NaN
  out_linkID[1] = NaN
  out_linkID[2] = NaN
  out_linkID[3] = NaN
  out_linkID[4] = NaN
  out_linkID[5] = NaN
  out_linkID[6] = NaN
  out_linkID[7] = NaN
  out_linkID[8] = NaN
  out_linkID[9] = NaN
  out_linkID[10] = NaN
  out_linkID[11] = NaN
  out_linkID[12] = NaN
  out_linkID[13] = NaN
  out_linkID[14] = NaN
  out_linkID[15] = NaN
  out_linkID[16] = NaN
  out_linkID[17] = NaN
  out_linkID[18] = NaN
  out_linkID[19] = NaN
  out_linkID[20] = NaN
  out_linkID[21] = NaN
  out_linkID[22] = NaN
  out_linkID[23] = NaN
  out_linkID[24] = NaN
  out_linkID[25] = NaN
  out_linkID[26] = NaN
  out_linkID[27] = NaN
  out_linkID[28] = NaN
  out_linkID[29] = NaN
  out_linkID[30] = NaN
  out_linkID[31] = NaN
  out_linkID[32] = NaN
  out_linkID[33] = NaN
  out_linkID[34] = NaN
  out_linkID[35] = NaN
  out_linkID[36] = NaN
  out_linkID[37] = NaN
  out_linkID[38] = NaN
  out_linkID[39] = NaN
  out_linkID[40] = NaN
  out_linkID[41] = NaN
  out_linkID[42] = NaN
  out_linkID[43] = NaN
  out_linkID[44] = NaN
  out_linkID[45] = NaN
  out_linkID[46] = NaN
  out_linkID[47] = NaN
  out_linkID[48] = NaN
  out_linkID[49] = NaN
  out_linkID[50] = NaN
  out_linkID[51] = NaN
  out_linkID[52] = NaN
  out_linkID[53] = NaN
  out_linkID[54] = NaN
  out_linkID[55] = NaN
  out_linkID[56] = NaN
  out_linkID[57] = NaN
  out_linkID[58] = NaN
  out_linkID[59] = NaN
  out_linkID[60] = NaN
  out_linkID[61] = NaN
  out_linkID[62] = NaN
  out_linkID[63] = NaN
  out_linkID[64] = NaN
  out_linkID[65] = NaN
  out_linkID[66] = NaN
  out_linkID[67] = NaN
  out_linkID[68] = NaN
  out_linkID[69] = NaN
  out_linkID[70] = NaN
  out_linkID[71] = NaN
  out_linkID[72] = NaN
  out_linkID[73] = NaN
  out_linkID[74] = NaN
  out_linkID[75] = NaN
  out_linkID[76] = NaN
  out_linkID[77] = NaN
  out_linkID[78] = NaN
  out_linkID[79] = NaN
  out_linkID[80] = NaN
  out_linkID[81] = NaN
  out_linkID[82] = NaN
  out_linkID[83] = NaN
  out_linkID[84] = NaN
  out_linkID[85] = NaN
  out_linkID[86] = NaN
  out_linkID[87] = NaN
  out_linkID[88] = NaN
  out_linkID[89] = NaN
  out_linkID[90] = NaN
  out_linkID[91] = NaN
  out_linkID[92] = NaN
  out_linkID[93] = NaN
  out_linkID[94] = NaN
  out_linkID[95] = NaN
  out_linkID[96] = NaN
  out_linkID[97] = NaN
  out_linkID[98] = NaN
  out_linkID[99] = NaN
  out_linkID[100] = NaN
  out_linkID[101] = NaN
  out_linkID[102] = NaN
  out_linkID[103] = NaN
  out_linkID[104] = NaN
  out_linkID[105] = NaN
  out_linkID[106] = NaN
  out_linkID[107] = NaN
  out_linkID[108] = NaN
  out_linkID[109] = NaN
  out_linkID[110] = NaN
  out_linkID[111] = NaN
  out_linkID[112] = NaN
  out_linkID[113] = NaN
  out_linkID[114] = NaN
  out_linkID[115] = NaN
  out_linkID[116] = NaN
  out_linkID[117] = NaN
  out_linkID[118] = NaN
  out_linkID[119] = NaN
  out_linkID[120] = NaN
  out_linkID[121] = NaN
  out_linkID[122] = NaN
  out_linkID[123] = NaN
  out_linkID[124] = NaN
  out_linkID[125] = NaN
  out_linkID[126] = NaN
  out_linkID[127] = NaN
  out_linkID[128] = NaN
  out_linkID[129] = NaN
  out_linkID[130] = NaN
  out_linkID[131] = NaN
  out_linkID[132] = NaN
  out_linkID[133] = NaN
  out_linkID[134] = NaN
  out_linkID[135] = NaN
  out_linkID[136] = NaN
  out_linkID[137] = NaN
  out_linkID[138] = NaN
  out_linkID[139] = NaN
  out_linkID[140] = NaN
  out_linkID[141] = NaN
  out_linkID[142] = NaN
  out_linkID[143] = NaN
  out_linkID[144] = NaN
  out_sourceTypeID[1] = NaN
  out_sourceTypeID[2] = NaN
  out_sourceTypeID[3] = NaN
  out_sourceTypeID[4] = NaN
  out_sourceTypeID[5] = NaN
  out_sourceTypeID[6] = NaN
  out_sourceTypeID[7] = NaN
  out_sourceTypeID[8] = NaN
  out_sourceTypeID[9] = NaN
  out_sourceTypeID[10] = NaN
  out_sourceTypeID[11] = NaN
  out_sourceTypeID[12] = NaN
  out_sourceTypeID[13] = NaN
  out_sourceTypeID[14] = NaN
  out_sourceTypeID[15] = NaN
  out_sourceTypeID[16] = NaN
  out_sourceTypeID[17] = NaN
  out_sourceTypeID[18] = NaN
  out_sourceTypeID[19] = NaN
  out_sourceTypeID[20] = NaN
  out_sourceTypeID[21] = NaN
  out_sourceTypeID[22] = NaN
  out_sourceTypeID[23] = NaN
  out_sourceTypeID[24] = NaN
  out_sourceTypeID[25] = NaN
  out_sourceTypeID[26] = NaN
  out_sourceTypeID[27] = NaN
  out_sourceTypeID[28] = NaN
  out_sourceTypeID[29] = NaN
  out_sourceTypeID[30] = NaN
  out_sourceTypeID[31] = NaN
  out_sourceTypeID[32] = NaN
  out_sourceTypeID[33] = NaN
  out_sourceTypeID[34] = NaN
  out_sourceTypeID[35] = NaN
  out_sourceTypeID[36] = NaN
  out_sourceTypeID[37] = NaN
  out_sourceTypeID[38] = NaN
  out_sourceTypeID[39] = NaN
  out_sourceTypeID[40] = NaN
  out_sourceTypeID[41] = NaN
  out_sourceTypeID[42] = NaN
  out_sourceTypeID[43] = NaN
  out_sourceTypeID[44] = NaN
  out_sourceTypeID[45] = NaN
  out_sourceTypeID[46] = NaN
  out_sourceTypeID[47] = NaN
  out_sourceTypeID[48] = NaN
  out_sourceTypeID[49] = NaN
  out_sourceTypeID[50] = NaN
  out_sourceTypeID[51] = NaN
  out_sourceTypeID[52] = NaN
  out_sourceTypeID[53] = NaN
  out_sourceTypeID[54] = NaN
  out_sourceTypeID[55] = NaN
  out_sourceTypeID[56] = NaN
  out_sourceTypeID[57] = NaN
  out_sourceTypeID[58] = NaN
  out_sourceTypeID[59] = NaN
  out_sourceTypeID[60] = NaN
  out_sourceTypeID[61] = NaN
  out_sourceTypeID[62] = NaN
  out_sourceTypeID[63] = NaN
  out_sourceTypeID[64] = NaN
  out_sourceTypeID[65] = NaN
  out_sourceTypeID[66] = NaN
  out_sourceTypeID[67] = NaN
  out_sourceTypeID[68] = NaN
  out_sourceTypeID[69] = NaN
  out_sourceTypeID[70] = NaN
  out_sourceTypeID[71] = NaN
  out_sourceTypeID[72] = NaN
  out_sourceTypeID[73] = NaN
  out_sourceTypeID[74] = NaN
  out_sourceTypeID[75] = NaN
  out_sourceTypeID[76] = NaN
  out_sourceTypeID[77] = NaN
  out_sourceTypeID[78] = NaN
  out_sourceTypeID[79] = NaN
  out_sourceTypeID[80] = NaN
  out_sourceTypeID[81] = NaN
  out_sourceTypeID[82] = NaN
  out_sourceTypeID[83] = NaN
  out_sourceTypeID[84] = NaN
  out_sourceTypeID[85] = NaN
  out_sourceTypeID[86] = NaN
  out_sourceTypeID[87] = NaN
  out_sourceTypeID[88] = NaN
  out_sourceTypeID[89] = NaN
  out_sourceTypeID[90] = NaN
  out_sourceTypeID[91] = NaN
  out_sourceTypeID[92] = NaN
  out_sourceTypeID[93] = NaN
  out_sourceTypeID[94] = NaN
  out_sourceTypeID[95] = NaN
  out_sourceTypeID[96] = NaN
  out_sourceTypeID[97] = NaN
  out_sourceTypeID[98] = NaN
  out_sourceTypeID[99] = NaN
  out_sourceTypeID[100] = NaN
  out_sourceTypeID[101] = NaN
  out_sourceTypeID[102] = NaN
  out_sourceTypeID[103] = NaN
  out_sourceTypeID[104] = NaN
  out_sourceTypeID[105] = NaN
  out_sourceTypeID[106] = NaN
  out_sourceTypeID[107] = NaN
  out_sourceTypeID[108] = NaN
  out_sourceTypeID[109] = NaN
  out_sourceTypeID[110] = NaN
  out_sourceTypeID[111] = NaN
  out_sourceTypeID[112] = NaN
  out_sourceTypeID[113] = NaN
  out_sourceTypeID[114] = NaN
  out_sourceTypeID[115] = NaN
  out_sourceTypeID[116] = NaN
  out_sourceTypeID[117] = NaN
  out_sourceTypeID[118] = NaN
  out_sourceTypeID[119] = NaN
  out_sourceTypeID[120] = NaN
  out_sourceTypeID[121] = NaN
  out_sourceTypeID[122] = NaN
  out_sourceTypeID[123] = NaN
  out_sourceTypeID[124] = NaN
  out_sourceTypeID[125] = NaN
  out_sourceTypeID[126] = NaN
  out_sourceTypeID[127] = NaN
  out_sourceTypeID[128] = NaN
  out_sourceTypeID[129] = NaN
  out_sourceTypeID[130] = NaN
  out_sourceTypeID[131] = NaN
  out_sourceTypeID[132] = NaN
  out_sourceTypeID[133] = NaN
  out_sourceTypeID[134] = NaN
  out_sourceTypeID[135] = NaN
  out_sourceTypeID[136] = NaN
  out_sourceTypeID[137] = NaN
  out_sourceTypeID[138] = NaN
  out_sourceTypeID[139] = NaN
  out_sourceTypeID[140] = NaN
  out_sourceTypeID[141] = NaN
  out_sourceTypeID[142] = NaN
  out_sourceTypeID[143] = NaN
  out_sourceTypeID[144] = NaN
  out_regClassID[1] = NaN
  out_regClassID[2] = NaN
  out_regClassID[3] = NaN
  out_regClassID[4] = NaN
  out_regClassID[5] = NaN
  out_regClassID[6] = NaN
  out_regClassID[7] = NaN
  out_regClassID[8] = NaN
  out_regClassID[9] = NaN
  out_regClassID[10] = NaN
  out_regClassID[11] = NaN
  out_regClassID[12] = NaN
  out_regClassID[13] = NaN
  out_regClassID[14] = NaN
  out_regClassID[15] = NaN
  out_regClassID[16] = NaN
  out_regClassID[17] = NaN
  out_regClassID[18] = NaN
  out_regClassID[19] = NaN
  out_regClassID[20] = NaN
  out_regClassID[21] = NaN
  out_regClassID[22] = NaN
  out_regClassID[23] = NaN
  out_regClassID[24] = NaN
  out_regClassID[25] = NaN
  out_regClassID[26] = NaN
  out_regClassID[27] = NaN
  out_regClassID[28] = NaN
  out_regClassID[29] = NaN
  out_regClassID[30] = NaN
  out_regClassID[31] = NaN
  out_regClassID[32] = NaN
  out_regClassID[33] = NaN
  out_regClassID[34] = NaN
  out_regClassID[35] = NaN
  out_regClassID[36] = NaN
  out_regClassID[37] = NaN
  out_regClassID[38] = NaN
  out_regClassID[39] = NaN
  out_regClassID[40] = NaN
  out_regClassID[41] = NaN
  out_regClassID[42] = NaN
  out_regClassID[43] = NaN
  out_regClassID[44] = NaN
  out_regClassID[45] = NaN
  out_regClassID[46] = NaN
  out_regClassID[47] = NaN
  out_regClassID[48] = NaN
  out_regClassID[49] = NaN
  out_regClassID[50] = NaN
  out_regClassID[51] = NaN
  out_regClassID[52] = NaN
  out_regClassID[53] = NaN
  out_regClassID[54] = NaN
  out_regClassID[55] = NaN
  out_regClassID[56] = NaN
  out_regClassID[57] = NaN
  out_regClassID[58] = NaN
  out_regClassID[59] = NaN
  out_regClassID[60] = NaN
  out_regClassID[61] = NaN
  out_regClassID[62] = NaN
  out_regClassID[63] = NaN
  out_regClassID[64] = NaN
  out_regClassID[65] = NaN
  out_regClassID[66] = NaN
  out_regClassID[67] = NaN
  out_regClassID[68] = NaN
  out_regClassID[69] = NaN
  out_regClassID[70] = NaN
  out_regClassID[71] = NaN
  out_regClassID[72] = NaN
  out_regClassID[73] = NaN
  out_regClassID[74] = NaN
  out_regClassID[75] = NaN
  out_regClassID[76] = NaN
  out_regClassID[77] = NaN
  out_regClassID[78] = NaN
  out_regClassID[79] = NaN
  out_regClassID[80] = NaN
  out_regClassID[81] = NaN
  out_regClassID[82] = NaN
  out_regClassID[83] = NaN
  out_regClassID[84] = NaN
  out_regClassID[85] = NaN
  out_regClassID[86] = NaN
  out_regClassID[87] = NaN
  out_regClassID[88] = NaN
  out_regClassID[89] = NaN
  out_regClassID[90] = NaN
  out_regClassID[91] = NaN
  out_regClassID[92] = NaN
  out_regClassID[93] = NaN
  out_regClassID[94] = NaN
  out_regClassID[95] = NaN
  out_regClassID[96] = NaN
  out_regClassID[97] = NaN
  out_regClassID[98] = NaN
  out_regClassID[99] = NaN
  out_regClassID[100] = NaN
  out_regClassID[101] = NaN
  out_regClassID[102] = NaN
  out_regClassID[103] = NaN
  out_regClassID[104] = NaN
  out_regClassID[105] = NaN
  out_regClassID[106] = NaN
  out_regClassID[107] = NaN
  out_regClassID[108] = NaN
  out_regClassID[109] = NaN
  out_regClassID[110] = NaN
  out_regClassID[111] = NaN
  out_regClassID[112] = NaN
  out_regClassID[113] = NaN
  out_regClassID[114] = NaN
  out_regClassID[115] = NaN
  out_regClassID[116] = NaN
  out_regClassID[117] = NaN
  out_regClassID[118] = NaN
  out_regClassID[119] = NaN
  out_regClassID[120] = NaN
  out_regClassID[121] = NaN
  out_regClassID[122] = NaN
  out_regClassID[123] = NaN
  out_regClassID[124] = NaN
  out_regClassID[125] = NaN
  out_regClassID[126] = NaN
  out_regClassID[127] = NaN
  out_regClassID[128] = NaN
  out_regClassID[129] = NaN
  out_regClassID[130] = NaN
  out_regClassID[131] = NaN
  out_regClassID[132] = NaN
  out_regClassID[133] = NaN
  out_regClassID[134] = NaN
  out_regClassID[135] = NaN
  out_regClassID[136] = NaN
  out_regClassID[137] = NaN
  out_regClassID[138] = NaN
  out_regClassID[139] = NaN
  out_regClassID[140] = NaN
  out_regClassID[141] = NaN
  out_regClassID[142] = NaN
  out_regClassID[143] = NaN
  out_regClassID[144] = NaN
  out_fuelSubTypeID[1] = NaN
  out_fuelSubTypeID[2] = NaN
  out_fuelSubTypeID[3] = NaN
  out_fuelSubTypeID[4] = NaN
  out_fuelSubTypeID[5] = NaN
  out_fuelSubTypeID[6] = NaN
  out_fuelSubTypeID[7] = NaN
  out_fuelSubTypeID[8] = NaN
  out_fuelSubTypeID[9] = NaN
  out_fuelSubTypeID[10] = NaN
  out_fuelSubTypeID[11] = NaN
  out_fuelSubTypeID[12] = NaN
  out_fuelSubTypeID[13] = NaN
  out_fuelSubTypeID[14] = NaN
  out_fuelSubTypeID[15] = NaN
  out_fuelSubTypeID[16] = NaN
  out_fuelSubTypeID[17] = NaN
  out_fuelSubTypeID[18] = NaN
  out_fuelSubTypeID[19] = NaN
  out_fuelSubTypeID[20] = NaN
  out_fuelSubTypeID[21] = NaN
  out_fuelSubTypeID[22] = NaN
  out_fuelSubTypeID[23] = NaN
  out_fuelSubTypeID[24] = NaN
  out_fuelSubTypeID[25] = NaN
  out_fuelSubTypeID[26] = NaN
  out_fuelSubTypeID[27] = NaN
  out_fuelSubTypeID[28] = NaN
  out_fuelSubTypeID[29] = NaN
  out_fuelSubTypeID[30] = NaN
  out_fuelSubTypeID[31] = NaN
  out_fuelSubTypeID[32] = NaN
  out_fuelSubTypeID[33] = NaN
  out_fuelSubTypeID[34] = NaN
  out_fuelSubTypeID[35] = NaN
  out_fuelSubTypeID[36] = NaN
  out_fuelSubTypeID[37] = NaN
  out_fuelSubTypeID[38] = NaN
  out_fuelSubTypeID[39] = NaN
  out_fuelSubTypeID[40] = NaN
  out_fuelSubTypeID[41] = NaN
  out_fuelSubTypeID[42] = NaN
  out_fuelSubTypeID[43] = NaN
  out_fuelSubTypeID[44] = NaN
  out_fuelSubTypeID[45] = NaN
  out_fuelSubTypeID[46] = NaN
  out_fuelSubTypeID[47] = NaN
  out_fuelSubTypeID[48] = NaN
  out_fuelSubTypeID[49] = NaN
  out_fuelSubTypeID[50] = NaN
  out_fuelSubTypeID[51] = NaN
  out_fuelSubTypeID[52] = NaN
  out_fuelSubTypeID[53] = NaN
  out_fuelSubTypeID[54] = NaN
  out_fuelSubTypeID[55] = NaN
  out_fuelSubTypeID[56] = NaN
  out_fuelSubTypeID[57] = NaN
  out_fuelSubTypeID[58] = NaN
  out_fuelSubTypeID[59] = NaN
  out_fuelSubTypeID[60] = NaN
  out_fuelSubTypeID[61] = NaN
  out_fuelSubTypeID[62] = NaN
  out_fuelSubTypeID[63] = NaN
  out_fuelSubTypeID[64] = NaN
  out_fuelSubTypeID[65] = NaN
  out_fuelSubTypeID[66] = NaN
  out_fuelSubTypeID[67] = NaN
  out_fuelSubTypeID[68] = NaN
  out_fuelSubTypeID[69] = NaN
  out_fuelSubTypeID[70] = NaN
  out_fuelSubTypeID[71] = NaN
  out_fuelSubTypeID[72] = NaN
  out_fuelSubTypeID[73] = NaN
  out_fuelSubTypeID[74] = NaN
  out_fuelSubTypeID[75] = NaN
  out_fuelSubTypeID[76] = NaN
  out_fuelSubTypeID[77] = NaN
  out_fuelSubTypeID[78] = NaN
  out_fuelSubTypeID[79] = NaN
  out_fuelSubTypeID[80] = NaN
  out_fuelSubTypeID[81] = NaN
  out_fuelSubTypeID[82] = NaN
  out_fuelSubTypeID[83] = NaN
  out_fuelSubTypeID[84] = NaN
  out_fuelSubTypeID[85] = NaN
  out_fuelSubTypeID[86] = NaN
  out_fuelSubTypeID[87] = NaN
  out_fuelSubTypeID[88] = NaN
  out_fuelSubTypeID[89] = NaN
  out_fuelSubTypeID[90] = NaN
  out_fuelSubTypeID[91] = NaN
  out_fuelSubTypeID[92] = NaN
  out_fuelSubTypeID[93] = NaN
  out_fuelSubTypeID[94] = NaN
  out_fuelSubTypeID[95] = NaN
  out_fuelSubTypeID[96] = NaN
  out_fuelSubTypeID[97] = NaN
  out_fuelSubTypeID[98] = NaN
  out_fuelSubTypeID[99] = NaN
  out_fuelSubTypeID[100] = NaN
  out_fuelSubTypeID[101] = NaN
  out_fuelSubTypeID[102] = NaN
  out_fuelSubTypeID[103] = NaN
  out_fuelSubTypeID[104] = NaN
  out_fuelSubTypeID[105] = NaN
  out_fuelSubTypeID[106] = NaN
  out_fuelSubTypeID[107] = NaN
  out_fuelSubTypeID[108] = NaN
  out_fuelSubTypeID[109] = NaN
  out_fuelSubTypeID[110] = NaN
  out_fuelSubTypeID[111] = NaN
  out_fuelSubTypeID[112] = NaN
  out_fuelSubTypeID[113] = NaN
  out_fuelSubTypeID[114] = NaN
  out_fuelSubTypeID[115] = NaN
  out_fuelSubTypeID[116] = NaN
  out_fuelSubTypeID[117] = NaN
  out_fuelSubTypeID[118] = NaN
  out_fuelSubTypeID[119] = NaN
  out_fuelSubTypeID[120] = NaN
  out_fuelSubTypeID[121] = NaN
  out_fuelSubTypeID[122] = NaN
  out_fuelSubTypeID[123] = NaN
  out_fuelSubTypeID[124] = NaN
  out_fuelSubTypeID[125] = NaN
  out_fuelSubTypeID[126] = NaN
  out_fuelSubTypeID[127] = NaN
  out_fuelSubTypeID[128] = NaN
  out_fuelSubTypeID[129] = NaN
  out_fuelSubTypeID[130] = NaN
  out_fuelSubTypeID[131] = NaN
  out_fuelSubTypeID[132] = NaN
  out_fuelSubTypeID[133] = NaN
  out_fuelSubTypeID[134] = NaN
  out_fuelSubTypeID[135] = NaN
  out_fuelSubTypeID[136] = NaN
  out_fuelSubTypeID[137] = NaN
  out_fuelSubTypeID[138] = NaN
  out_fuelSubTypeID[139] = NaN
  out_fuelSubTypeID[140] = NaN
  out_fuelSubTypeID[141] = NaN
  out_fuelSubTypeID[142] = NaN
  out_fuelSubTypeID[143] = NaN
  out_fuelSubTypeID[144] = NaN
  out_engTechID[1] = NaN
  out_engTechID[2] = NaN
  out_engTechID[3] = NaN
  out_engTechID[4] = NaN
  out_engTechID[5] = NaN
  out_engTechID[6] = NaN
  out_engTechID[7] = NaN
  out_engTechID[8] = NaN
  out_engTechID[9] = NaN
  out_engTechID[10] = NaN
  out_engTechID[11] = NaN
  out_engTechID[12] = NaN
  out_engTechID[13] = NaN
  out_engTechID[14] = NaN
  out_engTechID[15] = NaN
  out_engTechID[16] = NaN
  out_engTechID[17] = NaN
  out_engTechID[18] = NaN
  out_engTechID[19] = NaN
  out_engTechID[20] = NaN
  out_engTechID[21] = NaN
  out_engTechID[22] = NaN
  out_engTechID[23] = NaN
  out_engTechID[24] = NaN
  out_engTechID[25] = NaN
  out_engTechID[26] = NaN
  out_engTechID[27] = NaN
  out_engTechID[28] = NaN
  out_engTechID[29] = NaN
  out_engTechID[30] = NaN
  out_engTechID[31] = NaN
  out_engTechID[32] = NaN
  out_engTechID[33] = NaN
  out_engTechID[34] = NaN
  out_engTechID[35] = NaN
  out_engTechID[36] = NaN
  out_engTechID[37] = NaN
  out_engTechID[38] = NaN
  out_engTechID[39] = NaN
  out_engTechID[40] = NaN
  out_engTechID[41] = NaN
  out_engTechID[42] = NaN
  out_engTechID[43] = NaN
  out_engTechID[44] = NaN
  out_engTechID[45] = NaN
  out_engTechID[46] = NaN
  out_engTechID[47] = NaN
  out_engTechID[48] = NaN
  out_engTechID[49] = NaN
  out_engTechID[50] = NaN
  out_engTechID[51] = NaN
  out_engTechID[52] = NaN
  out_engTechID[53] = NaN
  out_engTechID[54] = NaN
  out_engTechID[55] = NaN
  out_engTechID[56] = NaN
  out_engTechID[57] = NaN
  out_engTechID[58] = NaN
  out_engTechID[59] = NaN
  out_engTechID[60] = NaN
  out_engTechID[61] = NaN
  out_engTechID[62] = NaN
  out_engTechID[63] = NaN
  out_engTechID[64] = NaN
  out_engTechID[65] = NaN
  out_engTechID[66] = NaN
  out_engTechID[67] = NaN
  out_engTechID[68] = NaN
  out_engTechID[69] = NaN
  out_engTechID[70] = NaN
  out_engTechID[71] = NaN
  out_engTechID[72] = NaN
  out_engTechID[73] = NaN
  out_engTechID[74] = NaN
  out_engTechID[75] = NaN
  out_engTechID[76] = NaN
  out_engTechID[77] = NaN
  out_engTechID[78] = NaN
  out_engTechID[79] = NaN
  out_engTechID[80] = NaN
  out_engTechID[81] = NaN
  out_engTechID[82] = NaN
  out_engTechID[83] = NaN
  out_engTechID[84] = NaN
  out_engTechID[85] = NaN
  out_engTechID[86] = NaN
  out_engTechID[87] = NaN
  out_engTechID[88] = NaN
  out_engTechID[89] = NaN
  out_engTechID[90] = NaN
  out_engTechID[91] = NaN
  out_engTechID[92] = NaN
  out_engTechID[93] = NaN
  out_engTechID[94] = NaN
  out_engTechID[95] = NaN
  out_engTechID[96] = NaN
  out_engTechID[97] = NaN
  out_engTechID[98] = NaN
  out_engTechID[99] = NaN
  out_engTechID[100] = NaN
  out_engTechID[101] = NaN
  out_engTechID[102] = NaN
  out_engTechID[103] = NaN
  out_engTechID[104] = NaN
  out_engTechID[105] = NaN
  out_engTechID[106] = NaN
  out_engTechID[107] = NaN
  out_engTechID[108] = NaN
  out_engTechID[109] = NaN
  out_engTechID[110] = NaN
  out_engTechID[111] = NaN
  out_engTechID[112] = NaN
  out_engTechID[113] = NaN
  out_engTechID[114] = NaN
  out_engTechID[115] = NaN
  out_engTechID[116] = NaN
  out_engTechID[117] = NaN
  out_engTechID[118] = NaN
  out_engTechID[119] = NaN
  out_engTechID[120] = NaN
  out_engTechID[121] = NaN
  out_engTechID[122] = NaN
  out_engTechID[123] = NaN
  out_engTechID[124] = NaN
  out_engTechID[125] = NaN
  out_engTechID[126] = NaN
  out_engTechID[127] = NaN
  out_engTechID[128] = NaN
  out_engTechID[129] = NaN
  out_engTechID[130] = NaN
  out_engTechID[131] = NaN
  out_engTechID[132] = NaN
  out_engTechID[133] = NaN
  out_engTechID[134] = NaN
  out_engTechID[135] = NaN
  out_engTechID[136] = NaN
  out_engTechID[137] = NaN
  out_engTechID[138] = NaN
  out_engTechID[139] = NaN
  out_engTechID[140] = NaN
  out_engTechID[141] = NaN
  out_engTechID[142] = NaN
  out_engTechID[143] = NaN
  out_engTechID[144] = NaN
  out_sectorID[1] = NaN
  out_sectorID[2] = NaN
  out_sectorID[3] = NaN
  out_sectorID[4] = NaN
  out_sectorID[5] = NaN
  out_sectorID[6] = NaN
  out_sectorID[7] = NaN
  out_sectorID[8] = NaN
  out_sectorID[9] = NaN
  out_sectorID[10] = NaN
  out_sectorID[11] = NaN
  out_sectorID[12] = NaN
  out_sectorID[13] = NaN
  out_sectorID[14] = NaN
  out_sectorID[15] = NaN
  out_sectorID[16] = NaN
  out_sectorID[17] = NaN
  out_sectorID[18] = NaN
  out_sectorID[19] = NaN
  out_sectorID[20] = NaN
  out_sectorID[21] = NaN
  out_sectorID[22] = NaN
  out_sectorID[23] = NaN
  out_sectorID[24] = NaN
  out_sectorID[25] = NaN
  out_sectorID[26] = NaN
  out_sectorID[27] = NaN
  out_sectorID[28] = NaN
  out_sectorID[29] = NaN
  out_sectorID[30] = NaN
  out_sectorID[31] = NaN
  out_sectorID[32] = NaN
  out_sectorID[33] = NaN
  out_sectorID[34] = NaN
  out_sectorID[35] = NaN
  out_sectorID[36] = NaN
  out_sectorID[37] = NaN
  out_sectorID[38] = NaN
  out_sectorID[39] = NaN
  out_sectorID[40] = NaN
  out_sectorID[41] = NaN
  out_sectorID[42] = NaN
  out_sectorID[43] = NaN
  out_sectorID[44] = NaN
  out_sectorID[45] = NaN
  out_sectorID[46] = NaN
  out_sectorID[47] = NaN
  out_sectorID[48] = NaN
  out_sectorID[49] = NaN
  out_sectorID[50] = NaN
  out_sectorID[51] = NaN
  out_sectorID[52] = NaN
  out_sectorID[53] = NaN
  out_sectorID[54] = NaN
  out_sectorID[55] = NaN
  out_sectorID[56] = NaN
  out_sectorID[57] = NaN
  out_sectorID[58] = NaN
  out_sectorID[59] = NaN
  out_sectorID[60] = NaN
  out_sectorID[61] = NaN
  out_sectorID[62] = NaN
  out_sectorID[63] = NaN
  out_sectorID[64] = NaN
  out_sectorID[65] = NaN
  out_sectorID[66] = NaN
  out_sectorID[67] = NaN
  out_sectorID[68] = NaN
  out_sectorID[69] = NaN
  out_sectorID[70] = NaN
  out_sectorID[71] = NaN
  out_sectorID[72] = NaN
  out_sectorID[73] = NaN
  out_sectorID[74] = NaN
  out_sectorID[75] = NaN
  out_sectorID[76] = NaN
  out_sectorID[77] = NaN
  out_sectorID[78] = NaN
  out_sectorID[79] = NaN
  out_sectorID[80] = NaN
  out_sectorID[81] = NaN
  out_sectorID[82] = NaN
  out_sectorID[83] = NaN
  out_sectorID[84] = NaN
  out_sectorID[85] = NaN
  out_sectorID[86] = NaN
  out_sectorID[87] = NaN
  out_sectorID[88] = NaN
  out_sectorID[89] = NaN
  out_sectorID[90] = NaN
  out_sectorID[91] = NaN
  out_sectorID[92] = NaN
  out_sectorID[93] = NaN
  out_sectorID[94] = NaN
  out_sectorID[95] = NaN
  out_sectorID[96] = NaN
  out_sectorID[97] = NaN
  out_sectorID[98] = NaN
  out_sectorID[99] = NaN
  out_sectorID[100] = NaN
  out_sectorID[101] = NaN
  out_sectorID[102] = NaN
  out_sectorID[103] = NaN
  out_sectorID[104] = NaN
  out_sectorID[105] = NaN
  out_sectorID[106] = NaN
  out_sectorID[107] = NaN
  out_sectorID[108] = NaN
  out_sectorID[109] = NaN
  out_sectorID[110] = NaN
  out_sectorID[111] = NaN
  out_sectorID[112] = NaN
  out_sectorID[113] = NaN
  out_sectorID[114] = NaN
  out_sectorID[115] = NaN
  out_sectorID[116] = NaN
  out_sectorID[117] = NaN
  out_sectorID[118] = NaN
  out_sectorID[119] = NaN
  out_sectorID[120] = NaN
  out_sectorID[121] = NaN
  out_sectorID[122] = NaN
  out_sectorID[123] = NaN
  out_sectorID[124] = NaN
  out_sectorID[125] = NaN
  out_sectorID[126] = NaN
  out_sectorID[127] = NaN
  out_sectorID[128] = NaN
  out_sectorID[129] = NaN
  out_sectorID[130] = NaN
  out_sectorID[131] = NaN
  out_sectorID[132] = NaN
  out_sectorID[133] = NaN
  out_sectorID[134] = NaN
  out_sectorID[135] = NaN
  out_sectorID[136] = NaN
  out_sectorID[137] = NaN
  out_sectorID[138] = NaN
  out_sectorID[139] = NaN
  out_sectorID[140] = NaN
  out_sectorID[141] = NaN
  out_sectorID[142] = NaN
  out_sectorID[143] = NaN
  out_sectorID[144] = NaN
  out_hpID[1] = NaN
  out_hpID[2] = NaN
  out_hpID[3] = NaN
  out_hpID[4] = NaN
  out_hpID[5] = NaN
  out_hpID[6] = NaN
  out_hpID[7] = NaN
  out_hpID[8] = NaN
  out_hpID[9] = NaN
  out_hpID[10] = NaN
  out_hpID[11] = NaN
  out_hpID[12] = NaN
  out_hpID[13] = NaN
  out_hpID[14] = NaN
  out_hpID[15] = NaN
  out_hpID[16] = NaN
  out_hpID[17] = NaN
  out_hpID[18] = NaN
  out_hpID[19] = NaN
  out_hpID[20] = NaN
  out_hpID[21] = NaN
  out_hpID[22] = NaN
  out_hpID[23] = NaN
  out_hpID[24] = NaN
  out_hpID[25] = NaN
  out_hpID[26] = NaN
  out_hpID[27] = NaN
  out_hpID[28] = NaN
  out_hpID[29] = NaN
  out_hpID[30] = NaN
  out_hpID[31] = NaN
  out_hpID[32] = NaN
  out_hpID[33] = NaN
  out_hpID[34] = NaN
  out_hpID[35] = NaN
  out_hpID[36] = NaN
  out_hpID[37] = NaN
  out_hpID[38] = NaN
  out_hpID[39] = NaN
  out_hpID[40] = NaN
  out_hpID[41] = NaN
  out_hpID[42] = NaN
  out_hpID[43] = NaN
  out_hpID[44] = NaN
  out_hpID[45] = NaN
  out_hpID[46] = NaN
  out_hpID[47] = NaN
  out_hpID[48] = NaN
  out_hpID[49] = NaN
  out_hpID[50] = NaN
  out_hpID[51] = NaN
  out_hpID[52] = NaN
  out_hpID[53] = NaN
  out_hpID[54] = NaN
  out_hpID[55] = NaN
  out_hpID[56] = NaN
  out_hpID[57] = NaN
  out_hpID[58] = NaN
  out_hpID[59] = NaN
  out_hpID[60] = NaN
  out_hpID[61] = NaN
  out_hpID[62] = NaN
  out_hpID[63] = NaN
  out_hpID[64] = NaN
  out_hpID[65] = NaN
  out_hpID[66] = NaN
  out_hpID[67] = NaN
  out_hpID[68] = NaN
  out_hpID[69] = NaN
  out_hpID[70] = NaN
  out_hpID[71] = NaN
  out_hpID[72] = NaN
  out_hpID[73] = NaN
  out_hpID[74] = NaN
  out_hpID[75] = NaN
  out_hpID[76] = NaN
  out_hpID[77] = NaN
  out_hpID[78] = NaN
  out_hpID[79] = NaN
  out_hpID[80] = NaN
  out_hpID[81] = NaN
  out_hpID[82] = NaN
  out_hpID[83] = NaN
  out_hpID[84] = NaN
  out_hpID[85] = NaN
  out_hpID[86] = NaN
  out_hpID[87] = NaN
  out_hpID[88] = NaN
  out_hpID[89] = NaN
  out_hpID[90] = NaN
  out_hpID[91] = NaN
  out_hpID[92] = NaN
  out_hpID[93] = NaN
  out_hpID[94] = NaN
  out_hpID[95] = NaN
  out_hpID[96] = NaN
  out_hpID[97] = NaN
  out_hpID[98] = NaN
  out_hpID[99] = NaN
  out_hpID[100] = NaN
  out_hpID[101] = NaN
  out_hpID[102] = NaN
  out_hpID[103] = NaN
  out_hpID[104] = NaN
  out_hpID[105] = NaN
  out_hpID[106] = NaN
  out_hpID[107] = NaN
  out_hpID[108] = NaN
  out_hpID[109] = NaN
  out_hpID[110] = NaN
  out_hpID[111] = NaN
  out_hpID[112] = NaN
  out_hpID[113] = NaN
  out_hpID[114] = NaN
  out_hpID[115] = NaN
  out_hpID[116] = NaN
  out_hpID[117] = NaN
  out_hpID[118] = NaN
  out_hpID[119] = NaN
  out_hpID[120] = NaN
  out_hpID[121] = NaN
  out_hpID[122] = NaN
  out_hpID[123] = NaN
  out_hpID[124] = NaN
  out_hpID[125] = NaN
  out_hpID[126] = NaN
  out_hpID[127] = NaN
  out_hpID[128] = NaN
  out_hpID[129] = NaN
  out_hpID[130] = NaN
  out_hpID[131] = NaN
  out_hpID[132] = NaN
  out_hpID[133] = NaN
  out_hpID[134] = NaN
  out_hpID[135] = NaN
  out_hpID[136] = NaN
  out_hpID[137] = NaN
  out_hpID[138] = NaN
  out_hpID[139] = NaN
  out_hpID[140] = NaN
  out_hpID[141] = NaN
  out_hpID[142] = NaN
  out_hpID[143] = NaN
  out_hpID[144] = NaN
  out_emissionQuant[1] = 269.1395263671875
  out_emissionQuant[2] = 1205.139404296875
  out_emissionQuant[3] = 6.923389911651611
  out_emissionQuant[4] = 44.160369873046875
  out_emissionQuant[5] = 71.91162109375
  out_emissionQuant[6] = 322.00225830078125
  out_emissionQuant[7] = 1.8498666286468506
  out_emissionQuant[8] = 11.799247741699219
  out_emissionQuant[9] = 0.000004274963430361822
  out_emissionQuant[10] = 0.00001914221684273798
  out_emissionQuant[11] = 0.00000010996987498401722
  out_emissionQuant[12] = 0.0000007014353400336404
  out_emissionQuant[13] = 1.7840874195098877
  out_emissionQuant[14] = 136.7554931640625
  out_emissionQuant[15] = 0.8513941168785095
  out_emissionQuant[16] = 0.04328478127717972
  out_emissionQuant[17] = 2.1533894538879395
  out_emissionQuant[18] = 154.03329467773438
  out_emissionQuant[19] = 0.9832372665405273
  out_emissionQuant[20] = 0.053351812064647675
  out_emissionQuant[21] = 2.082789659500122
  out_emissionQuant[22] = 141.99192810058594
  out_emissionQuant[23] = 0.9228637218475342
  out_emissionQuant[24] = 0.05230442434549332
  out_emissionQuant[25] = 2.1751906871795654
  out_emissionQuant[26] = 142.57061767578125
  out_emissionQuant[27] = 0.9407817125320435
  out_emissionQuant[28] = 0.055199071764945984
  out_emissionQuant[29] = 3.3074722290039063
  out_emissionQuant[30] = 209.3996124267578
  out_emissionQuant[31] = 1.4007765054702759
  out_emissionQuant[32] = 0.0846739113330841
  out_emissionQuant[33] = 6.006988048553467
  out_emissionQuant[34] = 369.2352294921875
  out_emissionQuant[35] = 2.499504327774048
  out_emissionQuant[36] = 0.15489520132541656
  out_emissionQuant[37] = 3.870396852493286
  out_emissionQuant[38] = 225.0951385498047
  out_emissionQuant[39] = 1.6583271026611328
  out_emissionQuant[40] = 0.09698503464460373
  out_emissionQuant[41] = 12.869661331176758
  out_emissionQuant[42] = 733.108642578125
  out_emissionQuant[43] = 5.4371724128723145
  out_emissionQuant[44] = 0.3238344192504883
  out_emissionQuant[45] = 6.667637348175049
  out_emissionQuant[46] = 356.296630859375
  out_emissionQuant[47] = 2.9160044193267822
  out_emissionQuant[48] = 0.16046161949634552
  out_emissionQuant[49] = 5.976820945739746
  out_emissionQuant[50] = 312.9928283691406
  out_emissionQuant[51] = 2.5732452869415283
  out_emissionQuant[52] = 0.14429372549057007
  out_emissionQuant[53] = 2.061440944671631
  out_emissionQuant[54] = 75.99598693847656
  out_emissionQuant[55] = 1.0135806798934937
  out_emissionQuant[56] = 0.03546004742383957
  out_emissionQuant[57] = 1.6609004735946655
  out_emissionQuant[58] = 61.979942321777344
  out_emissionQuant[59] = 0.7819428443908691
  out_emissionQuant[60] = 0.02709060162305832
  out_emissionQuant[61] = 3.7827248573303223
  out_emissionQuant[62] = 142.76998901367188
  out_emissionQuant[63] = 1.7145929336547852
  out_emissionQuant[64] = 0.05893625319004059
  out_emissionQuant[65] = 0.17012247443199158
  out_emissionQuant[66] = 7.03251314163208
  out_emissionQuant[67] = 0.07721073180437088
  out_emissionQuant[68] = 0.002214862033724785
  out_emissionQuant[69] = 0.14765417575836182
  out_emissionQuant[70] = 6.0789079666137695
  out_emissionQuant[71] = 0.06601130962371826
  out_emissionQuant[72] = 0.001922338968142867
  out_emissionQuant[73] = 0.12904149293899536
  out_emissionQuant[74] = 5.292023181915283
  out_emissionQuant[75] = 0.056858230382204056
  out_emissionQuant[76] = 0.001680013258010149
  out_emissionQuant[77] = 0.12942302227020264
  out_emissionQuant[78] = 4.823294639587402
  out_emissionQuant[79] = 0.035587191581726074
  out_emissionQuant[80] = 0.0014613340608775616
  out_emissionQuant[81] = 0.12718121707439423
  out_emissionQuant[82] = 4.465334415435791
  out_emissionQuant[83] = 0.019506338983774185
  out_emissionQuant[84] = 0.0012174095027148724
  out_emissionQuant[85] = 0.11437991261482239
  out_emissionQuant[86] = 4.012627124786377
  out_emissionQuant[87] = 0.0173586867749691
  out_emissionQuant[88] = 0.0010943413944914937
  out_emissionQuant[89] = 0.09793836623430252
  out_emissionQuant[90] = 3.4331271648406982
  out_emissionQuant[91] = 0.014711652882397175
  out_emissionQuant[92] = 0.0009366275044158101
  out_emissionQuant[93] = 0.04590170085430145
  out_emissionQuant[94] = 1.6078031063079834
  out_emissionQuant[95] = 0.006826503202319145
  out_emissionQuant[96] = 0.00043880718294531107
  out_emissionQuant[97] = 0.0369744598865509
  out_emissionQuant[98] = 1.2931991815567017
  out_emissionQuant[99] = 0.0053941719233989716
  out_emissionQuant[100] = 0.00035323420888744295
  out_emissionQuant[101] = 0.03022150509059429
  out_emissionQuant[102] = 1.0562607049942017
  out_emissionQuant[103] = 0.004368370398879051
  out_emissionQuant[104] = 0.0002886420115828514
  out_emissionQuant[105] = 0.022032808512449265
  out_emissionQuant[106] = 0.7695267796516418
  out_emissionQuant[107] = 0.003156087826937437
  out_emissionQuant[108] = 0.00021038301929365844
  out_emissionQuant[109] = 0.016595102846622467
  out_emissionQuant[110] = 0.5792142748832703
  out_emissionQuant[111] = 0.002356271492317319
  out_emissionQuant[112] = 0.00015842796710785478
  out_emissionQuant[113] = 0.011770540848374367
  out_emissionQuant[114] = 0.41055169701576233
  out_emissionQuant[115] = 0.0016568913124501705
  out_emissionQuant[116] = 0.00011234983685426414
  out_emissionQuant[117] = 0.0075793578289449215
  out_emissionQuant[118] = 0.26419347524642944
  out_emissionQuant[119] = 0.0010579475201666355
  out_emissionQuant[120] = 0.00007233435462694615
  out_emissionQuant[121] = 0.0040411995723843575
  out_emissionQuant[122] = 0.14077453315258026
  out_emissionQuant[123] = 0.0005594408139586449
  out_emissionQuant[124] = 0.00003856293187709525
  out_emissionQuant[125] = 0.001170435338281095
  out_emissionQuant[126] = 0.04075918346643448
  out_emissionQuant[127] = 0.0001613710046513006
  out_emissionQuant[128] = 0.000011168245691806078
  out_emissionQuant[129] = 0.48004376888275146
  out_emissionQuant[130] = 18.224609375
  out_emissionQuant[131] = 0.17902368307113647
  out_emissionQuant[132] = 0.02388155087828636
  out_emissionQuant[133] = 0.1973395049571991
  out_emissionQuant[134] = 8.47601318359375
  out_emissionQuant[135] = 0.07242940366268158
  out_emissionQuant[136] = 0.008017370477318764
  out_emissionQuant[137] = 0.026792582124471664
  out_emissionQuant[138] = 1.33429753780365
  out_emissionQuant[139] = 0.00989034678786993
  out_emissionQuant[140] = 0.0007222448475658894
  out_emissionQuant[141] = 0.004543985705822706
  out_emissionQuant[142] = 0.22225771844387054
  out_emissionQuant[143] = 0.0016611403552815318
  out_emissionQuant[144] = 0.00012289702135603875
Results written to: /projects/illinois/eng/cee/ctessum/ctessum/code/moves.esm-wt-v2/v2-consumer/.v2emit/nr-logging-county.csv
